<html>
<body>
<pre>
<h1>µVision Build Log</h1>
<h2>Tool Versions:</h2>
IDE-Version: ¦ÌVision V5.28.0.0
Copyright (C) 2019 ARM Ltd and ARM Germany GmbH. All rights reserved.
License Information: a liyixin1997@gmail.com, a, LIC=CZLZX-HTHNS-45BT5-GCC2B-LC2L6-R0JQT
 
Tool Versions:
Toolchain:       MDK-ARM Plus  Version: 5.28.0.0
Toolchain Path:  D:\Keil_v5\ARM\ARMCC\Bin
C Compiler:      Armcc.exe V5.06 update 6 (build 750)
Assembler:       Armasm.exe V5.06 update 6 (build 750)
Linker/Locator:  ArmLink.exe V5.06 update 6 (build 750)
Library Manager: ArmAr.exe V5.06 update 6 (build 750)
Hex Converter:   FromElf.exe V5.06 update 6 (build 750)
CPU DLL:         SARMCM3.DLL V5.28.0.0
Dialog DLL:      DCM.DLL V1.17.3.0
Target DLL:      STLink\ST-LINKIII-KEIL_SWO.dll V3.0.6.0
Dialog DLL:      TCM.DLL V1.36.2.0
 
<h2>Project:</h2>
C:\Users\liyix\Desktop\flexlab_main_fw\MDK-ARM\flexlab_main_fw.uvprojx
Project File Date:  09/03/2023

<h2>Output:</h2>
*** Using Compiler 'V5.06 update 6 (build 750)', folder: 'D:\Keil_v5\ARM\ARMCC\Bin'
Build target 'flexlab_main_fw'
compiling Font_STXIHEI_TTF_20_4bpp_13.cpp...
compiling Table_STXIHEI_TTF_20_4bpp.cpp...
compiling LanguageGb.cpp...
compiling Font_STXIHEI_TTF_20_4bpp_18.cpp...
compiling Font_STXIHEI_TTF_20_4bpp_10.cpp...
compiling Font_STXIHEI_TTF_20_4bpp_12.cpp...
compiling Kerning_STXIHEI_TTF_20_4bpp.cpp...
compiling Texts.cpp...
compiling Screen1View.cpp...
../src/gui/include/gui/model/layer_define.h(54): warning:  #1-D: last line of file ends without a newline
  } q_Carbin_StatusTypeDef;
../src/gui/src/screen1_screen/screen1view.cpp: 1 warning, 0 errors
linking...
Program Size: Code=163832 RO-data=3509668 RW-data=644 ZI-data=151296  
FromELF: creating hex file...
"flexlab_main_fw\flexlab_main_fw.axf" - 0 Error(s), 1 Warning(s).

<h2>Software Packages used:</h2>

Package Vendor: ARM
                http://www.keil.com/pack/ARM.CMSIS.5.9.0.pack
                ARM.CMSIS.5.9.0
                CMSIS (Common Microcontroller Software Interface Standard)
   * Component: CORE Version: 5.6.0

Package Vendor: Keil
                http://www.keil.com/pack/Keil.STM32F4xx_DFP.2.16.0.pack
                Keil.STM32F4xx_DFP.2.16.0
                STMicroelectronics STM32F4 Series Device Support, Drivers and Examples

<h2>Collection of Component include folders:</h2>
  .\RTE\_flexlab_main_fw
  D:\Keil_v5\Packs\ARM\CMSIS\5.9.0\CMSIS\Core\Include
  D:\Keil_v5\Packs\Keil\STM32F4xx_DFP\2.16.0\Drivers\CMSIS\Device\ST\STM32F4xx\Include

<h2>Collection of Component Files used:</h2>

   * Component: ARM::CMSIS:CORE:5.6.0
      Include file:  CMSIS\Core\Include\tz_context.h
Build Time Elapsed:  00:00:06
</pre>
</body>
</html>
