Component: ARM Compiler 5.06 update 6 (build 750) Tool: armlink [4d35ed]

==============================================================================

Section Cross References

    startup_stm32f103xb.o(RESET) refers to startup_stm32f103xb.o(STACK) for __initial_sp
    startup_stm32f103xb.o(RESET) refers to startup_stm32f103xb.o(.text) for Reset_Handler
    startup_stm32f103xb.o(RESET) refers to stm32f1xx_it.o(i.NMI_Handler) for NMI_Handler
    startup_stm32f103xb.o(RESET) refers to stm32f1xx_it.o(i.HardFault_Handler) for HardFault_Handler
    startup_stm32f103xb.o(RESET) refers to stm32f1xx_it.o(i.MemManage_Handler) for MemManage_Handler
    startup_stm32f103xb.o(RESET) refers to stm32f1xx_it.o(i.BusFault_Handler) for BusFault_Handler
    startup_stm32f103xb.o(RESET) refers to stm32f1xx_it.o(i.UsageFault_Handler) for UsageFault_Handler
    startup_stm32f103xb.o(RESET) refers to stm32f1xx_it.o(i.SVC_Handler) for SVC_Handler
    startup_stm32f103xb.o(RESET) refers to stm32f1xx_it.o(i.DebugMon_Handler) for DebugMon_Handler
    startup_stm32f103xb.o(RESET) refers to stm32f1xx_it.o(i.PendSV_Handler) for PendSV_Handler
    startup_stm32f103xb.o(RESET) refers to stm32f1xx_it.o(i.SysTick_Handler) for SysTick_Handler
    startup_stm32f103xb.o(RESET) refers to stm32f1xx_it.o(i.EXTI3_IRQHandler) for EXTI3_IRQHandler
    startup_stm32f103xb.o(RESET) refers to stm32f1xx_it.o(i.EXTI4_IRQHandler) for EXTI4_IRQHandler
    startup_stm32f103xb.o(RESET) refers to stm32f1xx_it.o(i.USB_LP_CAN1_RX0_IRQHandler) for USB_LP_CAN1_RX0_IRQHandler
    startup_stm32f103xb.o(RESET) refers to stm32f1xx_it.o(i.EXTI9_5_IRQHandler) for EXTI9_5_IRQHandler
    startup_stm32f103xb.o(RESET) refers to stm32f1xx_it.o(i.TIM1_UP_IRQHandler) for TIM1_UP_IRQHandler
    startup_stm32f103xb.o(.text) refers to system_stm32f1xx.o(i.SystemInit) for SystemInit
    startup_stm32f103xb.o(.text) refers to entry.o(.ARM.Collect$$$$00000000) for __main
    main.o(i.HAL_GPIO_EXTI_Callback) refers to stm32f1xx_hal.o(i.HAL_Delay) for HAL_Delay
    main.o(i.HAL_GPIO_EXTI_Callback) refers to stm32f1xx_hal_gpio.o(i.HAL_GPIO_ReadPin) for HAL_GPIO_ReadPin
    main.o(i.HAL_GPIO_EXTI_Callback) refers to main.o(.data) for .data
    main.o(i.HAL_TIM_PeriodElapsedCallback) refers to uldiv.o(.text) for __aeabi_uldivmod
    main.o(i.HAL_TIM_PeriodElapsedCallback) refers to main.o(.data) for .data
    main.o(i.SystemClock_Config) refers to memseta.o(.text) for __aeabi_memclr4
    main.o(i.SystemClock_Config) refers to stm32f1xx_hal_rcc.o(i.HAL_RCC_OscConfig) for HAL_RCC_OscConfig
    main.o(i.SystemClock_Config) refers to stm32f1xx_hal_rcc.o(i.HAL_RCC_ClockConfig) for HAL_RCC_ClockConfig
    main.o(i.SystemClock_Config) refers to stm32f1xx_hal_rcc_ex.o(i.HAL_RCCEx_PeriphCLKConfig) for HAL_RCCEx_PeriphCLKConfig
    main.o(i.main) refers to stm32f1xx_hal.o(i.HAL_Init) for HAL_Init
    main.o(i.main) refers to main.o(i.SystemClock_Config) for SystemClock_Config
    main.o(i.main) refers to gpio.o(i.MX_GPIO_Init) for MX_GPIO_Init
    main.o(i.main) refers to rtc.o(i.MX_RTC_Init) for MX_RTC_Init
    main.o(i.main) refers to usart.o(i.MX_USART1_UART_Init) for MX_USART1_UART_Init
    main.o(i.main) refers to can.o(i.MX_CAN_Init) for MX_CAN_Init
    main.o(i.main) refers to tim.o(i.MX_TIM1_Init) for MX_TIM1_Init
    main.o(i.main) refers to i2c.o(i.MX_I2C2_Init) for MX_I2C2_Init
    main.o(i.main) refers to tim.o(i.MX_TIM4_Init) for MX_TIM4_Init
    main.o(i.main) refers to i2c_1602.o(i.lcd_1602_init) for lcd_1602_init
    main.o(i.main) refers to relay_485.o(i.relay_485_init) for relay_485_init
    main.o(i.main) refers to stm32f1xx_hal_tim.o(i.HAL_TIM_Base_Start_IT) for HAL_TIM_Base_Start_IT
    main.o(i.main) refers to i2c_1602.o(i.lcd_1602_Setbacklight) for lcd_1602_Setbacklight
    main.o(i.main) refers to i2c_1602.o(i.lcd_1602_printf) for lcd_1602_printf
    main.o(i.main) refers to stm32f1xx_hal_rtc.o(i.HAL_RTC_GetTime) for HAL_RTC_GetTime
    main.o(i.main) refers to main.o(i.set_relay) for set_relay
    main.o(i.main) refers to stm32f1xx_hal_gpio.o(i.HAL_GPIO_WritePin) for HAL_GPIO_WritePin
    main.o(i.main) refers to stm32f1xx_hal_tim.o(i.HAL_TIM_PWM_Start) for HAL_TIM_PWM_Start
    main.o(i.main) refers to stm32f1xx_hal_tim.o(i.HAL_TIM_PWM_Stop) for HAL_TIM_PWM_Stop
    main.o(i.main) refers to relay_485.o(i.relay_485_OnOff) for relay_485_OnOff
    main.o(i.main) refers to can.o(i.Can_TxMessage) for Can_TxMessage
    main.o(i.main) refers to stm32f1xx_hal_rtc.o(i.HAL_RTC_GetDate) for HAL_RTC_GetDate
    main.o(i.main) refers to stm32f1xx_hal.o(i.HAL_Delay) for HAL_Delay
    main.o(i.main) refers to tim.o(.bss) for htim1
    main.o(i.main) refers to main.o(.data) for .data
    main.o(i.main) refers to rtc.o(.bss) for hrtc
    main.o(i.main) refers to main.o(.bss) for .bss
    main.o(i.set_relay) refers to relay_485.o(i.relay_485_OnOff) for relay_485_OnOff
    main.o(i.set_relay) refers to stm32f1xx_hal.o(i.HAL_Delay) for HAL_Delay
[...]
    Removing stm32f1xx_hal_uart.o(i.HAL_UART_DMAStop), (88 bytes).
    Removing stm32f1xx_hal_uart.o(i.HAL_UART_DeInit), (52 bytes).
    Removing stm32f1xx_hal_uart.o(i.HAL_UART_ErrorCallback), (2 bytes).
    Removing stm32f1xx_hal_uart.o(i.HAL_UART_GetError), (4 bytes).
    Removing stm32f1xx_hal_uart.o(i.HAL_UART_GetState), (10 bytes).
    Removing stm32f1xx_hal_uart.o(i.HAL_UART_IRQHandler), (524 bytes).
    Removing stm32f1xx_hal_uart.o(i.HAL_UART_MspDeInit), (2 bytes).
    Removing stm32f1xx_hal_uart.o(i.HAL_UART_MspInit), (2 bytes).
    Removing stm32f1xx_hal_uart.o(i.HAL_UART_Receive), (196 bytes).
    Removing stm32f1xx_hal_uart.o(i.HAL_UART_Receive_DMA), (42 bytes).
    Removing stm32f1xx_hal_uart.o(i.HAL_UART_Receive_IT), (42 bytes).
    Removing stm32f1xx_hal_uart.o(i.HAL_UART_RxCpltCallback), (2 bytes).
    Removing stm32f1xx_hal_uart.o(i.HAL_UART_RxHalfCpltCallback), (2 bytes).
    Removing stm32f1xx_hal_uart.o(i.HAL_UART_Transmit_DMA), (128 bytes).
    Removing stm32f1xx_hal_uart.o(i.HAL_UART_Transmit_IT), (62 bytes).
    Removing stm32f1xx_hal_uart.o(i.HAL_UART_TxCpltCallback), (2 bytes).
    Removing stm32f1xx_hal_uart.o(i.HAL_UART_TxHalfCpltCallback), (2 bytes).
    Removing stm32f1xx_hal_uart.o(i.UART_DMAAbortOnError), (16 bytes).
    Removing stm32f1xx_hal_uart.o(i.UART_DMAError), (74 bytes).
    Removing stm32f1xx_hal_uart.o(i.UART_DMAReceiveCplt), (90 bytes).
    Removing stm32f1xx_hal_uart.o(i.UART_DMARxAbortCallback), (44 bytes).
    Removing stm32f1xx_hal_uart.o(i.UART_DMARxHalfCplt), (26 bytes).
    Removing stm32f1xx_hal_uart.o(i.UART_DMARxOnlyAbortCallback), (22 bytes).
    Removing stm32f1xx_hal_uart.o(i.UART_DMATransmitCplt), (46 bytes).
    Removing stm32f1xx_hal_uart.o(i.UART_DMATxAbortCallback), (44 bytes).
    Removing stm32f1xx_hal_uart.o(i.UART_DMATxHalfCplt), (10 bytes).
    Removing stm32f1xx_hal_uart.o(i.UART_DMATxOnlyAbortCallback), (20 bytes).
    Removing stm32f1xx_hal_uart.o(i.UART_EndRxTransfer), (48 bytes).
    Removing stm32f1xx_hal_uart.o(i.UART_EndTxTransfer), (18 bytes).
    Removing stm32f1xx_hal_uart.o(i.UART_Receive_IT), (182 bytes).
    Removing stm32f1xx_hal_uart.o(i.UART_Start_Receive_DMA), (116 bytes).
    Removing stm32f1xx_hal_uart.o(i.UART_Start_Receive_IT), (54 bytes).
    Removing system_stm32f1xx.o(.rev16_text), (4 bytes).
    Removing system_stm32f1xx.o(.revsh_text), (4 bytes).
    Removing system_stm32f1xx.o(.rrx_text), (6 bytes).
    Removing system_stm32f1xx.o(i.SystemCoreClockUpdate), (104 bytes).

510 unused section(s) (total 39583 bytes) removed from the image.

==============================================================================

Image Symbol Table

    Local Symbols

    Symbol Name                              Value     Ov Type        Size  Object(Section)

    ../Core/Src/can.c                        0x00000000   Number         0  can.o ABSOLUTE
    ../Core/Src/gpio.c                       0x00000000   Number         0  gpio.o ABSOLUTE
    ../Core/Src/i2c.c                        0x00000000   Number         0  i2c.o ABSOLUTE
    ../Core/Src/main.c                       0x00000000   Number         0  main.o ABSOLUTE
    ../Core/Src/rtc.c                        0x00000000   Number         0  rtc.o ABSOLUTE
    ../Core/Src/stm32f1xx_hal_msp.c          0x00000000   Number         0  stm32f1xx_hal_msp.o ABSOLUTE
    ../Core/Src/stm32f1xx_it.c               0x00000000   Number         0  stm32f1xx_it.o ABSOLUTE
    ../Core/Src/system_stm32f1xx.c           0x00000000   Number         0  system_stm32f1xx.o ABSOLUTE
    ../Core/Src/tim.c                        0x00000000   Number         0  tim.o ABSOLUTE
    ../Core/Src/usart.c                      0x00000000   Number         0  usart.o ABSOLUTE
    ../Drivers/STM32F1xx_HAL_Driver/Src/stm32f1xx_hal.c 0x00000000   Number         0  stm32f1xx_hal.o ABSOLUTE
    ../Drivers/STM32F1xx_HAL_Driver/Src/stm32f1xx_hal_can.c 0x00000000   Number         0  stm32f1xx_hal_can.o ABSOLUTE
    ../Drivers/STM32F1xx_HAL_Driver/Src/stm32f1xx_hal_cortex.c 0x00000000   Number         0  stm32f1xx_hal_cortex.o ABSOLUTE
    ../Drivers/STM32F1xx_HAL_Driver/Src/stm32f1xx_hal_dma.c 0x00000000   Number         0  stm32f1xx_hal_dma.o ABSOLUTE
    ../Drivers/STM32F1xx_HAL_Driver/Src/stm32f1xx_hal_exti.c 0x00000000   Number         0  stm32f1xx_hal_exti.o ABSOLUTE
    ../Drivers/STM32F1xx_HAL_Driver/Src/stm32f1xx_hal_flash.c 0x00000000   Number         0  stm32f1xx_hal_flash.o ABSOLUTE
    ../Drivers/STM32F1xx_HAL_Driver/Src/stm32f1xx_hal_flash_ex.c 0x00000000   Number         0  stm32f1xx_hal_flash_ex.o ABSOLUTE
    ../Drivers/STM32F1xx_HAL_Driver/Src/stm32f1xx_hal_gpio.c 0x00000000   Number         0  stm32f1xx_hal_gpio.o ABSOLUTE
    ../Drivers/STM32F1xx_HAL_Driver/Src/stm32f1xx_hal_gpio_ex.c 0x00000000   Number         0  stm32f1xx_hal_gpio_ex.o ABSOLUTE
    ../Drivers/STM32F1xx_HAL_Driver/Src/stm32f1xx_hal_i2c.c 0x00000000   Number         0  stm32f1xx_hal_i2c.o ABSOLUTE
    ../Drivers/STM32F1xx_HAL_Driver/Src/stm32f1xx_hal_pwr.c 0x00000000   Number         0  stm32f1xx_hal_pwr.o ABSOLUTE
    ../Drivers/STM32F1xx_HAL_Driver/Src/stm32f1xx_hal_rcc.c 0x00000000   Number         0  stm32f1xx_hal_rcc.o ABSOLUTE
    ../Drivers/STM32F1xx_HAL_Driver/Src/stm32f1xx_hal_rcc_ex.c 0x00000000   Number         0  stm32f1xx_hal_rcc_ex.o ABSOLUTE
    ../Drivers/STM32F1xx_HAL_Driver/Src/stm32f1xx_hal_rtc.c 0x00000000   Number         0  stm32f1xx_hal_rtc.o ABSOLUTE
    ../Drivers/STM32F1xx_HAL_Driver/Src/stm32f1xx_hal_rtc_ex.c 0x00000000   Number         0  stm32f1xx_hal_rtc_ex.o ABSOLUTE
    ../Drivers/STM32F1xx_HAL_Driver/Src/stm32f1xx_hal_tim.c 0x00000000   Number         0  stm32f1xx_hal_tim.o ABSOLUTE
    ../Drivers/STM32F1xx_HAL_Driver/Src/stm32f1xx_hal_tim_ex.c 0x00000000   Number         0  stm32f1xx_hal_tim_ex.o ABSOLUTE
    ../Drivers/STM32F1xx_HAL_Driver/Src/stm32f1xx_hal_uart.c 0x00000000   Number         0  stm32f1xx_hal_uart.o ABSOLUTE
    ../clib/microlib/division.c              0x00000000   Number         0  uldiv.o ABSOLUTE
    ../clib/microlib/division.c              0x00000000   Number         0  uidiv.o ABSOLUTE
    ../clib/microlib/init/entry.s            0x00000000   Number         0  entry.o ABSOLUTE
    ../clib/microlib/init/entry.s            0x00000000   Number         0  entry7a.o ABSOLUTE
    ../clib/microlib/init/entry.s            0x00000000   Number         0  entry7b.o ABSOLUTE
    ../clib/microlib/init/entry.s            0x00000000   Number         0  entry11b.o ABSOLUTE
    ../clib/microlib/init/entry.s            0x00000000   Number         0  entry11a.o ABSOLUTE
    ../clib/microlib/init/entry.s            0x00000000   Number         0  entry10b.o ABSOLUTE
    ../clib/microlib/init/entry.s            0x00000000   Number         0  entry8b.o ABSOLUTE
    ../clib/microlib/init/entry.s            0x00000000   Number         0  entry10a.o ABSOLUTE
    ../clib/microlib/init/entry.s            0x00000000   Number         0  entry9b.o ABSOLUTE
    ../clib/microlib/init/entry.s            0x00000000   Number         0  entry9a.o ABSOLUTE
    ../clib/microlib/init/entry.s            0x00000000   Number         0  entry5.o ABSOLUTE
    ../clib/microlib/init/entry.s            0x00000000   Number         0  entry2.o ABSOLUTE
    ../clib/microlib/init/entry.s            0x00000000   Number         0  entry8a.o ABSOLUTE
    ../clib/microlib/longlong.c              0x00000000   Number         0  llshl.o ABSOLUTE
    ../clib/microlib/longlong.c              0x00000000   Number         0  llushr.o ABSOLUTE
    ../clib/microlib/longlong.c              0x00000000   Number         0  llsshr.o ABSOLUTE
    ../clib/microlib/printf/printf.c         0x00000000   Number         0  printfa.o ABSOLUTE
    ../clib/microlib/stdio/fputc.c           0x00000000   Number         0  fputc.o ABSOLUTE
    ../clib/microlib/stdio/semi.s            0x00000000   Number         0  semi.o ABSOLUTE
    ../clib/microlib/stdio/streams.c         0x00000000   Number         0  stdout.o ABSOLUTE
    ../clib/microlib/string/memset.c         0x00000000   Number         0  memseta.o ABSOLUTE
    ../clib/microlib/string/strlen.c         0x00000000   Number         0  strlen.o ABSOLUTE
    ../clib/microlib/stubs.s                 0x00000000   Number         0  iusefp.o ABSOLUTE
    ../clib/microlib/stubs.s                 0x00000000   Number         0  iusesemip.o ABSOLUTE
    ../fplib/microlib/fpadd.c                0x00000000   Number         0  dadd.o ABSOLUTE
    ../fplib/microlib/fpdiv.c                0x00000000   Number         0  ddiv.o ABSOLUTE
    ../fplib/microlib/fpepilogue.c           0x00000000   Number         0  depilogue.o ABSOLUTE
    ../fplib/microlib/fpfix.c                0x00000000   Number         0  dfixul.o ABSOLUTE
    ../fplib/microlib/fpmul.c                0x00000000   Number         0  dmul.o ABSOLUTE
    ..\Core\Src\can.c                        0x00000000   Number         0  can.o ABSOLUTE
    ..\Core\Src\gpio.c                       0x00000000   Number         0  gpio.o ABSOLUTE
    ..\Core\Src\i2c.c                        0x00000000   Number         0  i2c.o ABSOLUTE
    ..\Core\Src\main.c                       0x00000000   Number         0  main.o ABSOLUTE
    ..\Core\Src\rtc.c                        0x00000000   Number         0  rtc.o ABSOLUTE
    ..\Core\Src\stm32f1xx_hal_msp.c          0x00000000   Number         0  stm32f1xx_hal_msp.o ABSOLUTE
    ..\Core\Src\stm32f1xx_it.c               0x00000000   Number         0  stm32f1xx_it.o ABSOLUTE
    ..\Core\Src\system_stm32f1xx.c           0x00000000   Number         0  system_stm32f1xx.o ABSOLUTE
    ..\Core\Src\tim.c                        0x00000000   Number         0  tim.o ABSOLUTE
    ..\Core\Src\usart.c                      0x00000000   Number         0  usart.o ABSOLUTE
    ..\Drivers\STM32F1xx_HAL_Driver\Src\stm32f1xx_hal.c 0x00000000   Number         0  stm32f1xx_hal.o ABSOLUTE
    ..\Drivers\STM32F1xx_HAL_Driver\Src\stm32f1xx_hal_can.c 0x00000000   Number         0  stm32f1xx_hal_can.o ABSOLUTE
    ..\Drivers\STM32F1xx_HAL_Driver\Src\stm32f1xx_hal_cortex.c 0x00000000   Number         0  stm32f1xx_hal_cortex.o ABSOLUTE
    ..\Drivers\STM32F1xx_HAL_Driver\Src\stm32f1xx_hal_dma.c 0x00000000   Number         0  stm32f1xx_hal_dma.o ABSOLUTE
    ..\Drivers\STM32F1xx_HAL_Driver\Src\stm32f1xx_hal_exti.c 0x00000000   Number         0  stm32f1xx_hal_exti.o ABSOLUTE
    ..\Drivers\STM32F1xx_HAL_Driver\Src\stm32f1xx_hal_flash.c 0x00000000   Number         0  stm32f1xx_hal_flash.o ABSOLUTE
    ..\Drivers\STM32F1xx_HAL_Driver\Src\stm32f1xx_hal_flash_ex.c 0x00000000   Number         0  stm32f1xx_hal_flash_ex.o ABSOLUTE
    ..\Drivers\STM32F1xx_HAL_Driver\Src\stm32f1xx_hal_gpio.c 0x00000000   Number         0  stm32f1xx_hal_gpio.o ABSOLUTE
    ..\Drivers\STM32F1xx_HAL_Driver\Src\stm32f1xx_hal_gpio_ex.c 0x00000000   Number         0  stm32f1xx_hal_gpio_ex.o ABSOLUTE
    ..\Drivers\STM32F1xx_HAL_Driver\Src\stm32f1xx_hal_i2c.c 0x00000000   Number         0  stm32f1xx_hal_i2c.o ABSOLUTE
    ..\Drivers\STM32F1xx_HAL_Driver\Src\stm32f1xx_hal_pwr.c 0x00000000   Number         0  stm32f1xx_hal_pwr.o ABSOLUTE
    ..\Drivers\STM32F1xx_HAL_Driver\Src\stm32f1xx_hal_rcc.c 0x00000000   Number         0  stm32f1xx_hal_rcc.o ABSOLUTE
    ..\Drivers\STM32F1xx_HAL_Driver\Src\stm32f1xx_hal_rcc_ex.c 0x00000000   Number         0  stm32f1xx_hal_rcc_ex.o ABSOLUTE
    ..\Drivers\STM32F1xx_HAL_Driver\Src\stm32f1xx_hal_rtc.c 0x00000000   Number         0  stm32f1xx_hal_rtc.o ABSOLUTE
    ..\Drivers\STM32F1xx_HAL_Driver\Src\stm32f1xx_hal_rtc_ex.c 0x00000000   Number         0  stm32f1xx_hal_rtc_ex.o ABSOLUTE
    ..\Drivers\STM32F1xx_HAL_Driver\Src\stm32f1xx_hal_tim.c 0x00000000   Number         0  stm32f1xx_hal_tim.o ABSOLUTE
    ..\Drivers\STM32F1xx_HAL_Driver\Src\stm32f1xx_hal_tim_ex.c 0x00000000   Number         0  stm32f1xx_hal_tim_ex.o ABSOLUTE
    ..\Drivers\STM32F1xx_HAL_Driver\Src\stm32f1xx_hal_uart.c 0x00000000   Number         0  stm32f1xx_hal_uart.o ABSOLUTE
    ..\Hardware\I2C_1602\I2C_1602.c          0x00000000   Number         0  i2c_1602.o ABSOLUTE
    ..\Hardware\key\key.c                    0x00000000   Number         0  key.o ABSOLUTE
    ..\Hardware\relay_485\relay_485.c        0x00000000   Number         0  relay_485.o ABSOLUTE
    ..\\Hardware\\I2C_1602\\I2C_1602.c       0x00000000   Number         0  i2c_1602.o ABSOLUTE
    ..\\Hardware\\key\\key.c                 0x00000000   Number         0  key.o ABSOLUTE
    ..\\Hardware\\relay_485\\relay_485.c     0x00000000   Number         0  relay_485.o ABSOLUTE
    cdrcmple.s                               0x00000000   Number         0  cdrcmple.o ABSOLUTE
    dc.s                                     0x00000000   Number         0  dc.o ABSOLUTE
    handlers.s                               0x00000000   Number         0  handlers.o ABSOLUTE
    init.s                                   0x00000000   Number         0  init.o ABSOLUTE
    startup_stm32f103xb.s                    0x00000000   Number         0  startup_stm32f103xb.o ABSOLUTE
    RESET                                    0x08000000   Section      236  startup_stm32f103xb.o(RESET)
    .ARM.Collect$$$$00000000                 0x080000ec   Section        0  entry.o(.ARM.Collect$$$$00000000)
    .ARM.Collect$$$$00000001                 0x080000ec   Section        4  entry2.o(.ARM.Collect$$$$00000001)
    .ARM.Collect$$$$00000004                 0x080000f0   Section        4  entry5.o(.ARM.Collect$$$$00000004)
    .ARM.Collect$$$$00000008                 0x080000f4   Section        0  entry7b.o(.ARM.Collect$$$$00000008)
    .ARM.Collect$$$$0000000A                 0x080000f4   Section        0  entry8b.o(.ARM.Collect$$$$0000000A)
    .ARM.Collect$$$$0000000B                 0x080000f4   Section        8  entry9a.o(.ARM.Collect$$$$0000000B)
    .ARM.Collect$$$$0000000D                 0x080000fc   Section        0  entry10a.o(.ARM.Collect$$$$0000000D)
    .ARM.Collect$$$$0000000F                 0x080000fc   Section        0  entry11a.o(.ARM.Collect$$$$0000000F)
    .ARM.Collect$$$$00002712                 0x080000fc   Section        4  entry2.o(.ARM.Collect$$$$00002712)
    __lit__00000000                          0x080000fc   Data           4  entry2.o(.ARM.Collect$$$$00002712)
    .text                                    0x08000100   Section       36  startup_stm32f103xb.o(.text)
    .text                                    0x08000124   Section        0  uldiv.o(.text)
    .text                                    0x08000186   Section        0  llushr.o(.text)
    .text                                    0x080001a6   Section        0  memseta.o(.text)
    .text                                    0x080001ca   Section        0  strlen.o(.text)
    .text                                    0x080001d8   Section        0  uidiv.o(.text)
    .text                                    0x08000204   Section        0  llshl.o(.text)
    .text                                    0x08000222   Section        0  dadd.o(.text)
    .text                                    0x08000222   Section        0  iusefp.o(.text)
    .text                                    0x08000370   Section        0  dmul.o(.text)
    .text                                    0x08000454   Section        0  ddiv.o(.text)
    .text                                    0x08000532   Section        0  dfixul.o(.text)
    .text                                    0x08000564   Section       48  cdrcmple.o(.text)
    .text                                    0x08000594   Section       36  init.o(.text)
    .text                                    0x080005b8   Section        0  llsshr.o(.text)
    .text                                    0x080005dc   Section        0  depilogue.o(.text)
    i.BusFault_Handler                       0x08000696   Section        0  stm32f1xx_it.o(i.BusFault_Handler)
    i.CAN1_IDMASKConfig                      0x08000698   Section        0  can.o(i.CAN1_IDMASKConfig)
    i.Can_TxMessage                          0x080006f4   Section        0  can.o(i.Can_TxMessage)
    i.DebugMon_Handler                       0x08000750   Section        0  stm32f1xx_it.o(i.DebugMon_Handler)
    i.Disp_XY                                0x08000752   Section        0  i2c_1602.o(i.Disp_XY)
    Disp_XY                                  0x08000753   Thumb Code    24  i2c_1602.o(i.Disp_XY)
    i.EXTI3_IRQHandler                       0x0800076a   Section        0  stm32f1xx_it.o(i.EXTI3_IRQHandler)
    i.EXTI4_IRQHandler                       0x08000770   Section        0  stm32f1xx_it.o(i.EXTI4_IRQHandler)
    i.EXTI9_5_IRQHandler                     0x08000776   Section        0  stm32f1xx_it.o(i.EXTI9_5_IRQHandler)
    i.Error_Handler                          0x0800077c   Section        0  main.o(i.Error_Handler)
    i.HAL_CAN_ActivateNotification           0x08000780   Section        0  stm32f1xx_hal_can.o(i.HAL_CAN_ActivateNotification)
    i.HAL_CAN_AddTxMessage                   0x080007a4   Section        0  stm32f1xx_hal_can.o(i.HAL_CAN_AddTxMessage)
    i.HAL_CAN_ConfigFilter                   0x0800086c   Section        0  stm32f1xx_hal_can.o(i.HAL_CAN_ConfigFilter)
    i.HAL_CAN_ErrorCallback                  0x08000958   Section        0  stm32f1xx_hal_can.o(i.HAL_CAN_ErrorCallback)
    i.HAL_CAN_GetRxMessage                   0x0800095a   Section        0  stm32f1xx_hal_can.o(i.HAL_CAN_GetRxMessage)
    i.HAL_CAN_GetTxMailboxesFreeLevel        0x08000a42   Section        0  stm32f1xx_hal_can.o(i.HAL_CAN_GetTxMailboxesFreeLevel)
    i.HAL_CAN_IRQHandler                     0x08000a6e   Section        0  stm32f1xx_hal_can.o(i.HAL_CAN_IRQHandler)
    i.HAL_CAN_Init                           0x08000c6a   Section        0  stm32f1xx_hal_can.o(i.HAL_CAN_Init)
    i.HAL_CAN_MspInit                        0x08000d84   Section        0  can.o(i.HAL_CAN_MspInit)
    i.HAL_CAN_RxFifo0FullCallback            0x08000e00   Section        0  stm32f1xx_hal_can.o(i.HAL_CAN_RxFifo0FullCallback)
    i.HAL_CAN_RxFifo0MsgPendingCallback      0x08000e04   Section        0  can.o(i.HAL_CAN_RxFifo0MsgPendingCallback)
    i.HAL_CAN_RxFifo1FullCallback            0x08000f30   Section        0  stm32f1xx_hal_can.o(i.HAL_CAN_RxFifo1FullCallback)
    i.HAL_CAN_RxFifo1MsgPendingCallback      0x08000f32   Section        0  stm32f1xx_hal_can.o(i.HAL_CAN_RxFifo1MsgPendingCallback)
    i.HAL_CAN_SleepCallback                  0x08000f34   Section        0  stm32f1xx_hal_can.o(i.HAL_CAN_SleepCallback)
    i.HAL_CAN_Start                          0x08000f36   Section        0  stm32f1xx_hal_can.o(i.HAL_CAN_Start)
    i.HAL_CAN_TxMailbox0AbortCallback        0x08000f8c   Section        0  stm32f1xx_hal_can.o(i.HAL_CAN_TxMailbox0AbortCallback)
    i.HAL_CAN_TxMailbox0CompleteCallback     0x08000f8e   Section        0  stm32f1xx_hal_can.o(i.HAL_CAN_TxMailbox0CompleteCallback)
    i.HAL_CAN_TxMailbox1AbortCallback        0x08000f90   Section        0  stm32f1xx_hal_can.o(i.HAL_CAN_TxMailbox1AbortCallback)
    i.HAL_CAN_TxMailbox1CompleteCallback     0x08000f92   Section        0  stm32f1xx_hal_can.o(i.HAL_CAN_TxMailbox1CompleteCallback)
    i.HAL_CAN_TxMailbox2AbortCallback        0x08000f94   Section        0  stm32f1xx_hal_can.o(i.HAL_CAN_TxMailbox2AbortCallback)
    i.HAL_CAN_TxMailbox2CompleteCallback     0x08000f96   Section        0  stm32f1xx_hal_can.o(i.HAL_CAN_TxMailbox2CompleteCallback)
    i.HAL_CAN_WakeUpFromRxMsgCallback        0x08000f98   Section        0  stm32f1xx_hal_can.o(i.HAL_CAN_WakeUpFromRxMsgCallback)
    i.HAL_Delay                              0x08000f9c   Section        0  stm32f1xx_hal.o(i.HAL_Delay)
    i.HAL_GPIO_EXTI_Callback                 0x08000fc0   Section        0  main.o(i.HAL_GPIO_EXTI_Callback)
    i.HAL_GPIO_EXTI_IRQHandler               0x08001004   Section        0  stm32f1xx_hal_gpio.o(i.HAL_GPIO_EXTI_IRQHandler)
    i.HAL_GPIO_Init                          0x0800101c   Section        0  stm32f1xx_hal_gpio.o(i.HAL_GPIO_Init)
    i.HAL_GPIO_ReadPin                       0x080011e8   Section        0  stm32f1xx_hal_gpio.o(i.HAL_GPIO_ReadPin)
    i.HAL_GPIO_WritePin                      0x080011f2   Section        0  stm32f1xx_hal_gpio.o(i.HAL_GPIO_WritePin)
    i.HAL_GetTick                            0x080011fc   Section        0  stm32f1xx_hal.o(i.HAL_GetTick)
    i.HAL_I2C_Init                           0x08001208   Section        0  stm32f1xx_hal_i2c.o(i.HAL_I2C_Init)
    i.HAL_I2C_Master_Transmit                0x08001390   Section        0  stm32f1xx_hal_i2c.o(i.HAL_I2C_Master_Transmit)
    i.HAL_I2C_Mem_Write                      0x080014bc   Section        0  stm32f1xx_hal_i2c.o(i.HAL_I2C_Mem_Write)
    i.HAL_I2C_MspInit                        0x080015ec   Section        0  i2c.o(i.HAL_I2C_MspInit)
    i.HAL_IncTick                            0x0800164c   Section        0  stm32f1xx_hal.o(i.HAL_IncTick)
    i.HAL_Init                               0x0800165c   Section        0  stm32f1xx_hal.o(i.HAL_Init)
    i.HAL_InitTick                           0x08001680   Section        0  stm32f1xx_hal.o(i.HAL_InitTick)
    i.HAL_MspInit                            0x080016c0   Section        0  stm32f1xx_hal_msp.o(i.HAL_MspInit)
    i.HAL_NVIC_EnableIRQ                     0x080016fc   Section        0  stm32f1xx_hal_cortex.o(i.HAL_NVIC_EnableIRQ)
    i.HAL_NVIC_SetPriority                   0x08001718   Section        0  stm32f1xx_hal_cortex.o(i.HAL_NVIC_SetPriority)
    i.HAL_NVIC_SetPriorityGrouping           0x08001758   Section        0  stm32f1xx_hal_cortex.o(i.HAL_NVIC_SetPriorityGrouping)
    i.HAL_PWR_EnableBkUpAccess               0x0800177c   Section        0  stm32f1xx_hal_pwr.o(i.HAL_PWR_EnableBkUpAccess)
    i.HAL_RCCEx_GetPeriphCLKFreq             0x08001788   Section        0  stm32f1xx_hal_rcc_ex.o(i.HAL_RCCEx_GetPeriphCLKFreq)
    i.HAL_RCCEx_PeriphCLKConfig              0x0800184c   Section        0  stm32f1xx_hal_rcc_ex.o(i.HAL_RCCEx_PeriphCLKConfig)
    i.HAL_RCC_ClockConfig                    0x08001934   Section        0  stm32f1xx_hal_rcc.o(i.HAL_RCC_ClockConfig)
    i.HAL_RCC_GetPCLK1Freq                   0x08001a6c   Section        0  stm32f1xx_hal_rcc.o(i.HAL_RCC_GetPCLK1Freq)
    i.HAL_RCC_GetPCLK2Freq                   0x08001a8c   Section        0  stm32f1xx_hal_rcc.o(i.HAL_RCC_GetPCLK2Freq)
    i.HAL_RCC_GetSysClockFreq                0x08001aac   Section        0  stm32f1xx_hal_rcc.o(i.HAL_RCC_GetSysClockFreq)
    i.HAL_RCC_OscConfig                      0x08001b18   Section        0  stm32f1xx_hal_rcc.o(i.HAL_RCC_OscConfig)
    i.HAL_RTC_GetDate                        0x08001e30   Section        0  stm32f1xx_hal_rtc.o(i.HAL_RTC_GetDate)
    i.HAL_RTC_GetTime                        0x08001e7e   Section        0  stm32f1xx_hal_rtc.o(i.HAL_RTC_GetTime)
    i.HAL_RTC_Init                           0x08001f58   Section        0  stm32f1xx_hal_rtc.o(i.HAL_RTC_Init)
    i.HAL_RTC_MspInit                        0x08001ff8   Section        0  rtc.o(i.HAL_RTC_MspInit)
    i.HAL_RTC_SetDate                        0x0800202c   Section        0  stm32f1xx_hal_rtc.o(i.HAL_RTC_SetDate)
    i.HAL_RTC_SetTime                        0x080020f0   Section        0  stm32f1xx_hal_rtc.o(i.HAL_RTC_SetTime)
    i.HAL_RTC_WaitForSynchro                 0x080021a0   Section        0  stm32f1xx_hal_rtc.o(i.HAL_RTC_WaitForSynchro)
    i.HAL_SYSTICK_Config                     0x080021da   Section        0  stm32f1xx_hal_cortex.o(i.HAL_SYSTICK_Config)
    i.HAL_TIMEx_BreakCallback                0x08002202   Section        0  stm32f1xx_hal_tim_ex.o(i.HAL_TIMEx_BreakCallback)
    i.HAL_TIMEx_CommutCallback               0x08002204   Section        0  stm32f1xx_hal_tim_ex.o(i.HAL_TIMEx_CommutCallback)
    i.HAL_TIMEx_MasterConfigSynchronization  0x08002208   Section        0  stm32f1xx_hal_tim_ex.o(i.HAL_TIMEx_MasterConfigSynchronization)
    i.HAL_TIM_Base_Init                      0x08002270   Section        0  stm32f1xx_hal_tim.o(i.HAL_TIM_Base_Init)
    i.HAL_TIM_Base_MspInit                   0x080022cc   Section        0  tim.o(i.HAL_TIM_Base_MspInit)
    i.HAL_TIM_Base_Start_IT                  0x08002320   Section        0  stm32f1xx_hal_tim.o(i.HAL_TIM_Base_Start_IT)
    i.HAL_TIM_ConfigClockSource              0x08002378   Section        0  stm32f1xx_hal_tim.o(i.HAL_TIM_ConfigClockSource)
    i.HAL_TIM_IC_CaptureCallback             0x0800244e   Section        0  stm32f1xx_hal_tim.o(i.HAL_TIM_IC_CaptureCallback)
    i.HAL_TIM_IRQHandler                     0x08002450   Section        0  stm32f1xx_hal_tim.o(i.HAL_TIM_IRQHandler)
    i.HAL_TIM_MspPostInit                    0x080025b8   Section        0  tim.o(i.HAL_TIM_MspPostInit)
    i.HAL_TIM_OC_DelayElapsedCallback        0x08002604   Section        0  stm32f1xx_hal_tim.o(i.HAL_TIM_OC_DelayElapsedCallback)
    i.HAL_TIM_PWM_ConfigChannel              0x08002606   Section        0  stm32f1xx_hal_tim.o(i.HAL_TIM_PWM_ConfigChannel)
    i.HAL_TIM_PWM_Init                       0x080026cc   Section        0  stm32f1xx_hal_tim.o(i.HAL_TIM_PWM_Init)
    i.HAL_TIM_PWM_MspInit                    0x08002726   Section        0  stm32f1xx_hal_tim.o(i.HAL_TIM_PWM_MspInit)
    i.HAL_TIM_PWM_PulseFinishedCallback      0x08002728   Section        0  stm32f1xx_hal_tim.o(i.HAL_TIM_PWM_PulseFinishedCallback)
    i.HAL_TIM_PWM_Start                      0x0800272c   Section        0  stm32f1xx_hal_tim.o(i.HAL_TIM_PWM_Start)
    i.HAL_TIM_PWM_Stop                       0x080027cc   Section        0  stm32f1xx_hal_tim.o(i.HAL_TIM_PWM_Stop)
    i.HAL_TIM_PeriodElapsedCallback          0x0800283c   Section        0  main.o(i.HAL_TIM_PeriodElapsedCallback)
    i.HAL_TIM_TriggerCallback                0x08002878   Section        0  stm32f1xx_hal_tim.o(i.HAL_TIM_TriggerCallback)
    i.HAL_UART_Init                          0x0800287a   Section        0  stm32f1xx_hal_uart.o(i.HAL_UART_Init)
    i.HAL_UART_MspInit                       0x080028dc   Section        0  usart.o(i.HAL_UART_MspInit)
    i.HAL_UART_Transmit                      0x0800294c   Section        0  stm32f1xx_hal_uart.o(i.HAL_UART_Transmit)
    i.HardFault_Handler                      0x080029fc   Section        0  stm32f1xx_it.o(i.HardFault_Handler)
    i.I2C_IsAcknowledgeFailed                0x080029fe   Section        0  stm32f1xx_hal_i2c.o(i.I2C_IsAcknowledgeFailed)
    I2C_IsAcknowledgeFailed                  0x080029ff   Thumb Code    46  stm32f1xx_hal_i2c.o(i.I2C_IsAcknowledgeFailed)
    i.I2C_MasterRequestWrite                 0x08002a2c   Section        0  stm32f1xx_hal_i2c.o(i.I2C_MasterRequestWrite)
    I2C_MasterRequestWrite                   0x08002a2d   Thumb Code   150  stm32f1xx_hal_i2c.o(i.I2C_MasterRequestWrite)
    i.I2C_RequestMemoryWrite                 0x08002ac8   Section        0  stm32f1xx_hal_i2c.o(i.I2C_RequestMemoryWrite)
    I2C_RequestMemoryWrite                   0x08002ac9   Thumb Code   162  stm32f1xx_hal_i2c.o(i.I2C_RequestMemoryWrite)
    i.I2C_WaitOnBTFFlagUntilTimeout          0x08002b70   Section        0  stm32f1xx_hal_i2c.o(i.I2C_WaitOnBTFFlagUntilTimeout)
    I2C_WaitOnBTFFlagUntilTimeout            0x08002b71   Thumb Code    76  stm32f1xx_hal_i2c.o(i.I2C_WaitOnBTFFlagUntilTimeout)
    i.I2C_WaitOnFlagUntilTimeout             0x08002bbc   Section        0  stm32f1xx_hal_i2c.o(i.I2C_WaitOnFlagUntilTimeout)
    I2C_WaitOnFlagUntilTimeout               0x08002bbd   Thumb Code   104  stm32f1xx_hal_i2c.o(i.I2C_WaitOnFlagUntilTimeout)
    i.I2C_WaitOnMasterAddressFlagUntilTimeout 0x08002c24   Section        0  stm32f1xx_hal_i2c.o(i.I2C_WaitOnMasterAddressFlagUntilTimeout)
    I2C_WaitOnMasterAddressFlagUntilTimeout  0x08002c25   Thumb Code   152  stm32f1xx_hal_i2c.o(i.I2C_WaitOnMasterAddressFlagUntilTimeout)
    i.I2C_WaitOnTXEFlagUntilTimeout          0x08002cbc   Section        0  stm32f1xx_hal_i2c.o(i.I2C_WaitOnTXEFlagUntilTimeout)
    I2C_WaitOnTXEFlagUntilTimeout            0x08002cbd   Thumb Code    76  stm32f1xx_hal_i2c.o(i.I2C_WaitOnTXEFlagUntilTimeout)
    i.LCD_command                            0x08002d08   Section        0  i2c_1602.o(i.LCD_command)
    i.LCD_data                               0x08002d30   Section        0  i2c_1602.o(i.LCD_data)
    i.MX_CAN_Init                            0x08002d58   Section        0  can.o(i.MX_CAN_Init)
    i.MX_GPIO_Init                           0x08002da0   Section        0  gpio.o(i.MX_GPIO_Init)
    i.MX_I2C2_Init                           0x08002eb8   Section        0  i2c.o(i.MX_I2C2_Init)
    i.MX_RTC_Init                            0x08002ef8   Section        0  rtc.o(i.MX_RTC_Init)
    i.MX_TIM1_Init                           0x08002f64   Section        0  tim.o(i.MX_TIM1_Init)
    i.MX_TIM4_Init                           0x08002fd0   Section        0  tim.o(i.MX_TIM4_Init)
    i.MX_USART1_UART_Init                    0x0800306c   Section        0  usart.o(i.MX_USART1_UART_Init)
    i.MemManage_Handler                      0x080030a4   Section        0  stm32f1xx_it.o(i.MemManage_Handler)
    i.NMI_Handler                            0x080030a6   Section        0  stm32f1xx_it.o(i.NMI_Handler)
    i.PendSV_Handler                         0x080030a8   Section        0  stm32f1xx_it.o(i.PendSV_Handler)
    i.RTC_Bcd2ToByte                         0x080030aa   Section        0  stm32f1xx_hal_rtc.o(i.RTC_Bcd2ToByte)
    RTC_Bcd2ToByte                           0x080030ab   Thumb Code    18  stm32f1xx_hal_rtc.o(i.RTC_Bcd2ToByte)
    i.RTC_ByteToBcd2                         0x080030bc   Section        0  stm32f1xx_hal_rtc.o(i.RTC_ByteToBcd2)
    RTC_ByteToBcd2                           0x080030bd   Thumb Code    22  stm32f1xx_hal_rtc.o(i.RTC_ByteToBcd2)
    i.RTC_DateUpdate                         0x080030d2   Section        0  stm32f1xx_hal_rtc.o(i.RTC_DateUpdate)
    RTC_DateUpdate                           0x080030d3   Thumb Code   174  stm32f1xx_hal_rtc.o(i.RTC_DateUpdate)
    i.RTC_EnterInitMode                      0x08003180   Section        0  stm32f1xx_hal_rtc.o(i.RTC_EnterInitMode)
    RTC_EnterInitMode                        0x08003181   Thumb Code    52  stm32f1xx_hal_rtc.o(i.RTC_EnterInitMode)
    i.RTC_ExitInitMode                       0x080031b4   Section        0  stm32f1xx_hal_rtc.o(i.RTC_ExitInitMode)
    RTC_ExitInitMode                         0x080031b5   Thumb Code    52  stm32f1xx_hal_rtc.o(i.RTC_ExitInitMode)
    i.RTC_ReadAlarmCounter                   0x080031e8   Section        0  stm32f1xx_hal_rtc.o(i.RTC_ReadAlarmCounter)
    RTC_ReadAlarmCounter                     0x080031e9   Thumb Code    14  stm32f1xx_hal_rtc.o(i.RTC_ReadAlarmCounter)
    i.RTC_ReadTimeCounter                    0x080031f6   Section        0  stm32f1xx_hal_rtc.o(i.RTC_ReadTimeCounter)
    RTC_ReadTimeCounter                      0x080031f7   Thumb Code    32  stm32f1xx_hal_rtc.o(i.RTC_ReadTimeCounter)
    i.RTC_Set_Date                           0x08003218   Section        0  rtc.o(i.RTC_Set_Date)
    i.RTC_Set_Time                           0x0800323c   Section        0  rtc.o(i.RTC_Set_Time)
    i.RTC_WeekDayNum                         0x0800325c   Section        0  stm32f1xx_hal_rtc.o(i.RTC_WeekDayNum)
    RTC_WeekDayNum                           0x0800325d   Thumb Code    86  stm32f1xx_hal_rtc.o(i.RTC_WeekDayNum)
    i.RTC_WriteAlarmCounter                  0x080032b2   Section        0  stm32f1xx_hal_rtc.o(i.RTC_WriteAlarmCounter)
    RTC_WriteAlarmCounter                    0x080032b3   Thumb Code    40  stm32f1xx_hal_rtc.o(i.RTC_WriteAlarmCounter)
    i.RTC_WriteTimeCounter                   0x080032da   Section        0  stm32f1xx_hal_rtc.o(i.RTC_WriteTimeCounter)
    RTC_WriteTimeCounter                     0x080032db   Thumb Code    40  stm32f1xx_hal_rtc.o(i.RTC_WriteTimeCounter)
    i.SVC_Handler                            0x08003302   Section        0  stm32f1xx_it.o(i.SVC_Handler)
    i.SysTick_Handler                        0x08003304   Section        0  stm32f1xx_it.o(i.SysTick_Handler)
    i.SystemClock_Config                     0x08003308   Section        0  main.o(i.SystemClock_Config)
    i.SystemInit                             0x0800338a   Section        0  system_stm32f1xx.o(i.SystemInit)
    i.TIM1_UP_IRQHandler                     0x0800338c   Section        0  stm32f1xx_it.o(i.TIM1_UP_IRQHandler)
    i.TIM_Base_SetConfig                     0x08003398   Section        0  stm32f1xx_hal_tim.o(i.TIM_Base_SetConfig)
    i.TIM_CCxChannelCmd                      0x08003404   Section        0  stm32f1xx_hal_tim.o(i.TIM_CCxChannelCmd)
    i.TIM_ETR_SetConfig                      0x0800341e   Section        0  stm32f1xx_hal_tim.o(i.TIM_ETR_SetConfig)
    i.TIM_ITRx_SetConfig                     0x08003432   Section        0  stm32f1xx_hal_tim.o(i.TIM_ITRx_SetConfig)
    TIM_ITRx_SetConfig                       0x08003433   Thumb Code    16  stm32f1xx_hal_tim.o(i.TIM_ITRx_SetConfig)
    i.TIM_OC1_SetConfig                      0x08003444   Section        0  stm32f1xx_hal_tim.o(i.TIM_OC1_SetConfig)
    TIM_OC1_SetConfig                        0x08003445   Thumb Code    82  stm32f1xx_hal_tim.o(i.TIM_OC1_SetConfig)
    i.TIM_OC2_SetConfig                      0x0800349c   Section        0  stm32f1xx_hal_tim.o(i.TIM_OC2_SetConfig)
    i.TIM_OC3_SetConfig                      0x080034f8   Section        0  stm32f1xx_hal_tim.o(i.TIM_OC3_SetConfig)
    TIM_OC3_SetConfig                        0x080034f9   Thumb Code    84  stm32f1xx_hal_tim.o(i.TIM_OC3_SetConfig)
    i.TIM_OC4_SetConfig                      0x08003550   Section        0  stm32f1xx_hal_tim.o(i.TIM_OC4_SetConfig)
    TIM_OC4_SetConfig                        0x08003551   Thumb Code    64  stm32f1xx_hal_tim.o(i.TIM_OC4_SetConfig)
    i.TIM_TI1_ConfigInputStage               0x08003594   Section        0  stm32f1xx_hal_tim.o(i.TIM_TI1_ConfigInputStage)
    TIM_TI1_ConfigInputStage                 0x08003595   Thumb Code    34  stm32f1xx_hal_tim.o(i.TIM_TI1_ConfigInputStage)
    i.TIM_TI2_ConfigInputStage               0x080035b6   Section        0  stm32f1xx_hal_tim.o(i.TIM_TI2_ConfigInputStage)
    TIM_TI2_ConfigInputStage                 0x080035b7   Thumb Code    36  stm32f1xx_hal_tim.o(i.TIM_TI2_ConfigInputStage)
    i.UART_SetConfig                         0x080035dc   Section        0  stm32f1xx_hal_uart.o(i.UART_SetConfig)
    UART_SetConfig                           0x080035dd   Thumb Code   178  stm32f1xx_hal_uart.o(i.UART_SetConfig)
    i.UART_WaitOnFlagUntilTimeout            0x08003694   Section        0  stm32f1xx_hal_uart.o(i.UART_WaitOnFlagUntilTimeout)
    UART_WaitOnFlagUntilTimeout              0x08003695   Thumb Code    98  stm32f1xx_hal_uart.o(i.UART_WaitOnFlagUntilTimeout)
    i.USB_LP_CAN1_RX0_IRQHandler             0x080036f8   Section        0  stm32f1xx_it.o(i.USB_LP_CAN1_RX0_IRQHandler)
    i.UsageFault_Handler                     0x08003704   Section        0  stm32f1xx_it.o(i.UsageFault_Handler)
    i.__0vsprintf                            0x08003708   Section        0  printfa.o(i.__0vsprintf)
    i.__NVIC_SetPriority                     0x0800372c   Section        0  stm32f1xx_hal_cortex.o(i.__NVIC_SetPriority)
    __NVIC_SetPriority                       0x0800372d   Thumb Code    32  stm32f1xx_hal_cortex.o(i.__NVIC_SetPriority)
    i.__scatterload_copy                     0x0800374c   Section       14  handlers.o(i.__scatterload_copy)
    i.__scatterload_null                     0x0800375a   Section        2  handlers.o(i.__scatterload_null)
    i.__scatterload_zeroinit                 0x0800375c   Section       14  handlers.o(i.__scatterload_zeroinit)
    i._fp_digits                             0x0800376c   Section        0  printfa.o(i._fp_digits)
    _fp_digits                               0x0800376d   Thumb Code   366  printfa.o(i._fp_digits)
    i._printf_core                           0x080038f0   Section        0  printfa.o(i._printf_core)
    _printf_core                             0x080038f1   Thumb Code  1744  printfa.o(i._printf_core)
    i._printf_post_padding                   0x08003fcc   Section        0  printfa.o(i._printf_post_padding)
    _printf_post_padding                     0x08003fcd   Thumb Code    36  printfa.o(i._printf_post_padding)
    i._printf_pre_padding                    0x08003ff0   Section        0  printfa.o(i._printf_pre_padding)
    _printf_pre_padding                      0x08003ff1   Thumb Code    46  printfa.o(i._printf_pre_padding)
    i._sputc                                 0x0800401e   Section        0  printfa.o(i._sputc)
    _sputc                                   0x0800401f   Thumb Code    10  printfa.o(i._sputc)
    i.lcd_1602_Setbacklight                  0x08004028   Section        0  i2c_1602.o(i.lcd_1602_Setbacklight)
    i.lcd_1602_init                          0x0800406c   Section        0  i2c_1602.o(i.lcd_1602_init)
    i.lcd_1602_printf                        0x08004110   Section        0  i2c_1602.o(i.lcd_1602_printf)
    i.main                                   0x08004194   Section        0  main.o(i.main)
    i.relay_485_OnOff                        0x080045b8   Section        0  relay_485.o(i.relay_485_OnOff)
    i.relay_485_init                         0x080045e8   Section        0  relay_485.o(i.relay_485_init)
    i.set_relay                              0x08004614   Section        0  main.o(i.set_relay)
    i.write9633                              0x08004648   Section        0  i2c_1602.o(i.write9633)
    .constdata                               0x08004668   Section       16  system_stm32f1xx.o(.constdata)
    .constdata                               0x08004678   Section        8  system_stm32f1xx.o(.constdata)
    .data                                    0x20000000   Section       48  main.o(.data)
    Tim1_cnt                                 0x20000028   Data           8  main.o(.data)
    .data                                    0x20000030   Section        8  can.o(.data)
    .data                                    0x20000038   Section        3  i2c_1602.o(.data)
    .data                                    0x2000003c   Section       12  stm32f1xx_hal.o(.data)
    .data                                    0x20000048   Section        4  system_stm32f1xx.o(.data)
    .bss                                     0x2000004c   Section       32  main.o(.bss)
    .bss                                     0x2000006c   Section       40  can.o(.bss)
    .bss                                     0x20000094   Section       84  i2c.o(.bss)
    .bss                                     0x200000e8   Section       20  rtc.o(.bss)
    .bss                                     0x200000fc   Section      144  tim.o(.bss)
    .bss                                     0x2000018c   Section       68  usart.o(.bss)
    .bss                                     0x200001d0   Section      200  i2c_1602.o(.bss)
    STACK                                    0x20000298   Section     1024  startup_stm32f103xb.o(STACK)

    Global Symbols

    Symbol Name                              Value     Ov Type        Size  Object(Section)

    BuildAttributes$$THM_ISAv4$P$D$K$B$S$PE$A:L22UL41UL21$X:L11$S22US41US21$IEEE1$IW$USESV6$~STKCKD$USESV7$~SHL$OSPACE$ROPI$EBA8$MICROLIB$REQ8$PRES8$EABIv2 0x00000000   Number         0  anon$$obj.o ABSOLUTE
    __ARM_use_no_argv                        0x00000000   Number         0  main.o ABSOLUTE
    __cpp_initialize__aeabi_                  - Undefined Weak Reference
    __cxa_finalize                            - Undefined Weak Reference
    __decompress                              - Undefined Weak Reference
    _clock_init                               - Undefined Weak Reference
    _microlib_exit                            - Undefined Weak Reference
    __Vectors_Size                           0x000000ec   Number         0  startup_stm32f103xb.o ABSOLUTE
    __Vectors                                0x08000000   Data           4  startup_stm32f103xb.o(RESET)
    __Vectors_End                            0x080000ec   Data           0  startup_stm32f103xb.o(RESET)
    __main                                   0x080000ed   Thumb Code     0  entry.o(.ARM.Collect$$$$00000000)
    _main_stk                                0x080000ed   Thumb Code     0  entry2.o(.ARM.Collect$$$$00000001)
    _main_scatterload                        0x080000f1   Thumb Code     0  entry5.o(.ARM.Collect$$$$00000004)
    __main_after_scatterload                 0x080000f5   Thumb Code     0  entry5.o(.ARM.Collect$$$$00000004)
    _main_clock                              0x080000f5   Thumb Code     0  entry7b.o(.ARM.Collect$$$$00000008)
    _main_cpp_init                           0x080000f5   Thumb Code     0  entry8b.o(.ARM.Collect$$$$0000000A)
    _main_init                               0x080000f5   Thumb Code     0  entry9a.o(.ARM.Collect$$$$0000000B)
    __rt_final_cpp                           0x080000fd   Thumb Code     0  entry10a.o(.ARM.Collect$$$$0000000D)
    __rt_final_exit                          0x080000fd   Thumb Code     0  entry11a.o(.ARM.Collect$$$$0000000F)
    Reset_Handler                            0x08000101   Thumb Code     8  startup_stm32f103xb.o(.text)
    ADC1_2_IRQHandler                        0x0800011b   Thumb Code     0  startup_stm32f103xb.o(.text)
    CAN1_RX1_IRQHandler                      0x0800011b   Thumb Code     0  startup_stm32f103xb.o(.text)
    CAN1_SCE_IRQHandler                      0x0800011b   Thumb Code     0  startup_stm32f103xb.o(.text)
    DMA1_Channel1_IRQHandler                 0x0800011b   Thumb Code     0  startup_stm32f103xb.o(.text)
    DMA1_Channel2_IRQHandler                 0x0800011b   Thumb Code     0  startup_stm32f103xb.o(.text)
    DMA1_Channel3_IRQHandler                 0x0800011b   Thumb Code     0  startup_stm32f103xb.o(.text)
    DMA1_Channel4_IRQHandler                 0x0800011b   Thumb Code     0  startup_stm32f103xb.o(.text)
    DMA1_Channel5_IRQHandler                 0x0800011b   Thumb Code     0  startup_stm32f103xb.o(.text)
    DMA1_Channel6_IRQHandler                 0x0800011b   Thumb Code     0  startup_stm32f103xb.o(.text)
    DMA1_Channel7_IRQHandler                 0x0800011b   Thumb Code     0  startup_stm32f103xb.o(.text)
    EXTI0_IRQHandler                         0x0800011b   Thumb Code     0  startup_stm32f103xb.o(.text)
    EXTI15_10_IRQHandler                     0x0800011b   Thumb Code     0  startup_stm32f103xb.o(.text)
    EXTI1_IRQHandler                         0x0800011b   Thumb Code     0  startup_stm32f103xb.o(.text)
    EXTI2_IRQHandler                         0x0800011b   Thumb Code     0  startup_stm32f103xb.o(.text)
    FLASH_IRQHandler                         0x0800011b   Thumb Code     0  startup_stm32f103xb.o(.text)
    I2C1_ER_IRQHandler                       0x0800011b   Thumb Code     0  startup_stm32f103xb.o(.text)
    I2C1_EV_IRQHandler                       0x0800011b   Thumb Code     0  startup_stm32f103xb.o(.text)
    I2C2_ER_IRQHandler                       0x0800011b   Thumb Code     0  startup_stm32f103xb.o(.text)
    I2C2_EV_IRQHandler                       0x0800011b   Thumb Code     0  startup_stm32f103xb.o(.text)
    PVD_IRQHandler                           0x0800011b   Thumb Code     0  startup_stm32f103xb.o(.text)
    RCC_IRQHandler                           0x0800011b   Thumb Code     0  startup_stm32f103xb.o(.text)
    RTC_Alarm_IRQHandler                     0x0800011b   Thumb Code     0  startup_stm32f103xb.o(.text)
    RTC_IRQHandler                           0x0800011b   Thumb Code     0  startup_stm32f103xb.o(.text)
    SPI1_IRQHandler                          0x0800011b   Thumb Code     0  startup_stm32f103xb.o(.text)
    SPI2_IRQHandler                          0x0800011b   Thumb Code     0  startup_stm32f103xb.o(.text)
    TAMPER_IRQHandler                        0x0800011b   Thumb Code     0  startup_stm32f103xb.o(.text)
    TIM1_BRK_IRQHandler                      0x0800011b   Thumb Code     0  startup_stm32f103xb.o(.text)
    TIM1_CC_IRQHandler                       0x0800011b   Thumb Code     0  startup_stm32f103xb.o(.text)
    TIM1_TRG_COM_IRQHandler                  0x0800011b   Thumb Code     0  startup_stm32f103xb.o(.text)
    TIM2_IRQHandler                          0x0800011b   Thumb Code     0  startup_stm32f103xb.o(.text)
    TIM3_IRQHandler                          0x0800011b   Thumb Code     0  startup_stm32f103xb.o(.text)
    TIM4_IRQHandler                          0x0800011b   Thumb Code     0  startup_stm32f103xb.o(.text)
    USART1_IRQHandler                        0x0800011b   Thumb Code     0  startup_stm32f103xb.o(.text)
    USART2_IRQHandler                        0x0800011b   Thumb Code     0  startup_stm32f103xb.o(.text)
    USART3_IRQHandler                        0x0800011b   Thumb Code     0  startup_stm32f103xb.o(.text)
    USBWakeUp_IRQHandler                     0x0800011b   Thumb Code     0  startup_stm32f103xb.o(.text)
    USB_HP_CAN1_TX_IRQHandler                0x0800011b   Thumb Code     0  startup_stm32f103xb.o(.text)
    WWDG_IRQHandler                          0x0800011b   Thumb Code     0  startup_stm32f103xb.o(.text)
    __aeabi_uldivmod                         0x08000125   Thumb Code    98  uldiv.o(.text)
    __aeabi_llsr                             0x08000187   Thumb Code    32  llushr.o(.text)
    _ll_ushift_r                             0x08000187   Thumb Code     0  llushr.o(.text)
    __aeabi_memset                           0x080001a7   Thumb Code    14  memseta.o(.text)
    __aeabi_memset4                          0x080001a7   Thumb Code     0  memseta.o(.text)
    __aeabi_memset8                          0x080001a7   Thumb Code     0  memseta.o(.text)
    __aeabi_memclr                           0x080001b5   Thumb Code     4  memseta.o(.text)
    __aeabi_memclr4                          0x080001b5   Thumb Code     0  memseta.o(.text)
    __aeabi_memclr8                          0x080001b5   Thumb Code     0  memseta.o(.text)
    _memset$wrapper                          0x080001b9   Thumb Code    18  memseta.o(.text)
    strlen                                   0x080001cb   Thumb Code    14  strlen.o(.text)
    __aeabi_uidiv                            0x080001d9   Thumb Code     0  uidiv.o(.text)
    __aeabi_uidivmod                         0x080001d9   Thumb Code    44  uidiv.o(.text)
    __aeabi_llsl                             0x08000205   Thumb Code    30  llshl.o(.text)
    _ll_shift_l                              0x08000205   Thumb Code     0  llshl.o(.text)
    __I$use$fp                               0x08000223   Thumb Code     0  iusefp.o(.text)
    __aeabi_dadd                             0x08000223   Thumb Code   322  dadd.o(.text)
    __aeabi_dsub                             0x08000365   Thumb Code     6  dadd.o(.text)
    __aeabi_drsub                            0x0800036b   Thumb Code     6  dadd.o(.text)
    __aeabi_dmul                             0x08000371   Thumb Code   228  dmul.o(.text)
    __aeabi_ddiv                             0x08000455   Thumb Code   222  ddiv.o(.text)
    __aeabi_d2ulz                            0x08000533   Thumb Code    48  dfixul.o(.text)
    __aeabi_cdrcmple                         0x08000565   Thumb Code    48  cdrcmple.o(.text)
    __scatterload                            0x08000595   Thumb Code    28  init.o(.text)
    __scatterload_rt2                        0x08000595   Thumb Code     0  init.o(.text)
    __aeabi_lasr                             0x080005b9   Thumb Code    36  llsshr.o(.text)
    _ll_sshift_r                             0x080005b9   Thumb Code     0  llsshr.o(.text)
    _double_round                            0x080005dd   Thumb Code    30  depilogue.o(.text)
    _double_epilogue                         0x080005fb   Thumb Code   156  depilogue.o(.text)
    BusFault_Handler                         0x08000697   Thumb Code     2  stm32f1xx_it.o(i.BusFault_Handler)
    CAN1_IDMASKConfig                        0x08000699   Thumb Code    86  can.o(i.CAN1_IDMASKConfig)
    Can_TxMessage                            0x080006f5   Thumb Code    88  can.o(i.Can_TxMessage)
    DebugMon_Handler                         0x08000751   Thumb Code     2  stm32f1xx_it.o(i.DebugMon_Handler)
    EXTI3_IRQHandler                         0x0800076b   Thumb Code     6  stm32f1xx_it.o(i.EXTI3_IRQHandler)
    EXTI4_IRQHandler                         0x08000771   Thumb Code     6  stm32f1xx_it.o(i.EXTI4_IRQHandler)
    EXTI9_5_IRQHandler                       0x08000777   Thumb Code     6  stm32f1xx_it.o(i.EXTI9_5_IRQHandler)
    Error_Handler                            0x0800077d   Thumb Code     4  main.o(i.Error_Handler)
    HAL_CAN_ActivateNotification             0x08000781   Thumb Code    36  stm32f1xx_hal_can.o(i.HAL_CAN_ActivateNotification)
    HAL_CAN_AddTxMessage                     0x080007a5   Thumb Code   200  stm32f1xx_hal_can.o(i.HAL_CAN_AddTxMessage)
    HAL_CAN_ConfigFilter                     0x0800086d   Thumb Code   236  stm32f1xx_hal_can.o(i.HAL_CAN_ConfigFilter)
    HAL_CAN_ErrorCallback                    0x08000959   Thumb Code     2  stm32f1xx_hal_can.o(i.HAL_CAN_ErrorCallback)
    HAL_CAN_GetRxMessage                     0x0800095b   Thumb Code   232  stm32f1xx_hal_can.o(i.HAL_CAN_GetRxMessage)
    HAL_CAN_GetTxMailboxesFreeLevel          0x08000a43   Thumb Code    44  stm32f1xx_hal_can.o(i.HAL_CAN_GetTxMailboxesFreeLevel)
    HAL_CAN_IRQHandler                       0x08000a6f   Thumb Code   508  stm32f1xx_hal_can.o(i.HAL_CAN_IRQHandler)
    HAL_CAN_Init                             0x08000c6b   Thumb Code   282  stm32f1xx_hal_can.o(i.HAL_CAN_Init)
    HAL_CAN_MspInit                          0x08000d85   Thumb Code   112  can.o(i.HAL_CAN_MspInit)
    HAL_CAN_RxFifo0FullCallback              0x08000e01   Thumb Code     2  stm32f1xx_hal_can.o(i.HAL_CAN_RxFifo0FullCallback)
    HAL_CAN_RxFifo0MsgPendingCallback        0x08000e05   Thumb Code   270  can.o(i.HAL_CAN_RxFifo0MsgPendingCallback)
    HAL_CAN_RxFifo1FullCallback              0x08000f31   Thumb Code     2  stm32f1xx_hal_can.o(i.HAL_CAN_RxFifo1FullCallback)
    HAL_CAN_RxFifo1MsgPendingCallback        0x08000f33   Thumb Code     2  stm32f1xx_hal_can.o(i.HAL_CAN_RxFifo1MsgPendingCallback)
    HAL_CAN_SleepCallback                    0x08000f35   Thumb Code     2  stm32f1xx_hal_can.o(i.HAL_CAN_SleepCallback)
    HAL_CAN_Start                            0x08000f37   Thumb Code    86  stm32f1xx_hal_can.o(i.HAL_CAN_Start)
    HAL_CAN_TxMailbox0AbortCallback          0x08000f8d   Thumb Code     2  stm32f1xx_hal_can.o(i.HAL_CAN_TxMailbox0AbortCallback)
    HAL_CAN_TxMailbox0CompleteCallback       0x08000f8f   Thumb Code     2  stm32f1xx_hal_can.o(i.HAL_CAN_TxMailbox0CompleteCallback)
    HAL_CAN_TxMailbox1AbortCallback          0x08000f91   Thumb Code     2  stm32f1xx_hal_can.o(i.HAL_CAN_TxMailbox1AbortCallback)
    HAL_CAN_TxMailbox1CompleteCallback       0x08000f93   Thumb Code     2  stm32f1xx_hal_can.o(i.HAL_CAN_TxMailbox1CompleteCallback)
    HAL_CAN_TxMailbox2AbortCallback          0x08000f95   Thumb Code     2  stm32f1xx_hal_can.o(i.HAL_CAN_TxMailbox2AbortCallback)
    HAL_CAN_TxMailbox2CompleteCallback       0x08000f97   Thumb Code     2  stm32f1xx_hal_can.o(i.HAL_CAN_TxMailbox2CompleteCallback)
    HAL_CAN_WakeUpFromRxMsgCallback          0x08000f99   Thumb Code     2  stm32f1xx_hal_can.o(i.HAL_CAN_WakeUpFromRxMsgCallback)
    HAL_Delay                                0x08000f9d   Thumb Code    32  stm32f1xx_hal.o(i.HAL_Delay)
    HAL_GPIO_EXTI_Callback                   0x08000fc1   Thumb Code    58  main.o(i.HAL_GPIO_EXTI_Callback)
    HAL_GPIO_EXTI_IRQHandler                 0x08001005   Thumb Code    18  stm32f1xx_hal_gpio.o(i.HAL_GPIO_EXTI_IRQHandler)
    HAL_GPIO_Init                            0x0800101d   Thumb Code   426  stm32f1xx_hal_gpio.o(i.HAL_GPIO_Init)
    HAL_GPIO_ReadPin                         0x080011e9   Thumb Code    10  stm32f1xx_hal_gpio.o(i.HAL_GPIO_ReadPin)
    HAL_GPIO_WritePin                        0x080011f3   Thumb Code    10  stm32f1xx_hal_gpio.o(i.HAL_GPIO_WritePin)
    HAL_GetTick                              0x080011fd   Thumb Code     6  stm32f1xx_hal.o(i.HAL_GetTick)
    HAL_I2C_Init                             0x08001209   Thumb Code   376  stm32f1xx_hal_i2c.o(i.HAL_I2C_Init)
    HAL_I2C_Master_Transmit                  0x08001391   Thumb Code   290  stm32f1xx_hal_i2c.o(i.HAL_I2C_Master_Transmit)
    HAL_I2C_Mem_Write                        0x080014bd   Thumb Code   294  stm32f1xx_hal_i2c.o(i.HAL_I2C_Mem_Write)
    HAL_I2C_MspInit                          0x080015ed   Thumb Code    82  i2c.o(i.HAL_I2C_MspInit)
    HAL_IncTick                              0x0800164d   Thumb Code    12  stm32f1xx_hal.o(i.HAL_IncTick)
    HAL_Init                                 0x0800165d   Thumb Code    32  stm32f1xx_hal.o(i.HAL_Init)
    HAL_InitTick                             0x08001681   Thumb Code    54  stm32f1xx_hal.o(i.HAL_InitTick)
    HAL_MspInit                              0x080016c1   Thumb Code    52  stm32f1xx_hal_msp.o(i.HAL_MspInit)
    HAL_NVIC_EnableIRQ                       0x080016fd   Thumb Code    26  stm32f1xx_hal_cortex.o(i.HAL_NVIC_EnableIRQ)
    HAL_NVIC_SetPriority                     0x08001719   Thumb Code    60  stm32f1xx_hal_cortex.o(i.HAL_NVIC_SetPriority)
    HAL_NVIC_SetPriorityGrouping             0x08001759   Thumb Code    26  stm32f1xx_hal_cortex.o(i.HAL_NVIC_SetPriorityGrouping)
    HAL_PWR_EnableBkUpAccess                 0x0800177d   Thumb Code     8  stm32f1xx_hal_pwr.o(i.HAL_PWR_EnableBkUpAccess)
    HAL_RCCEx_GetPeriphCLKFreq               0x08001789   Thumb Code   164  stm32f1xx_hal_rcc_ex.o(i.HAL_RCCEx_GetPeriphCLKFreq)
    HAL_RCCEx_PeriphCLKConfig                0x0800184d   Thumb Code   220  stm32f1xx_hal_rcc_ex.o(i.HAL_RCCEx_PeriphCLKConfig)
    HAL_RCC_ClockConfig                      0x08001935   Thumb Code   292  stm32f1xx_hal_rcc.o(i.HAL_RCC_ClockConfig)
    HAL_RCC_GetPCLK1Freq                     0x08001a6d   Thumb Code    20  stm32f1xx_hal_rcc.o(i.HAL_RCC_GetPCLK1Freq)
    HAL_RCC_GetPCLK2Freq                     0x08001a8d   Thumb Code    20  stm32f1xx_hal_rcc.o(i.HAL_RCC_GetPCLK2Freq)
    HAL_RCC_GetSysClockFreq                  0x08001aad   Thumb Code    74  stm32f1xx_hal_rcc.o(i.HAL_RCC_GetSysClockFreq)
    HAL_RCC_OscConfig                        0x08001b19   Thumb Code   770  stm32f1xx_hal_rcc.o(i.HAL_RCC_OscConfig)
    HAL_RTC_GetDate                          0x08001e31   Thumb Code    78  stm32f1xx_hal_rtc.o(i.HAL_RTC_GetDate)
    HAL_RTC_GetTime                          0x08001e7f   Thumb Code   216  stm32f1xx_hal_rtc.o(i.HAL_RTC_GetTime)
    HAL_RTC_Init                             0x08001f59   Thumb Code   154  stm32f1xx_hal_rtc.o(i.HAL_RTC_Init)
    HAL_RTC_MspInit                          0x08001ff9   Thumb Code    40  rtc.o(i.HAL_RTC_MspInit)
    HAL_RTC_SetDate                          0x0800202d   Thumb Code   192  stm32f1xx_hal_rtc.o(i.HAL_RTC_SetDate)
    HAL_RTC_SetTime                          0x080020f1   Thumb Code   170  stm32f1xx_hal_rtc.o(i.HAL_RTC_SetTime)
    HAL_RTC_WaitForSynchro                   0x080021a1   Thumb Code    58  stm32f1xx_hal_rtc.o(i.HAL_RTC_WaitForSynchro)
    HAL_SYSTICK_Config                       0x080021db   Thumb Code    40  stm32f1xx_hal_cortex.o(i.HAL_SYSTICK_Config)
    HAL_TIMEx_BreakCallback                  0x08002203   Thumb Code     2  stm32f1xx_hal_tim_ex.o(i.HAL_TIMEx_BreakCallback)
    HAL_TIMEx_CommutCallback                 0x08002205   Thumb Code     2  stm32f1xx_hal_tim_ex.o(i.HAL_TIMEx_CommutCallback)
    HAL_TIMEx_MasterConfigSynchronization    0x08002209   Thumb Code    92  stm32f1xx_hal_tim_ex.o(i.HAL_TIMEx_MasterConfigSynchronization)
    HAL_TIM_Base_Init                        0x08002271   Thumb Code    90  stm32f1xx_hal_tim.o(i.HAL_TIM_Base_Init)
    HAL_TIM_Base_MspInit                     0x080022cd   Thumb Code    72  tim.o(i.HAL_TIM_Base_MspInit)
    HAL_TIM_Base_Start_IT                    0x08002321   Thumb Code    76  stm32f1xx_hal_tim.o(i.HAL_TIM_Base_Start_IT)
    HAL_TIM_ConfigClockSource                0x08002379   Thumb Code   214  stm32f1xx_hal_tim.o(i.HAL_TIM_ConfigClockSource)
    HAL_TIM_IC_CaptureCallback               0x0800244f   Thumb Code     2  stm32f1xx_hal_tim.o(i.HAL_TIM_IC_CaptureCallback)
    HAL_TIM_IRQHandler                       0x08002451   Thumb Code   358  stm32f1xx_hal_tim.o(i.HAL_TIM_IRQHandler)
    HAL_TIM_MspPostInit                      0x080025b9   Thumb Code    64  tim.o(i.HAL_TIM_MspPostInit)
    HAL_TIM_OC_DelayElapsedCallback          0x08002605   Thumb Code     2  stm32f1xx_hal_tim.o(i.HAL_TIM_OC_DelayElapsedCallback)
    HAL_TIM_PWM_ConfigChannel                0x08002607   Thumb Code   198  stm32f1xx_hal_tim.o(i.HAL_TIM_PWM_ConfigChannel)
    HAL_TIM_PWM_Init                         0x080026cd   Thumb Code    90  stm32f1xx_hal_tim.o(i.HAL_TIM_PWM_Init)
    HAL_TIM_PWM_MspInit                      0x08002727   Thumb Code     2  stm32f1xx_hal_tim.o(i.HAL_TIM_PWM_MspInit)
    HAL_TIM_PWM_PulseFinishedCallback        0x08002729   Thumb Code     2  stm32f1xx_hal_tim.o(i.HAL_TIM_PWM_PulseFinishedCallback)
    HAL_TIM_PWM_Start                        0x0800272d   Thumb Code   148  stm32f1xx_hal_tim.o(i.HAL_TIM_PWM_Start)
    HAL_TIM_PWM_Stop                         0x080027cd   Thumb Code   108  stm32f1xx_hal_tim.o(i.HAL_TIM_PWM_Stop)
    HAL_TIM_PeriodElapsedCallback            0x0800283d   Thumb Code    54  main.o(i.HAL_TIM_PeriodElapsedCallback)
    HAL_TIM_TriggerCallback                  0x08002879   Thumb Code     2  stm32f1xx_hal_tim.o(i.HAL_TIM_TriggerCallback)
    HAL_UART_Init                            0x0800287b   Thumb Code    98  stm32f1xx_hal_uart.o(i.HAL_UART_Init)
    HAL_UART_MspInit                         0x080028dd   Thumb Code   100  usart.o(i.HAL_UART_MspInit)
    HAL_UART_Transmit                        0x0800294d   Thumb Code   176  stm32f1xx_hal_uart.o(i.HAL_UART_Transmit)
    HardFault_Handler                        0x080029fd   Thumb Code     2  stm32f1xx_it.o(i.HardFault_Handler)
    LCD_command                              0x08002d09   Thumb Code    32  i2c_1602.o(i.LCD_command)
    LCD_data                                 0x08002d31   Thumb Code    32  i2c_1602.o(i.LCD_data)
    MX_CAN_Init                              0x08002d59   Thumb Code    62  can.o(i.MX_CAN_Init)
    MX_GPIO_Init                             0x08002da1   Thumb Code   260  gpio.o(i.MX_GPIO_Init)
    MX_I2C2_Init                             0x08002eb9   Thumb Code    50  i2c.o(i.MX_I2C2_Init)
    MX_RTC_Init                              0x08002ef9   Thumb Code   100  rtc.o(i.MX_RTC_Init)
    MX_TIM1_Init                             0x08002f65   Thumb Code    98  tim.o(i.MX_TIM1_Init)
    MX_TIM4_Init                             0x08002fd1   Thumb Code   148  tim.o(i.MX_TIM4_Init)
    MX_USART1_UART_Init                      0x0800306d   Thumb Code    48  usart.o(i.MX_USART1_UART_Init)
    MemManage_Handler                        0x080030a5   Thumb Code     2  stm32f1xx_it.o(i.MemManage_Handler)
    NMI_Handler                              0x080030a7   Thumb Code     2  stm32f1xx_it.o(i.NMI_Handler)
    PendSV_Handler                           0x080030a9   Thumb Code     2  stm32f1xx_it.o(i.PendSV_Handler)
    RTC_Set_Date                             0x08003219   Thumb Code    30  rtc.o(i.RTC_Set_Date)
    RTC_Set_Time                             0x0800323d   Thumb Code    26  rtc.o(i.RTC_Set_Time)
    SVC_Handler                              0x08003303   Thumb Code     2  stm32f1xx_it.o(i.SVC_Handler)
    SysTick_Handler                          0x08003305   Thumb Code     4  stm32f1xx_it.o(i.SysTick_Handler)
    SystemClock_Config                       0x08003309   Thumb Code   130  main.o(i.SystemClock_Config)
    SystemInit                               0x0800338b   Thumb Code     2  system_stm32f1xx.o(i.SystemInit)
    TIM1_UP_IRQHandler                       0x0800338d   Thumb Code     6  stm32f1xx_it.o(i.TIM1_UP_IRQHandler)
    TIM_Base_SetConfig                       0x08003399   Thumb Code    94  stm32f1xx_hal_tim.o(i.TIM_Base_SetConfig)
    TIM_CCxChannelCmd                        0x08003405   Thumb Code    26  stm32f1xx_hal_tim.o(i.TIM_CCxChannelCmd)
    TIM_ETR_SetConfig                        0x0800341f   Thumb Code    20  stm32f1xx_hal_tim.o(i.TIM_ETR_SetConfig)
    TIM_OC2_SetConfig                        0x0800349d   Thumb Code    86  stm32f1xx_hal_tim.o(i.TIM_OC2_SetConfig)
    USB_LP_CAN1_RX0_IRQHandler               0x080036f9   Thumb Code     6  stm32f1xx_it.o(i.USB_LP_CAN1_RX0_IRQHandler)
    UsageFault_Handler                       0x08003705   Thumb Code     2  stm32f1xx_it.o(i.UsageFault_Handler)
    __0vsprintf                              0x08003709   Thumb Code    30  printfa.o(i.__0vsprintf)
    __1vsprintf                              0x08003709   Thumb Code     0  printfa.o(i.__0vsprintf)
    __2vsprintf                              0x08003709   Thumb Code     0  printfa.o(i.__0vsprintf)
    __c89vsprintf                            0x08003709   Thumb Code     0  printfa.o(i.__0vsprintf)
    vsprintf                                 0x08003709   Thumb Code     0  printfa.o(i.__0vsprintf)
    __scatterload_copy                       0x0800374d   Thumb Code    14  handlers.o(i.__scatterload_copy)
    __scatterload_null                       0x0800375b   Thumb Code     2  handlers.o(i.__scatterload_null)
    __scatterload_zeroinit                   0x0800375d   Thumb Code    14  handlers.o(i.__scatterload_zeroinit)
    lcd_1602_Setbacklight                    0x08004029   Thumb Code    64  i2c_1602.o(i.lcd_1602_Setbacklight)
    lcd_1602_init                            0x0800406d   Thumb Code   162  i2c_1602.o(i.lcd_1602_init)
    lcd_1602_printf                          0x08004111   Thumb Code   128  i2c_1602.o(i.lcd_1602_printf)
    main                                     0x08004195   Thumb Code   958  main.o(i.main)
    relay_485_OnOff                          0x080045b9   Thumb Code    40  relay_485.o(i.relay_485_OnOff)
    relay_485_init                           0x080045e9   Thumb Code    34  relay_485.o(i.relay_485_init)
    set_relay                                0x08004615   Thumb Code    46  main.o(i.set_relay)
    write9633                                0x08004649   Thumb Code    28  i2c_1602.o(i.write9633)
    AHBPrescTable                            0x08004668   Data          16  system_stm32f1xx.o(.constdata)
    APBPrescTable                            0x08004678   Data           8  system_stm32f1xx.o(.constdata)
    Region$$Table$$Base                      0x08004680   Number         0  anon$$obj.o(Region$$Table)
    Region$$Table$$Limit                     0x080046a0   Number         0  anon$$obj.o(Region$$Table)
    reflash_flag                             0x20000000   Data           1  main.o(.data)
    minute_mark                              0x20000001   Data           1  main.o(.data)
    hour_mark                                0x20000002   Data           1  main.o(.data)
    water_change_state                       0x20000003   Data           1  main.o(.data)
    CAN_command                              0x20000004   Data           1  main.o(.data)
    key                                      0x20000005   Data           1  main.o(.data)
    sTime                                    0x20000006   Data           3  main.o(.data)
    vent_lim                                 0x2000000c   Data           4  main.o(.data)
    cyc_lim                                  0x20000010   Data           4  main.o(.data)
    layer_status                             0x20000014   Data           4  main.o(.data)
    RGB                                      0x20000018   Data           4  main.o(.data)
    sDate                                    0x2000001c   Data           4  main.o(.data)
    relay_state                              0x20000020   Data           6  main.o(.data)
    Rx_Data                                  0x20000030   Data           8  can.o(.data)
    R                                        0x20000038   Data           1  i2c_1602.o(.data)
    G                                        0x20000039   Data           1  i2c_1602.o(.data)
    B                                        0x2000003a   Data           1  i2c_1602.o(.data)
    uwTickFreq                               0x2000003c   Data           1  stm32f1xx_hal.o(.data)
    uwTickPrio                               0x20000040   Data           4  stm32f1xx_hal.o(.data)
    uwTick                                   0x20000044   Data           4  stm32f1xx_hal.o(.data)
    SystemCoreClock                          0x20000048   Data           4  system_stm32f1xx.o(.data)
    layer_settings                           0x2000004c   Data          32  main.o(.bss)
    hcan                                     0x2000006c   Data          40  can.o(.bss)
    hi2c2                                    0x20000094   Data          84  i2c.o(.bss)
    hrtc                                     0x200000e8   Data          20  rtc.o(.bss)
    htim1                                    0x200000fc   Data          72  tim.o(.bss)
    htim4                                    0x20000144   Data          72  tim.o(.bss)
    huart1                                   0x2000018c   Data          68  usart.o(.bss)
    LCD1602_PRINTF_Buffer                    0x200001d0   Data         200  i2c_1602.o(.bss)
    __initial_sp                             0x20000698   Data           0  startup_stm32f103xb.o(STACK)



==============================================================================

Memory Map of the image

  Image Entry point : 0x080000ed

  Load Region LR_IROM1 (Base: 0x08000000, Size: 0x000046ec, Max: 0x00010000, ABSOLUTE)

    Execution Region ER_IROM1 (Exec base: 0x08000000, Load base: 0x08000000, Size: 0x000046a0, Max: 0x00010000, ABSOLUTE)

    Exec Addr    Load Addr    Size         Type   Attr      Idx    E Section Name        Object

    0x08000000   0x08000000   0x000000ec   Data   RO            3    RESET               startup_stm32f103xb.o
    0x080000ec   0x080000ec   0x00000000   Code   RO         4065  * .ARM.Collect$$$$00000000  mc_w.l(entry.o)
    0x080000ec   0x080000ec   0x00000004   Code   RO         4104    .ARM.Collect$$$$00000001  mc_w.l(entry2.o)
    0x080000f0   0x080000f0   0x00000004   Code   RO         4107    .ARM.Collect$$$$00000004  mc_w.l(entry5.o)
    0x080000f4   0x080000f4   0x00000000   Code   RO         4109    .ARM.Collect$$$$00000008  mc_w.l(entry7b.o)
    0x080000f4   0x080000f4   0x00000000   Code   RO         4111    .ARM.Collect$$$$0000000A  mc_w.l(entry8b.o)
    0x080000f4   0x080000f4   0x00000008   Code   RO         4112    .ARM.Collect$$$$0000000B  mc_w.l(entry9a.o)
    0x080000fc   0x080000fc   0x00000000   Code   RO         4114    .ARM.Collect$$$$0000000D  mc_w.l(entry10a.o)
    0x080000fc   0x080000fc   0x00000000   Code   RO         4116    .ARM.Collect$$$$0000000F  mc_w.l(entry11a.o)
    0x080000fc   0x080000fc   0x00000004   Code   RO         4105    .ARM.Collect$$$$00002712  mc_w.l(entry2.o)
    0x08000100   0x08000100   0x00000024   Code   RO            4    .text               startup_stm32f103xb.o
    0x08000124   0x08000124   0x00000062   Code   RO         4068    .text               mc_w.l(uldiv.o)
    0x08000186   0x08000186   0x00000020   Code   RO         4070    .text               mc_w.l(llushr.o)
    0x080001a6   0x080001a6   0x00000024   Code   RO         4072    .text               mc_w.l(memseta.o)
    0x080001ca   0x080001ca   0x0000000e   Code   RO         4074    .text               mc_w.l(strlen.o)
    0x080001d8   0x080001d8   0x0000002c   Code   RO         4121    .text               mc_w.l(uidiv.o)
    0x08000204   0x08000204   0x0000001e   Code   RO         4123    .text               mc_w.l(llshl.o)
    0x08000222   0x08000222   0x00000000   Code   RO         4125    .text               mc_w.l(iusefp.o)
    0x08000222   0x08000222   0x0000014e   Code   RO         4126    .text               mf_w.l(dadd.o)
    0x08000370   0x08000370   0x000000e4   Code   RO         4128    .text               mf_w.l(dmul.o)
    0x08000454   0x08000454   0x000000de   Code   RO         4130    .text               mf_w.l(ddiv.o)
    0x08000532   0x08000532   0x00000030   Code   RO         4132    .text               mf_w.l(dfixul.o)
    0x08000562   0x08000562   0x00000002   PAD
    0x08000564   0x08000564   0x00000030   Code   RO         4134    .text               mf_w.l(cdrcmple.o)
    0x08000594   0x08000594   0x00000024   Code   RO         4136    .text               mc_w.l(init.o)
    0x080005b8   0x080005b8   0x00000024   Code   RO         4139    .text               mc_w.l(llsshr.o)
    0x080005dc   0x080005dc   0x000000ba   Code   RO         4142    .text               mf_w.l(depilogue.o)
    0x08000696   0x08000696   0x00000002   Code   RO          489    i.BusFault_Handler  stm32f1xx_it.o
    0x08000698   0x08000698   0x0000005c   Code   RO          230    i.CAN1_IDMASKConfig  can.o
    0x080006f4   0x080006f4   0x0000005c   Code   RO          231    i.Can_TxMessage     can.o
    0x08000750   0x08000750   0x00000002   Code   RO          490    i.DebugMon_Handler  stm32f1xx_it.o
    0x08000752   0x08000752   0x00000018   Code   RO          619    i.Disp_XY           i2c_1602.o
    0x0800076a   0x0800076a   0x00000006   Code   RO          491    i.EXTI3_IRQHandler  stm32f1xx_it.o
    0x08000770   0x08000770   0x00000006   Code   RO          492    i.EXTI4_IRQHandler  stm32f1xx_it.o
    0x08000776   0x08000776   0x00000006   Code   RO          493    i.EXTI9_5_IRQHandler  stm32f1xx_it.o
    0x0800077c   0x0800077c   0x00000004   Code   RO           13    i.Error_Handler     main.o
    0x08000780   0x08000780   0x00000024   Code   RO          788    i.HAL_CAN_ActivateNotification  stm32f1xx_hal_can.o
    0x080007a4   0x080007a4   0x000000c8   Code   RO          789    i.HAL_CAN_AddTxMessage  stm32f1xx_hal_can.o
    0x0800086c   0x0800086c   0x000000ec   Code   RO          790    i.HAL_CAN_ConfigFilter  stm32f1xx_hal_can.o
    0x08000958   0x08000958   0x00000002   Code   RO          793    i.HAL_CAN_ErrorCallback  stm32f1xx_hal_can.o
    0x0800095a   0x0800095a   0x000000e8   Code   RO          796    i.HAL_CAN_GetRxMessage  stm32f1xx_hal_can.o
    0x08000a42   0x08000a42   0x0000002c   Code   RO          798    i.HAL_CAN_GetTxMailboxesFreeLevel  stm32f1xx_hal_can.o
    0x08000a6e   0x08000a6e   0x000001fc   Code   RO          800    i.HAL_CAN_IRQHandler  stm32f1xx_hal_can.o
    0x08000c6a   0x08000c6a   0x0000011a   Code   RO          801    i.HAL_CAN_Init      stm32f1xx_hal_can.o
    0x08000d84   0x08000d84   0x0000007c   Code   RO          233    i.HAL_CAN_MspInit   can.o
    0x08000e00   0x08000e00   0x00000002   Code   RO          808    i.HAL_CAN_RxFifo0FullCallback  stm32f1xx_hal_can.o
    0x08000e02   0x08000e02   0x00000002   PAD
    0x08000e04   0x08000e04   0x0000012c   Code   RO          234    i.HAL_CAN_RxFifo0MsgPendingCallback  can.o
    0x08000f30   0x08000f30   0x00000002   Code   RO          810    i.HAL_CAN_RxFifo1FullCallback  stm32f1xx_hal_can.o
    0x08000f32   0x08000f32   0x00000002   Code   RO          811    i.HAL_CAN_RxFifo1MsgPendingCallback  stm32f1xx_hal_can.o
    0x08000f34   0x08000f34   0x00000002   Code   RO          812    i.HAL_CAN_SleepCallback  stm32f1xx_hal_can.o
    0x08000f36   0x08000f36   0x00000056   Code   RO          813    i.HAL_CAN_Start     stm32f1xx_hal_can.o
    0x08000f8c   0x08000f8c   0x00000002   Code   RO          815    i.HAL_CAN_TxMailbox0AbortCallback  stm32f1xx_hal_can.o
    0x08000f8e   0x08000f8e   0x00000002   Code   RO          816    i.HAL_CAN_TxMailbox0CompleteCallback  stm32f1xx_hal_can.o
    0x08000f90   0x08000f90   0x00000002   Code   RO          817    i.HAL_CAN_TxMailbox1AbortCallback  stm32f1xx_hal_can.o
    0x08000f92   0x08000f92   0x00000002   Code   RO          818    i.HAL_CAN_TxMailbox1CompleteCallback  stm32f1xx_hal_can.o
    0x08000f94   0x08000f94   0x00000002   Code   RO          819    i.HAL_CAN_TxMailbox2AbortCallback  stm32f1xx_hal_can.o
    0x08000f96   0x08000f96   0x00000002   Code   RO          820    i.HAL_CAN_TxMailbox2CompleteCallback  stm32f1xx_hal_can.o
    0x08000f98   0x08000f98   0x00000002   Code   RO          822    i.HAL_CAN_WakeUpFromRxMsgCallback  stm32f1xx_hal_can.o
    0x08000f9a   0x08000f9a   0x00000002   PAD
    0x08000f9c   0x08000f9c   0x00000024   Code   RO         1028    i.HAL_Delay         stm32f1xx_hal.o
    0x08000fc0   0x08000fc0   0x00000044   Code   RO           14    i.HAL_GPIO_EXTI_Callback  main.o
    0x08001004   0x08001004   0x00000018   Code   RO         1335    i.HAL_GPIO_EXTI_IRQHandler  stm32f1xx_hal_gpio.o
    0x0800101c   0x0800101c   0x000001cc   Code   RO         1336    i.HAL_GPIO_Init     stm32f1xx_hal_gpio.o
    0x080011e8   0x080011e8   0x0000000a   Code   RO         1338    i.HAL_GPIO_ReadPin  stm32f1xx_hal_gpio.o
    0x080011f2   0x080011f2   0x0000000a   Code   RO         1340    i.HAL_GPIO_WritePin  stm32f1xx_hal_gpio.o
    0x080011fc   0x080011fc   0x0000000c   Code   RO         1032    i.HAL_GetTick       stm32f1xx_hal.o
    0x08001208   0x08001208   0x00000188   Code   RO         2007    i.HAL_I2C_Init      stm32f1xx_hal_i2c.o
    0x08001390   0x08001390   0x0000012c   Code   RO         2020    i.HAL_I2C_Master_Transmit  stm32f1xx_hal_i2c.o
    0x080014bc   0x080014bc   0x00000130   Code   RO         2028    i.HAL_I2C_Mem_Write  stm32f1xx_hal_i2c.o
    0x080015ec   0x080015ec   0x00000060   Code   RO          298    i.HAL_I2C_MspInit   i2c.o
    0x0800164c   0x0800164c   0x00000010   Code   RO         1038    i.HAL_IncTick       stm32f1xx_hal.o
    0x0800165c   0x0800165c   0x00000024   Code   RO         1039    i.HAL_Init          stm32f1xx_hal.o
    0x08001680   0x08001680   0x00000040   Code   RO         1040    i.HAL_InitTick      stm32f1xx_hal.o
    0x080016c0   0x080016c0   0x0000003c   Code   RO          595    i.HAL_MspInit       stm32f1xx_hal_msp.o
    0x080016fc   0x080016fc   0x0000001a   Code   RO         1496    i.HAL_NVIC_EnableIRQ  stm32f1xx_hal_cortex.o
    0x08001716   0x08001716   0x00000002   PAD
    0x08001718   0x08001718   0x00000040   Code   RO         1502    i.HAL_NVIC_SetPriority  stm32f1xx_hal_cortex.o
    0x08001758   0x08001758   0x00000024   Code   RO         1503    i.HAL_NVIC_SetPriorityGrouping  stm32f1xx_hal_cortex.o
    0x0800177c   0x0800177c   0x0000000c   Code   RO         1618    i.HAL_PWR_EnableBkUpAccess  stm32f1xx_hal_pwr.o
    0x08001788   0x08001788   0x000000c4   Code   RO         1298    i.HAL_RCCEx_GetPeriphCLKFreq  stm32f1xx_hal_rcc_ex.o
    0x0800184c   0x0800184c   0x000000e8   Code   RO         1299    i.HAL_RCCEx_PeriphCLKConfig  stm32f1xx_hal_rcc_ex.o
    0x08001934   0x08001934   0x00000138   Code   RO         1196    i.HAL_RCC_ClockConfig  stm32f1xx_hal_rcc.o
    0x08001a6c   0x08001a6c   0x00000020   Code   RO         1203    i.HAL_RCC_GetPCLK1Freq  stm32f1xx_hal_rcc.o
    0x08001a8c   0x08001a8c   0x00000020   Code   RO         1204    i.HAL_RCC_GetPCLK2Freq  stm32f1xx_hal_rcc.o
    0x08001aac   0x08001aac   0x0000006c   Code   RO         1205    i.HAL_RCC_GetSysClockFreq  stm32f1xx_hal_rcc.o
    0x08001b18   0x08001b18   0x00000318   Code   RO         1208    i.HAL_RCC_OscConfig  stm32f1xx_hal_rcc.o
    0x08001e30   0x08001e30   0x0000004e   Code   RO         2433    i.HAL_RTC_GetDate   stm32f1xx_hal_rtc.o
    0x08001e7e   0x08001e7e   0x000000d8   Code   RO         2435    i.HAL_RTC_GetTime   stm32f1xx_hal_rtc.o
    0x08001f56   0x08001f56   0x00000002   PAD
    0x08001f58   0x08001f58   0x000000a0   Code   RO         2436    i.HAL_RTC_Init      stm32f1xx_hal_rtc.o
    0x08001ff8   0x08001ff8   0x00000034   Code   RO          340    i.HAL_RTC_MspInit   rtc.o
    0x0800202c   0x0800202c   0x000000c4   Code   RO         2442    i.HAL_RTC_SetDate   stm32f1xx_hal_rtc.o
    0x080020f0   0x080020f0   0x000000b0   Code   RO         2443    i.HAL_RTC_SetTime   stm32f1xx_hal_rtc.o
    0x080021a0   0x080021a0   0x0000003a   Code   RO         2444    i.HAL_RTC_WaitForSynchro  stm32f1xx_hal_rtc.o
    0x080021da   0x080021da   0x00000028   Code   RO         1507    i.HAL_SYSTICK_Config  stm32f1xx_hal_cortex.o
    0x08002202   0x08002202   0x00000002   Code   RO         3406    i.HAL_TIMEx_BreakCallback  stm32f1xx_hal_tim_ex.o
    0x08002204   0x08002204   0x00000002   Code   RO         3407    i.HAL_TIMEx_CommutCallback  stm32f1xx_hal_tim_ex.o
    0x08002206   0x08002206   0x00000002   PAD
    0x08002208   0x08002208   0x00000068   Code   RO         3425    i.HAL_TIMEx_MasterConfigSynchronization  stm32f1xx_hal_tim_ex.o
    0x08002270   0x08002270   0x0000005a   Code   RO         2702    i.HAL_TIM_Base_Init  stm32f1xx_hal_tim.o
    0x080022ca   0x080022ca   0x00000002   PAD
    0x080022cc   0x080022cc   0x00000054   Code   RO          394    i.HAL_TIM_Base_MspInit  tim.o
    0x08002320   0x08002320   0x00000058   Code   RO         2707    i.HAL_TIM_Base_Start_IT  stm32f1xx_hal_tim.o
    0x08002378   0x08002378   0x000000d6   Code   RO         2711    i.HAL_TIM_ConfigClockSource  stm32f1xx_hal_tim.o
    0x0800244e   0x0800244e   0x00000002   Code   RO         2736    i.HAL_TIM_IC_CaptureCallback  stm32f1xx_hal_tim.o
    0x08002450   0x08002450   0x00000166   Code   RO         2750    i.HAL_TIM_IRQHandler  stm32f1xx_hal_tim.o
    0x080025b6   0x080025b6   0x00000002   PAD
    0x080025b8   0x080025b8   0x0000004c   Code   RO          395    i.HAL_TIM_MspPostInit  tim.o
    0x08002604   0x08002604   0x00000002   Code   RO         2753    i.HAL_TIM_OC_DelayElapsedCallback  stm32f1xx_hal_tim.o
    0x08002606   0x08002606   0x000000c6   Code   RO         2774    i.HAL_TIM_PWM_ConfigChannel  stm32f1xx_hal_tim.o
    0x080026cc   0x080026cc   0x0000005a   Code   RO         2777    i.HAL_TIM_PWM_Init  stm32f1xx_hal_tim.o
    0x08002726   0x08002726   0x00000002   Code   RO         2779    i.HAL_TIM_PWM_MspInit  stm32f1xx_hal_tim.o
    0x08002728   0x08002728   0x00000002   Code   RO         2780    i.HAL_TIM_PWM_PulseFinishedCallback  stm32f1xx_hal_tim.o
    0x0800272a   0x0800272a   0x00000002   PAD
    0x0800272c   0x0800272c   0x000000a0   Code   RO         2782    i.HAL_TIM_PWM_Start  stm32f1xx_hal_tim.o
    0x080027cc   0x080027cc   0x00000070   Code   RO         2785    i.HAL_TIM_PWM_Stop  stm32f1xx_hal_tim.o
    0x0800283c   0x0800283c   0x0000003c   Code   RO           15    i.HAL_TIM_PeriodElapsedCallback  main.o
    0x08002878   0x08002878   0x00000002   Code   RO         2793    i.HAL_TIM_TriggerCallback  stm32f1xx_hal_tim.o
    0x0800287a   0x0800287a   0x00000062   Code   RO         3702    i.HAL_UART_Init     stm32f1xx_hal_uart.o
    0x080028dc   0x080028dc   0x00000070   Code   RO          448    i.HAL_UART_MspInit  usart.o
    0x0800294c   0x0800294c   0x000000b0   Code   RO         3710    i.HAL_UART_Transmit  stm32f1xx_hal_uart.o
    0x080029fc   0x080029fc   0x00000002   Code   RO          494    i.HardFault_Handler  stm32f1xx_it.o
    0x080029fe   0x080029fe   0x0000002e   Code   RO         2049    i.I2C_IsAcknowledgeFailed  stm32f1xx_hal_i2c.o
    0x08002a2c   0x08002a2c   0x0000009c   Code   RO         2053    i.I2C_MasterRequestWrite  stm32f1xx_hal_i2c.o
    0x08002ac8   0x08002ac8   0x000000a8   Code   RO         2060    i.I2C_RequestMemoryWrite  stm32f1xx_hal_i2c.o
    0x08002b70   0x08002b70   0x0000004c   Code   RO         2064    i.I2C_WaitOnBTFFlagUntilTimeout  stm32f1xx_hal_i2c.o
    0x08002bbc   0x08002bbc   0x00000068   Code   RO         2065    i.I2C_WaitOnFlagUntilTimeout  stm32f1xx_hal_i2c.o
    0x08002c24   0x08002c24   0x00000098   Code   RO         2066    i.I2C_WaitOnMasterAddressFlagUntilTimeout  stm32f1xx_hal_i2c.o
    0x08002cbc   0x08002cbc   0x0000004c   Code   RO         2068    i.I2C_WaitOnTXEFlagUntilTimeout  stm32f1xx_hal_i2c.o
    0x08002d08   0x08002d08   0x00000028   Code   RO          620    i.LCD_command       i2c_1602.o
    0x08002d30   0x08002d30   0x00000028   Code   RO          621    i.LCD_data          i2c_1602.o
    0x08002d58   0x08002d58   0x00000048   Code   RO          235    i.MX_CAN_Init       can.o
    0x08002da0   0x08002da0   0x00000118   Code   RO          205    i.MX_GPIO_Init      gpio.o
    0x08002eb8   0x08002eb8   0x00000040   Code   RO          299    i.MX_I2C2_Init      i2c.o
    0x08002ef8   0x08002ef8   0x0000006c   Code   RO          341    i.MX_RTC_Init       rtc.o
    0x08002f64   0x08002f64   0x0000006c   Code   RO          396    i.MX_TIM1_Init      tim.o
    0x08002fd0   0x08002fd0   0x0000009c   Code   RO          397    i.MX_TIM4_Init      tim.o
    0x0800306c   0x0800306c   0x00000038   Code   RO          449    i.MX_USART1_UART_Init  usart.o
    0x080030a4   0x080030a4   0x00000002   Code   RO          495    i.MemManage_Handler  stm32f1xx_it.o
    0x080030a6   0x080030a6   0x00000002   Code   RO          496    i.NMI_Handler       stm32f1xx_it.o
    0x080030a8   0x080030a8   0x00000002   Code   RO          497    i.PendSV_Handler    stm32f1xx_it.o
    0x080030aa   0x080030aa   0x00000012   Code   RO         2445    i.RTC_Bcd2ToByte    stm32f1xx_hal_rtc.o
    0x080030bc   0x080030bc   0x00000016   Code   RO         2446    i.RTC_ByteToBcd2    stm32f1xx_hal_rtc.o
    0x080030d2   0x080030d2   0x000000ae   Code   RO         2447    i.RTC_DateUpdate    stm32f1xx_hal_rtc.o
    0x08003180   0x08003180   0x00000034   Code   RO         2448    i.RTC_EnterInitMode  stm32f1xx_hal_rtc.o
    0x080031b4   0x080031b4   0x00000034   Code   RO         2449    i.RTC_ExitInitMode  stm32f1xx_hal_rtc.o
    0x080031e8   0x080031e8   0x0000000e   Code   RO         2450    i.RTC_ReadAlarmCounter  stm32f1xx_hal_rtc.o
    0x080031f6   0x080031f6   0x00000020   Code   RO         2451    i.RTC_ReadTimeCounter  stm32f1xx_hal_rtc.o
    0x08003216   0x08003216   0x00000002   PAD
    0x08003218   0x08003218   0x00000024   Code   RO          342    i.RTC_Set_Date      rtc.o
    0x0800323c   0x0800323c   0x00000020   Code   RO          343    i.RTC_Set_Time      rtc.o
    0x0800325c   0x0800325c   0x00000056   Code   RO         2452    i.RTC_WeekDayNum    stm32f1xx_hal_rtc.o
    0x080032b2   0x080032b2   0x00000028   Code   RO         2453    i.RTC_WriteAlarmCounter  stm32f1xx_hal_rtc.o
    0x080032da   0x080032da   0x00000028   Code   RO         2454    i.RTC_WriteTimeCounter  stm32f1xx_hal_rtc.o
    0x08003302   0x08003302   0x00000002   Code   RO          498    i.SVC_Handler       stm32f1xx_it.o
    0x08003304   0x08003304   0x00000004   Code   RO          499    i.SysTick_Handler   stm32f1xx_it.o
    0x08003308   0x08003308   0x00000082   Code   RO           16    i.SystemClock_Config  main.o
    0x0800338a   0x0800338a   0x00000002   Code   RO         4031    i.SystemInit        system_stm32f1xx.o
    0x0800338c   0x0800338c   0x0000000c   Code   RO          500    i.TIM1_UP_IRQHandler  stm32f1xx_it.o
    0x08003398   0x08003398   0x0000006c   Code   RO         2795    i.TIM_Base_SetConfig  stm32f1xx_hal_tim.o
    0x08003404   0x08003404   0x0000001a   Code   RO         2796    i.TIM_CCxChannelCmd  stm32f1xx_hal_tim.o
    0x0800341e   0x0800341e   0x00000014   Code   RO         2806    i.TIM_ETR_SetConfig  stm32f1xx_hal_tim.o
    0x08003432   0x08003432   0x00000010   Code   RO         2807    i.TIM_ITRx_SetConfig  stm32f1xx_hal_tim.o
    0x08003442   0x08003442   0x00000002   PAD
    0x08003444   0x08003444   0x00000058   Code   RO         2808    i.TIM_OC1_SetConfig  stm32f1xx_hal_tim.o
    0x0800349c   0x0800349c   0x0000005c   Code   RO         2809    i.TIM_OC2_SetConfig  stm32f1xx_hal_tim.o
    0x080034f8   0x080034f8   0x00000058   Code   RO         2810    i.TIM_OC3_SetConfig  stm32f1xx_hal_tim.o
    0x08003550   0x08003550   0x00000044   Code   RO         2811    i.TIM_OC4_SetConfig  stm32f1xx_hal_tim.o
    0x08003594   0x08003594   0x00000022   Code   RO         2813    i.TIM_TI1_ConfigInputStage  stm32f1xx_hal_tim.o
    0x080035b6   0x080035b6   0x00000024   Code   RO         2815    i.TIM_TI2_ConfigInputStage  stm32f1xx_hal_tim.o
    0x080035da   0x080035da   0x00000002   PAD
    0x080035dc   0x080035dc   0x000000b8   Code   RO         3728    i.UART_SetConfig    stm32f1xx_hal_uart.o
    0x08003694   0x08003694   0x00000062   Code   RO         3731    i.UART_WaitOnFlagUntilTimeout  stm32f1xx_hal_uart.o
    0x080036f6   0x080036f6   0x00000002   PAD
    0x080036f8   0x080036f8   0x0000000c   Code   RO          501    i.USB_LP_CAN1_RX0_IRQHandler  stm32f1xx_it.o
    0x08003704   0x08003704   0x00000002   Code   RO          502    i.UsageFault_Handler  stm32f1xx_it.o
    0x08003706   0x08003706   0x00000002   PAD
    0x08003708   0x08003708   0x00000024   Code   RO         4083    i.__0vsprintf       mc_w.l(printfa.o)
    0x0800372c   0x0800372c   0x00000020   Code   RO         1509    i.__NVIC_SetPriority  stm32f1xx_hal_cortex.o
    0x0800374c   0x0800374c   0x0000000e   Code   RO         4146    i.__scatterload_copy  mc_w.l(handlers.o)
    0x0800375a   0x0800375a   0x00000002   Code   RO         4147    i.__scatterload_null  mc_w.l(handlers.o)
    0x0800375c   0x0800375c   0x0000000e   Code   RO         4148    i.__scatterload_zeroinit  mc_w.l(handlers.o)
    0x0800376a   0x0800376a   0x00000002   PAD
    0x0800376c   0x0800376c   0x00000184   Code   RO         4084    i._fp_digits        mc_w.l(printfa.o)
    0x080038f0   0x080038f0   0x000006dc   Code   RO         4085    i._printf_core      mc_w.l(printfa.o)
    0x08003fcc   0x08003fcc   0x00000024   Code   RO         4086    i._printf_post_padding  mc_w.l(printfa.o)
    0x08003ff0   0x08003ff0   0x0000002e   Code   RO         4087    i._printf_pre_padding  mc_w.l(printfa.o)
    0x0800401e   0x0800401e   0x0000000a   Code   RO         4089    i._sputc            mc_w.l(printfa.o)
    0x08004028   0x08004028   0x00000044   Code   RO          623    i.lcd_1602_Setbacklight  i2c_1602.o
    0x0800406c   0x0800406c   0x000000a2   Code   RO          624    i.lcd_1602_init     i2c_1602.o
    0x0800410e   0x0800410e   0x00000002   PAD
    0x08004110   0x08004110   0x00000084   Code   RO          625    i.lcd_1602_printf   i2c_1602.o
    0x08004194   0x08004194   0x00000424   Code   RO           17    i.main              main.o
    0x080045b8   0x080045b8   0x00000030   Code   RO          696    i.relay_485_OnOff   relay_485.o
    0x080045e8   0x080045e8   0x0000002c   Code   RO          697    i.relay_485_init    relay_485.o
    0x08004614   0x08004614   0x00000034   Code   RO           18    i.set_relay         main.o
    0x08004648   0x08004648   0x00000020   Code   RO          626    i.write9633         i2c_1602.o
    0x08004668   0x08004668   0x00000010   Data   RO         4032    .constdata          system_stm32f1xx.o
    0x08004678   0x08004678   0x00000008   Data   RO         4033    .constdata          system_stm32f1xx.o
    0x08004680   0x08004680   0x00000020   Data   RO         4144    Region$$Table       anon$$obj.o


    Execution Region RW_IRAM1 (Exec base: 0x20000000, Load base: 0x080046a0, Size: 0x00000698, Max: 0x00005000, ABSOLUTE)

    Exec Addr    Load Addr    Size         Type   Attr      Idx    E Section Name        Object

    0x20000000   0x080046a0   0x00000030   Data   RW           20    .data               main.o
    0x20000030   0x080046d0   0x00000008   Data   RW          237    .data               can.o
    0x20000038   0x080046d8   0x00000003   Data   RW          628    .data               i2c_1602.o
    0x2000003b   0x080046db   0x00000001   PAD
    0x2000003c   0x080046dc   0x0000000c   Data   RW         1046    .data               stm32f1xx_hal.o
    0x20000048   0x080046e8   0x00000004   Data   RW         4034    .data               system_stm32f1xx.o
    0x2000004c        -       0x00000020   Zero   RW           19    .bss                main.o
    0x2000006c        -       0x00000028   Zero   RW          236    .bss                can.o
    0x20000094        -       0x00000054   Zero   RW          300    .bss                i2c.o
    0x200000e8        -       0x00000014   Zero   RW          344    .bss                rtc.o
    0x200000fc        -       0x00000090   Zero   RW          398    .bss                tim.o
    0x2000018c        -       0x00000044   Zero   RW          450    .bss                usart.o
    0x200001d0        -       0x000000c8   Zero   RW          627    .bss                i2c_1602.o
    0x20000298        -       0x00000400   Zero   RW            1    STACK               startup_stm32f103xb.o


==============================================================================

Image component sizes


      Code (inc. data)   RO Data    RW Data    ZI Data      Debug   Object Name

       680         72          0          8         40       4426   can.o
       280         20          0          0          0        991   gpio.o
       160         28          0          0         84       1569   i2c.o
       498         28          0          3        200       5461   i2c_1602.o
      1374        124          0         48         32     455266   main.o
        92         18          0          0          0       1087   relay_485.o
       228         32          0          0         20       2737   rtc.o
        36          8        236          0       1024        788   startup_stm32f103xb.o
       164         28          0         12          0       5793   stm32f1xx_hal.o
      1648          0          0          0          0      14385   stm32f1xx_hal_can.o
       198         14          0          0          0      28815   stm32f1xx_hal_cortex.o
       504         40          0          0          0       3990   stm32f1xx_hal_gpio.o
      1774         48          0          0          0      11013   stm32f1xx_hal_i2c.o
        60          8          0          0          0        850   stm32f1xx_hal_msp.o
        12          4          0          0          0        499   stm32f1xx_hal_pwr.o
      1276        100          0          0          0       5256   stm32f1xx_hal_rcc.o
       428         44          0          0          0       2573   stm32f1xx_hal_rcc_ex.o
      1414         16          0          0          0      12616   stm32f1xx_hal_rtc.o
      1896         62          0          0          0      16893   stm32f1xx_hal_tim.o
       108         12          0          0          0       2397   stm32f1xx_hal_tim_ex.o
       556          6          0          0          0       3868   stm32f1xx_hal_uart.o
        62         12          0          0          0       5863   stm32f1xx_it.o
         2          0         24          4          0       1071   system_stm32f1xx.o
       424         42          0          0        144       2937   tim.o
       168         20          0          0         68       1626   usart.o

    ----------------------------------------------------------------------
     14070        786        292         76       1612     592770   Object Totals
         0          0         32          0          0          0   (incl. Generated)
        28          0          0          1          0          0   (incl. Padding)

    ----------------------------------------------------------------------

      Code (inc. data)   RO Data    RW Data    ZI Data      Debug   Library Member Name

         0          0          0          0          0          0   entry.o
         0          0          0          0          0          0   entry10a.o
         0          0          0          0          0          0   entry11a.o
         8          4          0          0          0          0   entry2.o
         4          0          0          0          0          0   entry5.o
         0          0          0          0          0          0   entry7b.o
         0          0          0          0          0          0   entry8b.o
         8          4          0          0          0          0   entry9a.o
        30          0          0          0          0          0   handlers.o
        36          8          0          0          0         68   init.o
         0          0          0          0          0          0   iusefp.o
        30          0          0          0          0         68   llshl.o
        36          0          0          0          0         68   llsshr.o
        32          0          0          0          0         68   llushr.o
        36          0          0          0          0        108   memseta.o
      2272         86          0          0          0        516   printfa.o
        14          0          0          0          0         68   strlen.o
        44          0          0          0          0         80   uidiv.o
        98          0          0          0          0         92   uldiv.o
        48          0          0          0          0         68   cdrcmple.o
       334          0          0          0          0        148   dadd.o
       222          0          0          0          0        100   ddiv.o
       186          0          0          0          0        176   depilogue.o
        48          0          0          0          0         68   dfixul.o
       228          0          0          0          0         96   dmul.o

    ----------------------------------------------------------------------
      3718        102          0          0          0       1792   Library Totals
         4          0          0          0          0          0   (incl. Padding)

    ----------------------------------------------------------------------

      Code (inc. data)   RO Data    RW Data    ZI Data      Debug   Library Name

      2648        102          0          0          0       1136   mc_w.l
      1066          0          0          0          0        656   mf_w.l

    ----------------------------------------------------------------------
      3718        102          0          0          0       1792   Library Totals

    ----------------------------------------------------------------------

==============================================================================


      Code (inc. data)   RO Data    RW Data    ZI Data      Debug   

     17788        888        292         76       1612     586342   Grand Totals
     17788        888        292         76       1612     586342   ELF Image Totals
     17788        888        292         76          0          0   ROM Totals

==============================================================================

    Total RO  Size (Code + RO Data)                18080 (  17.66kB)
    Total RW  Size (RW Data + ZI Data)              1688 (   1.65kB)
    Total ROM Size (Code + RO Data + RW Data)      18156 (  17.73kB)

==============================================================================

