Component: ARM Compiler 5.06 update 6 (build 750) Tool: armlink [4d35ed]

==============================================================================

Section Cross References

    startup_stm32f103xb.o(RESET) refers to startup_stm32f103xb.o(STACK) for __initial_sp
    startup_stm32f103xb.o(RESET) refers to startup_stm32f103xb.o(.text) for Reset_Handler
    startup_stm32f103xb.o(RESET) refers to stm32f1xx_it.o(i.NMI_Handler) for NMI_Handler
    startup_stm32f103xb.o(RESET) refers to stm32f1xx_it.o(i.HardFault_Handler) for HardFault_Handler
    startup_stm32f103xb.o(RESET) refers to stm32f1xx_it.o(i.MemManage_Handler) for MemManage_Handler
    startup_stm32f103xb.o(RESET) refers to stm32f1xx_it.o(i.BusFault_Handler) for BusFault_Handler
    startup_stm32f103xb.o(RESET) refers to stm32f1xx_it.o(i.UsageFault_Handler) for UsageFault_Handler
    startup_stm32f103xb.o(RESET) refers to stm32f1xx_it.o(i.SVC_Handler) for SVC_Handler
    startup_stm32f103xb.o(RESET) refers to stm32f1xx_it.o(i.DebugMon_Handler) for DebugMon_Handler
    startup_stm32f103xb.o(RESET) refers to stm32f1xx_it.o(i.PendSV_Handler) for PendSV_Handler
    startup_stm32f103xb.o(RESET) refers to stm32f1xx_it.o(i.SysTick_Handler) for SysTick_Handler
    startup_stm32f103xb.o(RESET) refers to stm32f1xx_it.o(i.EXTI3_IRQHandler) for EXTI3_IRQHandler
    startup_stm32f103xb.o(RESET) refers to stm32f1xx_it.o(i.EXTI4_IRQHandler) for EXTI4_IRQHandler
    startup_stm32f103xb.o(RESET) refers to stm32f1xx_it.o(i.USB_LP_CAN1_RX0_IRQHandler) for USB_LP_CAN1_RX0_IRQHandler
    startup_stm32f103xb.o(RESET) refers to stm32f1xx_it.o(i.EXTI9_5_IRQHandler) for EXTI9_5_IRQHandler
    startup_stm32f103xb.o(RESET) refers to stm32f1xx_it.o(i.TIM1_UP_IRQHandler) for TIM1_UP_IRQHandler
    startup_stm32f103xb.o(.text) refers to system_stm32f1xx.o(i.SystemInit) for SystemInit
    startup_stm32f103xb.o(.text) refers to entry.o(.ARM.Collect$$$$00000000) for __main
    main.o(i.HAL_GPIO_EXTI_Callback) refers to stm32f1xx_hal.o(i.HAL_Delay) for HAL_Delay
    main.o(i.HAL_GPIO_EXTI_Callback) refers to stm32f1xx_hal_gpio.o(i.HAL_GPIO_ReadPin) for HAL_GPIO_ReadPin
    main.o(i.HAL_GPIO_EXTI_Callback) refers to main.o(.data) for .data
    main.o(i.HAL_TIM_PeriodElapsedCallback) refers to uldiv.o(.text) for __aeabi_uldivmod
    main.o(i.HAL_TIM_PeriodElapsedCallback) refers to main.o(.data) for .data
    main.o(i.SystemClock_Config) refers to memseta.o(.text) for __aeabi_memclr4
    main.o(i.SystemClock_Config) refers to stm32f1xx_hal_rcc.o(i.HAL_RCC_OscConfig) for HAL_RCC_OscConfig
    main.o(i.SystemClock_Config) refers to stm32f1xx_hal_rcc.o(i.HAL_RCC_ClockConfig) for HAL_RCC_ClockConfig
    main.o(i.SystemClock_Config) refers to stm32f1xx_hal_rcc_ex.o(i.HAL_RCCEx_PeriphCLKConfig) for HAL_RCCEx_PeriphCLKConfig
    main.o(i.main) refers to stm32f1xx_hal.o(i.HAL_Init) for HAL_Init
    main.o(i.main) refers to main.o(i.SystemClock_Config) for SystemClock_Config
    main.o(i.main) refers to gpio.o(i.MX_GPIO_Init) for MX_GPIO_Init
    main.o(i.main) refers to rtc.o(i.MX_RTC_Init) for MX_RTC_Init
    main.o(i.main) refers to usart.o(i.MX_USART1_UART_Init) for MX_USART1_UART_Init
    main.o(i.main) refers to can.o(i.MX_CAN_Init) for MX_CAN_Init
    main.o(i.main) refers to tim.o(i.MX_TIM1_Init) for MX_TIM1_Init
    main.o(i.main) refers to i2c.o(i.MX_I2C2_Init) for MX_I2C2_Init
    main.o(i.main) refers to tim.o(i.MX_TIM4_Init) for MX_TIM4_Init
    main.o(i.main) refers to i2c_1602.o(i.lcd_1602_init) for lcd_1602_init
    main.o(i.main) refers to relay_485.o(i.relay_485_init) for relay_485_init
    main.o(i.main) refers to stm32f1xx_hal_tim.o(i.HAL_TIM_Base_Start_IT) for HAL_TIM_Base_Start_IT
    main.o(i.main) refers to ds18b20.o(i.DS18B20_Init) for DS18B20_Init
    main.o(i.main) refers to i2c_1602.o(i.lcd_1602_Setbacklight) for lcd_1602_Setbacklight
    main.o(i.main) refers to i2c_1602.o(i.lcd_1602_printf) for lcd_1602_printf
    main.o(i.main) refers to stm32f1xx_hal_rtc.o(i.HAL_RTC_GetTime) for HAL_RTC_GetTime
    main.o(i.main) refers to main.o(i.set_relay) for set_relay
    main.o(i.main) refers to stm32f1xx_hal_gpio.o(i.HAL_GPIO_WritePin) for HAL_GPIO_WritePin
    main.o(i.main) refers to stm32f1xx_hal_tim.o(i.HAL_TIM_PWM_Start) for HAL_TIM_PWM_Start
    main.o(i.main) refers to can.o(i.Can_TxMessage) for Can_TxMessage
    main.o(i.main) refers to stm32f1xx_hal_tim.o(i.HAL_TIM_PWM_Stop) for HAL_TIM_PWM_Stop
    main.o(i.main) refers to tim.o(.bss) for htim1
    main.o(i.main) refers to main.o(.data) for .data
    main.o(i.main) refers to rtc.o(.bss) for hrtc
    main.o(i.main) refers to main.o(.bss) for .bss
    main.o(i.main) refers to relay_485.o(i.relay_485_OnOff) for relay_485_OnOff
    main.o(i.main) refers to ds18b20.o(i.DS18B20_Get_Temp) for DS18B20_Get_Temp
    main.o(i.main) refers to stm32f1xx_hal_rtc.o(i.HAL_RTC_GetDate) for HAL_RTC_GetDate
    main.o(i.main) refers to stm32f1xx_hal.o(i.HAL_Delay) for HAL_Delay
[...]
    ../Drivers/STM32F1xx_HAL_Driver/Src/stm32f1xx_hal_i2c.c 0x00000000   Number         0  stm32f1xx_hal_i2c.o ABSOLUTE
    ../Drivers/STM32F1xx_HAL_Driver/Src/stm32f1xx_hal_pwr.c 0x00000000   Number         0  stm32f1xx_hal_pwr.o ABSOLUTE
    ../Drivers/STM32F1xx_HAL_Driver/Src/stm32f1xx_hal_rcc.c 0x00000000   Number         0  stm32f1xx_hal_rcc.o ABSOLUTE
    ../Drivers/STM32F1xx_HAL_Driver/Src/stm32f1xx_hal_rcc_ex.c 0x00000000   Number         0  stm32f1xx_hal_rcc_ex.o ABSOLUTE
    ../Drivers/STM32F1xx_HAL_Driver/Src/stm32f1xx_hal_rtc.c 0x00000000   Number         0  stm32f1xx_hal_rtc.o ABSOLUTE
    ../Drivers/STM32F1xx_HAL_Driver/Src/stm32f1xx_hal_rtc_ex.c 0x00000000   Number         0  stm32f1xx_hal_rtc_ex.o ABSOLUTE
    ../Drivers/STM32F1xx_HAL_Driver/Src/stm32f1xx_hal_tim.c 0x00000000   Number         0  stm32f1xx_hal_tim.o ABSOLUTE
    ../Drivers/STM32F1xx_HAL_Driver/Src/stm32f1xx_hal_tim_ex.c 0x00000000   Number         0  stm32f1xx_hal_tim_ex.o ABSOLUTE
    ../Drivers/STM32F1xx_HAL_Driver/Src/stm32f1xx_hal_uart.c 0x00000000   Number         0  stm32f1xx_hal_uart.o ABSOLUTE
    ../clib/microlib/division.c              0x00000000   Number         0  uidiv.o ABSOLUTE
    ../clib/microlib/division.c              0x00000000   Number         0  uldiv.o ABSOLUTE
    ../clib/microlib/init/entry.s            0x00000000   Number         0  entry2.o ABSOLUTE
    ../clib/microlib/init/entry.s            0x00000000   Number         0  entry7a.o ABSOLUTE
    ../clib/microlib/init/entry.s            0x00000000   Number         0  entry5.o ABSOLUTE
    ../clib/microlib/init/entry.s            0x00000000   Number         0  entry.o ABSOLUTE
    ../clib/microlib/init/entry.s            0x00000000   Number         0  entry7b.o ABSOLUTE
    ../clib/microlib/init/entry.s            0x00000000   Number         0  entry8b.o ABSOLUTE
    ../clib/microlib/init/entry.s            0x00000000   Number         0  entry9a.o ABSOLUTE
    ../clib/microlib/init/entry.s            0x00000000   Number         0  entry9b.o ABSOLUTE
    ../clib/microlib/init/entry.s            0x00000000   Number         0  entry10a.o ABSOLUTE
    ../clib/microlib/init/entry.s            0x00000000   Number         0  entry10b.o ABSOLUTE
    ../clib/microlib/init/entry.s            0x00000000   Number         0  entry11a.o ABSOLUTE
    ../clib/microlib/init/entry.s            0x00000000   Number         0  entry8a.o ABSOLUTE
    ../clib/microlib/init/entry.s            0x00000000   Number         0  entry11b.o ABSOLUTE
    ../clib/microlib/longlong.c              0x00000000   Number         0  llushr.o ABSOLUTE
    ../clib/microlib/longlong.c              0x00000000   Number         0  llsshr.o ABSOLUTE
    ../clib/microlib/longlong.c              0x00000000   Number         0  llshl.o ABSOLUTE
    ../clib/microlib/printf/printf.c         0x00000000   Number         0  printfa.o ABSOLUTE
    ../clib/microlib/stdio/fputc.c           0x00000000   Number         0  fputc.o ABSOLUTE
    ../clib/microlib/stdio/semi.s            0x00000000   Number         0  semi.o ABSOLUTE
    ../clib/microlib/stdio/streams.c         0x00000000   Number         0  stdout.o ABSOLUTE
    ../clib/microlib/string/memset.c         0x00000000   Number         0  memseta.o ABSOLUTE
    ../clib/microlib/string/strlen.c         0x00000000   Number         0  strlen.o ABSOLUTE
    ../clib/microlib/stubs.s                 0x00000000   Number         0  iusesemip.o ABSOLUTE
    ../clib/microlib/stubs.s                 0x00000000   Number         0  iusefp.o ABSOLUTE
    ../fplib/microlib/fpadd.c                0x00000000   Number         0  dadd.o ABSOLUTE
    ../fplib/microlib/fpdiv.c                0x00000000   Number         0  ddiv.o ABSOLUTE
    ../fplib/microlib/fpepilogue.c           0x00000000   Number         0  depilogue.o ABSOLUTE
    ../fplib/microlib/fpfix.c                0x00000000   Number         0  dfixul.o ABSOLUTE
    ../fplib/microlib/fpfix.c                0x00000000   Number         0  dfixi.o ABSOLUTE
    ../fplib/microlib/fpflt.c                0x00000000   Number         0  dflti.o ABSOLUTE
    ../fplib/microlib/fpmul.c                0x00000000   Number         0  dmul.o ABSOLUTE
    ..\Core\Src\can.c                        0x00000000   Number         0  can.o ABSOLUTE
    ..\Core\Src\gpio.c                       0x00000000   Number         0  gpio.o ABSOLUTE
    ..\Core\Src\i2c.c                        0x00000000   Number         0  i2c.o ABSOLUTE
    ..\Core\Src\main.c                       0x00000000   Number         0  main.o ABSOLUTE
    ..\Core\Src\rtc.c                        0x00000000   Number         0  rtc.o ABSOLUTE
    ..\Core\Src\stm32f1xx_hal_msp.c          0x00000000   Number         0  stm32f1xx_hal_msp.o ABSOLUTE
    ..\Core\Src\stm32f1xx_it.c               0x00000000   Number         0  stm32f1xx_it.o ABSOLUTE
    ..\Core\Src\system_stm32f1xx.c           0x00000000   Number         0  system_stm32f1xx.o ABSOLUTE
    ..\Core\Src\tim.c                        0x00000000   Number         0  tim.o ABSOLUTE
    ..\Core\Src\usart.c                      0x00000000   Number         0  usart.o ABSOLUTE
    ..\Drivers\STM32F1xx_HAL_Driver\Src\stm32f1xx_hal.c 0x00000000   Number         0  stm32f1xx_hal.o ABSOLUTE
    ..\Drivers\STM32F1xx_HAL_Driver\Src\stm32f1xx_hal_can.c 0x00000000   Number         0  stm32f1xx_hal_can.o ABSOLUTE
    ..\Drivers\STM32F1xx_HAL_Driver\Src\stm32f1xx_hal_cortex.c 0x00000000   Number         0  stm32f1xx_hal_cortex.o ABSOLUTE
    ..\Drivers\STM32F1xx_HAL_Driver\Src\stm32f1xx_hal_dma.c 0x00000000   Number         0  stm32f1xx_hal_dma.o ABSOLUTE
    ..\Drivers\STM32F1xx_HAL_Driver\Src\stm32f1xx_hal_exti.c 0x00000000   Number         0  stm32f1xx_hal_exti.o ABSOLUTE
    ..\Drivers\STM32F1xx_HAL_Driver\Src\stm32f1xx_hal_flash.c 0x00000000   Number         0  stm32f1xx_hal_flash.o ABSOLUTE
    ..\Drivers\STM32F1xx_HAL_Driver\Src\stm32f1xx_hal_flash_ex.c 0x00000000   Number         0  stm32f1xx_hal_flash_ex.o ABSOLUTE
    ..\Drivers\STM32F1xx_HAL_Driver\Src\stm32f1xx_hal_gpio.c 0x00000000   Number         0  stm32f1xx_hal_gpio.o ABSOLUTE
    ..\Drivers\STM32F1xx_HAL_Driver\Src\stm32f1xx_hal_gpio_ex.c 0x00000000   Number         0  stm32f1xx_hal_gpio_ex.o ABSOLUTE
    ..\Drivers\STM32F1xx_HAL_Driver\Src\stm32f1xx_hal_i2c.c 0x00000000   Number         0  stm32f1xx_hal_i2c.o ABSOLUTE
    ..\Drivers\STM32F1xx_HAL_Driver\Src\stm32f1xx_hal_pwr.c 0x00000000   Number         0  stm32f1xx_hal_pwr.o ABSOLUTE
    ..\Drivers\STM32F1xx_HAL_Driver\Src\stm32f1xx_hal_rcc.c 0x00000000   Number         0  stm32f1xx_hal_rcc.o ABSOLUTE
    ..\Drivers\STM32F1xx_HAL_Driver\Src\stm32f1xx_hal_rcc_ex.c 0x00000000   Number         0  stm32f1xx_hal_rcc_ex.o ABSOLUTE
    ..\Drivers\STM32F1xx_HAL_Driver\Src\stm32f1xx_hal_rtc.c 0x00000000   Number         0  stm32f1xx_hal_rtc.o ABSOLUTE
    ..\Drivers\STM32F1xx_HAL_Driver\Src\stm32f1xx_hal_rtc_ex.c 0x00000000   Number         0  stm32f1xx_hal_rtc_ex.o ABSOLUTE
    ..\Drivers\STM32F1xx_HAL_Driver\Src\stm32f1xx_hal_tim.c 0x00000000   Number         0  stm32f1xx_hal_tim.o ABSOLUTE
    ..\Drivers\STM32F1xx_HAL_Driver\Src\stm32f1xx_hal_tim_ex.c 0x00000000   Number         0  stm32f1xx_hal_tim_ex.o ABSOLUTE
    ..\Drivers\STM32F1xx_HAL_Driver\Src\stm32f1xx_hal_uart.c 0x00000000   Number         0  stm32f1xx_hal_uart.o ABSOLUTE
    ..\Hardware\I2C_1602\I2C_1602.c          0x00000000   Number         0  i2c_1602.o ABSOLUTE
    ..\Hardware\ds18b20\ds18b20.c            0x00000000   Number         0  ds18b20.o ABSOLUTE
    ..\Hardware\key\key.c                    0x00000000   Number         0  key.o ABSOLUTE
    ..\Hardware\relay_485\relay_485.c        0x00000000   Number         0  relay_485.o ABSOLUTE
    ..\\Hardware\\I2C_1602\\I2C_1602.c       0x00000000   Number         0  i2c_1602.o ABSOLUTE
    ..\\Hardware\\ds18b20\\ds18b20.c         0x00000000   Number         0  ds18b20.o ABSOLUTE
    ..\\Hardware\\key\\key.c                 0x00000000   Number         0  key.o ABSOLUTE
    ..\\Hardware\\relay_485\\relay_485.c     0x00000000   Number         0  relay_485.o ABSOLUTE
    cdrcmple.s                               0x00000000   Number         0  cdrcmple.o ABSOLUTE
    dc.s                                     0x00000000   Number         0  dc.o ABSOLUTE
    handlers.s                               0x00000000   Number         0  handlers.o ABSOLUTE
    init.s                                   0x00000000   Number         0  init.o ABSOLUTE
    startup_stm32f103xb.s                    0x00000000   Number         0  startup_stm32f103xb.o ABSOLUTE
    RESET                                    0x08000000   Section      236  startup_stm32f103xb.o(RESET)
    .ARM.Collect$$$$00000000                 0x080000ec   Section        0  entry.o(.ARM.Collect$$$$00000000)
    .ARM.Collect$$$$00000001                 0x080000ec   Section        4  entry2.o(.ARM.Collect$$$$00000001)
    .ARM.Collect$$$$00000004                 0x080000f0   Section        4  entry5.o(.ARM.Collect$$$$00000004)
    .ARM.Collect$$$$00000008                 0x080000f4   Section        0  entry7b.o(.ARM.Collect$$$$00000008)
    .ARM.Collect$$$$0000000A                 0x080000f4   Section        0  entry8b.o(.ARM.Collect$$$$0000000A)
    .ARM.Collect$$$$0000000B                 0x080000f4   Section        8  entry9a.o(.ARM.Collect$$$$0000000B)
    .ARM.Collect$$$$0000000D                 0x080000fc   Section        0  entry10a.o(.ARM.Collect$$$$0000000D)
    .ARM.Collect$$$$0000000F                 0x080000fc   Section        0  entry11a.o(.ARM.Collect$$$$0000000F)
    .ARM.Collect$$$$00002712                 0x080000fc   Section        4  entry2.o(.ARM.Collect$$$$00002712)
    __lit__00000000                          0x080000fc   Data           4  entry2.o(.ARM.Collect$$$$00002712)
    .text                                    0x08000100   Section       36  startup_stm32f103xb.o(.text)
    .text                                    0x08000124   Section        0  uldiv.o(.text)
    .text                                    0x08000186   Section        0  llushr.o(.text)
    .text                                    0x080001a6   Section        0  memseta.o(.text)
    .text                                    0x080001ca   Section        0  strlen.o(.text)
    .text                                    0x080001d8   Section        0  dmul.o(.text)
    .text                                    0x080002bc   Section        0  dflti.o(.text)
    .text                                    0x080002de   Section        0  dfixi.o(.text)
    .text                                    0x0800031c   Section        0  uidiv.o(.text)
    .text                                    0x08000348   Section        0  llshl.o(.text)
    .text                                    0x08000366   Section        0  depilogue.o(.text)
    .text                                    0x08000366   Section        0  iusefp.o(.text)
    .text                                    0x08000420   Section        0  dadd.o(.text)
    .text                                    0x0800056e   Section        0  ddiv.o(.text)
    .text                                    0x0800064c   Section        0  dfixul.o(.text)
    .text                                    0x0800067c   Section       48  cdrcmple.o(.text)
    .text                                    0x080006ac   Section       36  init.o(.text)
    .text                                    0x080006d0   Section        0  llsshr.o(.text)
    i.BusFault_Handler                       0x080006f4   Section        0  stm32f1xx_it.o(i.BusFault_Handler)
    i.CAN1_IDMASKConfig                      0x080006f8   Section        0  can.o(i.CAN1_IDMASKConfig)
    i.Can_TxMessage                          0x08000754   Section        0  can.o(i.Can_TxMessage)
    i.DS18B20_Check                          0x080007a8   Section        0  ds18b20.o(i.DS18B20_Check)
    i.DS18B20_Get_Temp                       0x08000814   Section        0  ds18b20.o(i.DS18B20_Get_Temp)
    i.DS18B20_Init                           0x08000870   Section        0  ds18b20.o(i.DS18B20_Init)
    i.DS18B20_Read_Bit                       0x08000880   Section        0  ds18b20.o(i.DS18B20_Read_Bit)
    i.DS18B20_Read_Byte                      0x080008e8   Section        0  ds18b20.o(i.DS18B20_Read_Byte)
    i.DS18B20_Rst                            0x08000908   Section        0  ds18b20.o(i.DS18B20_Rst)
    i.DS18B20_Start                          0x0800094c   Section        0  ds18b20.o(i.DS18B20_Start)
    i.DS18B20_Write_Byte                     0x08000968   Section        0  ds18b20.o(i.DS18B20_Write_Byte)
    i.DebugMon_Handler                       0x080009dc   Section        0  stm32f1xx_it.o(i.DebugMon_Handler)
    i.Disp_XY                                0x080009de   Section        0  i2c_1602.o(i.Disp_XY)
    Disp_XY                                  0x080009df   Thumb Code    24  i2c_1602.o(i.Disp_XY)
    i.EXTI3_IRQHandler                       0x080009f6   Section        0  stm32f1xx_it.o(i.EXTI3_IRQHandler)
    i.EXTI4_IRQHandler                       0x080009fc   Section        0  stm32f1xx_it.o(i.EXTI4_IRQHandler)
    i.EXTI9_5_IRQHandler                     0x08000a02   Section        0  stm32f1xx_it.o(i.EXTI9_5_IRQHandler)
    i.Error_Handler                          0x08000a08   Section        0  main.o(i.Error_Handler)
    i.HAL_CAN_ActivateNotification           0x08000a0c   Section        0  stm32f1xx_hal_can.o(i.HAL_CAN_ActivateNotification)
    i.HAL_CAN_AddTxMessage                   0x08000a30   Section        0  stm32f1xx_hal_can.o(i.HAL_CAN_AddTxMessage)
    i.HAL_CAN_ConfigFilter                   0x08000af8   Section        0  stm32f1xx_hal_can.o(i.HAL_CAN_ConfigFilter)
    i.HAL_CAN_ErrorCallback                  0x08000be4   Section        0  stm32f1xx_hal_can.o(i.HAL_CAN_ErrorCallback)
    i.HAL_CAN_GetRxMessage                   0x08000be6   Section        0  stm32f1xx_hal_can.o(i.HAL_CAN_GetRxMessage)
    i.HAL_CAN_GetTxMailboxesFreeLevel        0x08000cce   Section        0  stm32f1xx_hal_can.o(i.HAL_CAN_GetTxMailboxesFreeLevel)
    i.HAL_CAN_IRQHandler                     0x08000cfa   Section        0  stm32f1xx_hal_can.o(i.HAL_CAN_IRQHandler)
    i.HAL_CAN_Init                           0x08000ef6   Section        0  stm32f1xx_hal_can.o(i.HAL_CAN_Init)
    i.HAL_CAN_MspInit                        0x08001010   Section        0  can.o(i.HAL_CAN_MspInit)
    i.HAL_CAN_RxFifo0FullCallback            0x0800108c   Section        0  stm32f1xx_hal_can.o(i.HAL_CAN_RxFifo0FullCallback)
    i.HAL_CAN_RxFifo0MsgPendingCallback      0x08001090   Section        0  can.o(i.HAL_CAN_RxFifo0MsgPendingCallback)
    i.HAL_CAN_RxFifo1FullCallback            0x080011e0   Section        0  stm32f1xx_hal_can.o(i.HAL_CAN_RxFifo1FullCallback)
    i.HAL_CAN_RxFifo1MsgPendingCallback      0x080011e2   Section        0  stm32f1xx_hal_can.o(i.HAL_CAN_RxFifo1MsgPendingCallback)
    i.HAL_CAN_SleepCallback                  0x080011e4   Section        0  stm32f1xx_hal_can.o(i.HAL_CAN_SleepCallback)
    i.HAL_CAN_Start                          0x080011e6   Section        0  stm32f1xx_hal_can.o(i.HAL_CAN_Start)
    i.HAL_CAN_TxMailbox0AbortCallback        0x0800123c   Section        0  stm32f1xx_hal_can.o(i.HAL_CAN_TxMailbox0AbortCallback)
    i.HAL_CAN_TxMailbox0CompleteCallback     0x0800123e   Section        0  stm32f1xx_hal_can.o(i.HAL_CAN_TxMailbox0CompleteCallback)
    i.HAL_CAN_TxMailbox1AbortCallback        0x08001240   Section        0  stm32f1xx_hal_can.o(i.HAL_CAN_TxMailbox1AbortCallback)
    i.HAL_CAN_TxMailbox1CompleteCallback     0x08001242   Section        0  stm32f1xx_hal_can.o(i.HAL_CAN_TxMailbox1CompleteCallback)
    i.HAL_CAN_TxMailbox2AbortCallback        0x08001244   Section        0  stm32f1xx_hal_can.o(i.HAL_CAN_TxMailbox2AbortCallback)
    i.HAL_CAN_TxMailbox2CompleteCallback     0x08001246   Section        0  stm32f1xx_hal_can.o(i.HAL_CAN_TxMailbox2CompleteCallback)
    i.HAL_CAN_WakeUpFromRxMsgCallback        0x08001248   Section        0  stm32f1xx_hal_can.o(i.HAL_CAN_WakeUpFromRxMsgCallback)
    i.HAL_Delay                              0x0800124c   Section        0  stm32f1xx_hal.o(i.HAL_Delay)
    i.HAL_GPIO_EXTI_Callback                 0x08001270   Section        0  main.o(i.HAL_GPIO_EXTI_Callback)
    i.HAL_GPIO_EXTI_IRQHandler               0x080012b4   Section        0  stm32f1xx_hal_gpio.o(i.HAL_GPIO_EXTI_IRQHandler)
    i.HAL_GPIO_Init                          0x080012cc   Section        0  stm32f1xx_hal_gpio.o(i.HAL_GPIO_Init)
    i.HAL_GPIO_ReadPin                       0x08001498   Section        0  stm32f1xx_hal_gpio.o(i.HAL_GPIO_ReadPin)
    i.HAL_GPIO_WritePin                      0x080014a2   Section        0  stm32f1xx_hal_gpio.o(i.HAL_GPIO_WritePin)
    i.HAL_GetTick                            0x080014ac   Section        0  stm32f1xx_hal.o(i.HAL_GetTick)
    i.HAL_I2C_Init                           0x080014b8   Section        0  stm32f1xx_hal_i2c.o(i.HAL_I2C_Init)
    i.HAL_I2C_Master_Transmit                0x08001640   Section        0  stm32f1xx_hal_i2c.o(i.HAL_I2C_Master_Transmit)
    i.HAL_I2C_Mem_Write                      0x0800176c   Section        0  stm32f1xx_hal_i2c.o(i.HAL_I2C_Mem_Write)
    i.HAL_I2C_MspInit                        0x0800189c   Section        0  i2c.o(i.HAL_I2C_MspInit)
    i.HAL_IncTick                            0x080018fc   Section        0  stm32f1xx_hal.o(i.HAL_IncTick)
    i.HAL_Init                               0x0800190c   Section        0  stm32f1xx_hal.o(i.HAL_Init)
    i.HAL_InitTick                           0x08001930   Section        0  stm32f1xx_hal.o(i.HAL_InitTick)
    i.HAL_MspInit                            0x08001970   Section        0  stm32f1xx_hal_msp.o(i.HAL_MspInit)
    i.HAL_NVIC_EnableIRQ                     0x080019ac   Section        0  stm32f1xx_hal_cortex.o(i.HAL_NVIC_EnableIRQ)
    i.HAL_NVIC_SetPriority                   0x080019c8   Section        0  stm32f1xx_hal_cortex.o(i.HAL_NVIC_SetPriority)
    i.HAL_NVIC_SetPriorityGrouping           0x08001a08   Section        0  stm32f1xx_hal_cortex.o(i.HAL_NVIC_SetPriorityGrouping)
    i.HAL_PWR_EnableBkUpAccess               0x08001a2c   Section        0  stm32f1xx_hal_pwr.o(i.HAL_PWR_EnableBkUpAccess)
    i.HAL_RCCEx_GetPeriphCLKFreq             0x08001a38   Section        0  stm32f1xx_hal_rcc_ex.o(i.HAL_RCCEx_GetPeriphCLKFreq)
    i.HAL_RCCEx_PeriphCLKConfig              0x08001afc   Section        0  stm32f1xx_hal_rcc_ex.o(i.HAL_RCCEx_PeriphCLKConfig)
    i.HAL_RCC_ClockConfig                    0x08001be4   Section        0  stm32f1xx_hal_rcc.o(i.HAL_RCC_ClockConfig)
    i.HAL_RCC_GetPCLK1Freq                   0x08001d1c   Section        0  stm32f1xx_hal_rcc.o(i.HAL_RCC_GetPCLK1Freq)
    i.HAL_RCC_GetPCLK2Freq                   0x08001d3c   Section        0  stm32f1xx_hal_rcc.o(i.HAL_RCC_GetPCLK2Freq)
    i.HAL_RCC_GetSysClockFreq                0x08001d5c   Section        0  stm32f1xx_hal_rcc.o(i.HAL_RCC_GetSysClockFreq)
    i.HAL_RCC_OscConfig                      0x08001dc8   Section        0  stm32f1xx_hal_rcc.o(i.HAL_RCC_OscConfig)
    i.HAL_RTC_GetDate                        0x080020e0   Section        0  stm32f1xx_hal_rtc.o(i.HAL_RTC_GetDate)
    i.HAL_RTC_GetTime                        0x0800212e   Section        0  stm32f1xx_hal_rtc.o(i.HAL_RTC_GetTime)
    i.HAL_RTC_Init                           0x08002208   Section        0  stm32f1xx_hal_rtc.o(i.HAL_RTC_Init)
    i.HAL_RTC_MspInit                        0x080022a8   Section        0  rtc.o(i.HAL_RTC_MspInit)
    i.HAL_RTC_SetDate                        0x080022dc   Section        0  stm32f1xx_hal_rtc.o(i.HAL_RTC_SetDate)
    i.HAL_RTC_SetTime                        0x080023a0   Section        0  stm32f1xx_hal_rtc.o(i.HAL_RTC_SetTime)
    i.HAL_RTC_WaitForSynchro                 0x08002450   Section        0  stm32f1xx_hal_rtc.o(i.HAL_RTC_WaitForSynchro)
    i.HAL_SYSTICK_Config                     0x0800248a   Section        0  stm32f1xx_hal_cortex.o(i.HAL_SYSTICK_Config)
    i.HAL_TIMEx_BreakCallback                0x080024b2   Section        0  stm32f1xx_hal_tim_ex.o(i.HAL_TIMEx_BreakCallback)
    i.HAL_TIMEx_CommutCallback               0x080024b4   Section        0  stm32f1xx_hal_tim_ex.o(i.HAL_TIMEx_CommutCallback)
    i.HAL_TIMEx_MasterConfigSynchronization  0x080024b8   Section        0  stm32f1xx_hal_tim_ex.o(i.HAL_TIMEx_MasterConfigSynchronization)
    i.HAL_TIM_Base_Init                      0x08002520   Section        0  stm32f1xx_hal_tim.o(i.HAL_TIM_Base_Init)
    i.HAL_TIM_Base_MspInit                   0x0800257c   Section        0  tim.o(i.HAL_TIM_Base_MspInit)
    i.HAL_TIM_Base_Start_IT                  0x080025d0   Section        0  stm32f1xx_hal_tim.o(i.HAL_TIM_Base_Start_IT)
    i.HAL_TIM_ConfigClockSource              0x08002628   Section        0  stm32f1xx_hal_tim.o(i.HAL_TIM_ConfigClockSource)
    i.HAL_TIM_IC_CaptureCallback             0x080026fe   Section        0  stm32f1xx_hal_tim.o(i.HAL_TIM_IC_CaptureCallback)
    i.HAL_TIM_IRQHandler                     0x08002700   Section        0  stm32f1xx_hal_tim.o(i.HAL_TIM_IRQHandler)
    i.HAL_TIM_MspPostInit                    0x08002868   Section        0  tim.o(i.HAL_TIM_MspPostInit)
    i.HAL_TIM_OC_DelayElapsedCallback        0x080028b4   Section        0  stm32f1xx_hal_tim.o(i.HAL_TIM_OC_DelayElapsedCallback)
    i.HAL_TIM_PWM_ConfigChannel              0x080028b6   Section        0  stm32f1xx_hal_tim.o(i.HAL_TIM_PWM_ConfigChannel)
    i.HAL_TIM_PWM_Init                       0x0800297c   Section        0  stm32f1xx_hal_tim.o(i.HAL_TIM_PWM_Init)
    i.HAL_TIM_PWM_MspInit                    0x080029d6   Section        0  stm32f1xx_hal_tim.o(i.HAL_TIM_PWM_MspInit)
    i.HAL_TIM_PWM_PulseFinishedCallback      0x080029d8   Section        0  stm32f1xx_hal_tim.o(i.HAL_TIM_PWM_PulseFinishedCallback)
    i.HAL_TIM_PWM_Start                      0x080029dc   Section        0  stm32f1xx_hal_tim.o(i.HAL_TIM_PWM_Start)
    i.HAL_TIM_PWM_Stop                       0x08002a7c   Section        0  stm32f1xx_hal_tim.o(i.HAL_TIM_PWM_Stop)
    i.HAL_TIM_PeriodElapsedCallback          0x08002aec   Section        0  main.o(i.HAL_TIM_PeriodElapsedCallback)
    i.HAL_TIM_TriggerCallback                0x08002b28   Section        0  stm32f1xx_hal_tim.o(i.HAL_TIM_TriggerCallback)
    i.HAL_UART_Init                          0x08002b2a   Section        0  stm32f1xx_hal_uart.o(i.HAL_UART_Init)
    i.HAL_UART_MspInit                       0x08002b8c   Section        0  usart.o(i.HAL_UART_MspInit)
    i.HAL_UART_Transmit                      0x08002bfc   Section        0  stm32f1xx_hal_uart.o(i.HAL_UART_Transmit)
    i.HardFault_Handler                      0x08002cac   Section        0  stm32f1xx_it.o(i.HardFault_Handler)
    i.I2C_IsAcknowledgeFailed                0x08002cae   Section        0  stm32f1xx_hal_i2c.o(i.I2C_IsAcknowledgeFailed)
    I2C_IsAcknowledgeFailed                  0x08002caf   Thumb Code    46  stm32f1xx_hal_i2c.o(i.I2C_IsAcknowledgeFailed)
    i.I2C_MasterRequestWrite                 0x08002cdc   Section        0  stm32f1xx_hal_i2c.o(i.I2C_MasterRequestWrite)
    I2C_MasterRequestWrite                   0x08002cdd   Thumb Code   150  stm32f1xx_hal_i2c.o(i.I2C_MasterRequestWrite)
    i.I2C_RequestMemoryWrite                 0x08002d78   Section        0  stm32f1xx_hal_i2c.o(i.I2C_RequestMemoryWrite)
    I2C_RequestMemoryWrite                   0x08002d79   Thumb Code   162  stm32f1xx_hal_i2c.o(i.I2C_RequestMemoryWrite)
    i.I2C_WaitOnBTFFlagUntilTimeout          0x08002e20   Section        0  stm32f1xx_hal_i2c.o(i.I2C_WaitOnBTFFlagUntilTimeout)
    I2C_WaitOnBTFFlagUntilTimeout            0x08002e21   Thumb Code    76  stm32f1xx_hal_i2c.o(i.I2C_WaitOnBTFFlagUntilTimeout)
    i.I2C_WaitOnFlagUntilTimeout             0x08002e6c   Section        0  stm32f1xx_hal_i2c.o(i.I2C_WaitOnFlagUntilTimeout)
    I2C_WaitOnFlagUntilTimeout               0x08002e6d   Thumb Code   104  stm32f1xx_hal_i2c.o(i.I2C_WaitOnFlagUntilTimeout)
    i.I2C_WaitOnMasterAddressFlagUntilTimeout 0x08002ed4   Section        0  stm32f1xx_hal_i2c.o(i.I2C_WaitOnMasterAddressFlagUntilTimeout)
    I2C_WaitOnMasterAddressFlagUntilTimeout  0x08002ed5   Thumb Code   152  stm32f1xx_hal_i2c.o(i.I2C_WaitOnMasterAddressFlagUntilTimeout)
    i.I2C_WaitOnTXEFlagUntilTimeout          0x08002f6c   Section        0  stm32f1xx_hal_i2c.o(i.I2C_WaitOnTXEFlagUntilTimeout)
    I2C_WaitOnTXEFlagUntilTimeout            0x08002f6d   Thumb Code    76  stm32f1xx_hal_i2c.o(i.I2C_WaitOnTXEFlagUntilTimeout)
    i.LCD_command                            0x08002fb8   Section        0  i2c_1602.o(i.LCD_command)
    i.LCD_data                               0x08002fe0   Section        0  i2c_1602.o(i.LCD_data)
    i.MX_CAN_Init                            0x08003008   Section        0  can.o(i.MX_CAN_Init)
    i.MX_GPIO_Init                           0x08003050   Section        0  gpio.o(i.MX_GPIO_Init)
    i.MX_I2C2_Init                           0x08003198   Section        0  i2c.o(i.MX_I2C2_Init)
    i.MX_RTC_Init                            0x080031d8   Section        0  rtc.o(i.MX_RTC_Init)
    i.MX_TIM1_Init                           0x08003244   Section        0  tim.o(i.MX_TIM1_Init)
    i.MX_TIM4_Init                           0x080032b0   Section        0  tim.o(i.MX_TIM4_Init)
    i.MX_USART1_UART_Init                    0x0800334c   Section        0  usart.o(i.MX_USART1_UART_Init)
    i.MemManage_Handler                      0x08003384   Section        0  stm32f1xx_it.o(i.MemManage_Handler)
    i.NMI_Handler                            0x08003386   Section        0  stm32f1xx_it.o(i.NMI_Handler)
    i.PendSV_Handler                         0x08003388   Section        0  stm32f1xx_it.o(i.PendSV_Handler)
    i.RTC_Bcd2ToByte                         0x0800338a   Section        0  stm32f1xx_hal_rtc.o(i.RTC_Bcd2ToByte)
    RTC_Bcd2ToByte                           0x0800338b   Thumb Code    18  stm32f1xx_hal_rtc.o(i.RTC_Bcd2ToByte)
    i.RTC_ByteToBcd2                         0x0800339c   Section        0  stm32f1xx_hal_rtc.o(i.RTC_ByteToBcd2)
    RTC_ByteToBcd2                           0x0800339d   Thumb Code    22  stm32f1xx_hal_rtc.o(i.RTC_ByteToBcd2)
    i.RTC_DateUpdate                         0x080033b2   Section        0  stm32f1xx_hal_rtc.o(i.RTC_DateUpdate)
    RTC_DateUpdate                           0x080033b3   Thumb Code   174  stm32f1xx_hal_rtc.o(i.RTC_DateUpdate)
    i.RTC_EnterInitMode                      0x08003460   Section        0  stm32f1xx_hal_rtc.o(i.RTC_EnterInitMode)
    RTC_EnterInitMode                        0x08003461   Thumb Code    52  stm32f1xx_hal_rtc.o(i.RTC_EnterInitMode)
    i.RTC_ExitInitMode                       0x08003494   Section        0  stm32f1xx_hal_rtc.o(i.RTC_ExitInitMode)
    RTC_ExitInitMode                         0x08003495   Thumb Code    52  stm32f1xx_hal_rtc.o(i.RTC_ExitInitMode)
    i.RTC_ReadAlarmCounter                   0x080034c8   Section        0  stm32f1xx_hal_rtc.o(i.RTC_ReadAlarmCounter)
    RTC_ReadAlarmCounter                     0x080034c9   Thumb Code    14  stm32f1xx_hal_rtc.o(i.RTC_ReadAlarmCounter)
    i.RTC_ReadTimeCounter                    0x080034d6   Section        0  stm32f1xx_hal_rtc.o(i.RTC_ReadTimeCounter)
    RTC_ReadTimeCounter                      0x080034d7   Thumb Code    32  stm32f1xx_hal_rtc.o(i.RTC_ReadTimeCounter)
    i.RTC_Set_Date                           0x080034f8   Section        0  rtc.o(i.RTC_Set_Date)
    i.RTC_Set_Time                           0x0800351c   Section        0  rtc.o(i.RTC_Set_Time)
    i.RTC_WeekDayNum                         0x0800353c   Section        0  stm32f1xx_hal_rtc.o(i.RTC_WeekDayNum)
    RTC_WeekDayNum                           0x0800353d   Thumb Code    86  stm32f1xx_hal_rtc.o(i.RTC_WeekDayNum)
    i.RTC_WriteAlarmCounter                  0x08003592   Section        0  stm32f1xx_hal_rtc.o(i.RTC_WriteAlarmCounter)
    RTC_WriteAlarmCounter                    0x08003593   Thumb Code    40  stm32f1xx_hal_rtc.o(i.RTC_WriteAlarmCounter)
    i.RTC_WriteTimeCounter                   0x080035ba   Section        0  stm32f1xx_hal_rtc.o(i.RTC_WriteTimeCounter)
    RTC_WriteTimeCounter                     0x080035bb   Thumb Code    40  stm32f1xx_hal_rtc.o(i.RTC_WriteTimeCounter)
    i.SVC_Handler                            0x080035e2   Section        0  stm32f1xx_it.o(i.SVC_Handler)
    i.SysTick_Handler                        0x080035e4   Section        0  stm32f1xx_it.o(i.SysTick_Handler)
    i.SystemClock_Config                     0x080035e8   Section        0  main.o(i.SystemClock_Config)
    i.SystemInit                             0x0800366a   Section        0  system_stm32f1xx.o(i.SystemInit)
    i.TIM1_UP_IRQHandler                     0x0800366c   Section        0  stm32f1xx_it.o(i.TIM1_UP_IRQHandler)
    i.TIM_Base_SetConfig                     0x08003678   Section        0  stm32f1xx_hal_tim.o(i.TIM_Base_SetConfig)
    i.TIM_CCxChannelCmd                      0x080036e4   Section        0  stm32f1xx_hal_tim.o(i.TIM_CCxChannelCmd)
    i.TIM_ETR_SetConfig                      0x080036fe   Section        0  stm32f1xx_hal_tim.o(i.TIM_ETR_SetConfig)
    i.TIM_ITRx_SetConfig                     0x08003712   Section        0  stm32f1xx_hal_tim.o(i.TIM_ITRx_SetConfig)
    TIM_ITRx_SetConfig                       0x08003713   Thumb Code    16  stm32f1xx_hal_tim.o(i.TIM_ITRx_SetConfig)
    i.TIM_OC1_SetConfig                      0x08003724   Section        0  stm32f1xx_hal_tim.o(i.TIM_OC1_SetConfig)
    TIM_OC1_SetConfig                        0x08003725   Thumb Code    82  stm32f1xx_hal_tim.o(i.TIM_OC1_SetConfig)
    i.TIM_OC2_SetConfig                      0x0800377c   Section        0  stm32f1xx_hal_tim.o(i.TIM_OC2_SetConfig)
    i.TIM_OC3_SetConfig                      0x080037d8   Section        0  stm32f1xx_hal_tim.o(i.TIM_OC3_SetConfig)
    TIM_OC3_SetConfig                        0x080037d9   Thumb Code    84  stm32f1xx_hal_tim.o(i.TIM_OC3_SetConfig)
    i.TIM_OC4_SetConfig                      0x08003830   Section        0  stm32f1xx_hal_tim.o(i.TIM_OC4_SetConfig)
    TIM_OC4_SetConfig                        0x08003831   Thumb Code    64  stm32f1xx_hal_tim.o(i.TIM_OC4_SetConfig)
    i.TIM_TI1_ConfigInputStage               0x08003874   Section        0  stm32f1xx_hal_tim.o(i.TIM_TI1_ConfigInputStage)
    TIM_TI1_ConfigInputStage                 0x08003875   Thumb Code    34  stm32f1xx_hal_tim.o(i.TIM_TI1_ConfigInputStage)
    i.TIM_TI2_ConfigInputStage               0x08003896   Section        0  stm32f1xx_hal_tim.o(i.TIM_TI2_ConfigInputStage)
    TIM_TI2_ConfigInputStage                 0x08003897   Thumb Code    36  stm32f1xx_hal_tim.o(i.TIM_TI2_ConfigInputStage)
    i.UART_SetConfig                         0x080038bc   Section        0  stm32f1xx_hal_uart.o(i.UART_SetConfig)
    UART_SetConfig                           0x080038bd   Thumb Code   178  stm32f1xx_hal_uart.o(i.UART_SetConfig)
    i.UART_WaitOnFlagUntilTimeout            0x08003974   Section        0  stm32f1xx_hal_uart.o(i.UART_WaitOnFlagUntilTimeout)
    UART_WaitOnFlagUntilTimeout              0x08003975   Thumb Code    98  stm32f1xx_hal_uart.o(i.UART_WaitOnFlagUntilTimeout)
    i.USB_LP_CAN1_RX0_IRQHandler             0x080039d8   Section        0  stm32f1xx_it.o(i.USB_LP_CAN1_RX0_IRQHandler)
    i.UsageFault_Handler                     0x080039e4   Section        0  stm32f1xx_it.o(i.UsageFault_Handler)
    i.__0vsprintf                            0x080039e8   Section        0  printfa.o(i.__0vsprintf)
    i.__NVIC_SetPriority                     0x08003a0c   Section        0  stm32f1xx_hal_cortex.o(i.__NVIC_SetPriority)
    __NVIC_SetPriority                       0x08003a0d   Thumb Code    32  stm32f1xx_hal_cortex.o(i.__NVIC_SetPriority)
    i.__scatterload_copy                     0x08003a2c   Section       14  handlers.o(i.__scatterload_copy)
    i.__scatterload_null                     0x08003a3a   Section        2  handlers.o(i.__scatterload_null)
    i.__scatterload_zeroinit                 0x08003a3c   Section       14  handlers.o(i.__scatterload_zeroinit)
    i._fp_digits                             0x08003a4c   Section        0  printfa.o(i._fp_digits)
    _fp_digits                               0x08003a4d   Thumb Code   366  printfa.o(i._fp_digits)
    i._printf_core                           0x08003bd0   Section        0  printfa.o(i._printf_core)
    _printf_core                             0x08003bd1   Thumb Code  1744  printfa.o(i._printf_core)
    i._printf_post_padding                   0x080042ac   Section        0  printfa.o(i._printf_post_padding)
    _printf_post_padding                     0x080042ad   Thumb Code    36  printfa.o(i._printf_post_padding)
    i._printf_pre_padding                    0x080042d0   Section        0  printfa.o(i._printf_pre_padding)
    _printf_pre_padding                      0x080042d1   Thumb Code    46  printfa.o(i._printf_pre_padding)
    i._sputc                                 0x080042fe   Section        0  printfa.o(i._sputc)
    _sputc                                   0x080042ff   Thumb Code    10  printfa.o(i._sputc)
    i.delay_us                               0x08004308   Section        0  ds18b20.o(i.delay_us)
    delay_us                                 0x08004309   Thumb Code    74  ds18b20.o(i.delay_us)
    i.lcd_1602_Setbacklight                  0x08004354   Section        0  i2c_1602.o(i.lcd_1602_Setbacklight)
    i.lcd_1602_init                          0x08004398   Section        0  i2c_1602.o(i.lcd_1602_init)
    i.lcd_1602_printf                        0x0800443c   Section        0  i2c_1602.o(i.lcd_1602_printf)
    i.main                                   0x080044c0   Section        0  main.o(i.main)
    i.relay_485_OnOff                        0x08004ba0   Section        0  relay_485.o(i.relay_485_OnOff)
    i.relay_485_init                         0x08004bd0   Section        0  relay_485.o(i.relay_485_init)
    i.set_relay                              0x08004bfc   Section        0  main.o(i.set_relay)
    i.write9633                              0x08004c30   Section        0  i2c_1602.o(i.write9633)
    .constdata                               0x08004c50   Section       16  system_stm32f1xx.o(.constdata)
    .constdata                               0x08004c60   Section        8  system_stm32f1xx.o(.constdata)
    .data                                    0x20000000   Section       64  main.o(.data)
    level_sensor1                            0x20000005   Data           1  main.o(.data)
    level_sensor2                            0x20000006   Data           1  main.o(.data)
    level_sensor3                            0x20000007   Data           1  main.o(.data)
    updown_state                             0x20000008   Data           1  main.o(.data)
    tt_debug                                 0x20000018   Data           4  main.o(.data)
    Tim1_cnt                                 0x20000030   Data           8  main.o(.data)
    .data                                    0x20000040   Section        8  can.o(.data)
    .data                                    0x20000048   Section        3  i2c_1602.o(.data)
    .data                                    0x2000004c   Section       12  stm32f1xx_hal.o(.data)
    .data                                    0x20000058   Section        4  system_stm32f1xx.o(.data)
    .bss                                     0x2000005c   Section       32  main.o(.bss)
    .bss                                     0x2000007c   Section       40  can.o(.bss)
    .bss                                     0x200000a4   Section       84  i2c.o(.bss)
    .bss                                     0x200000f8   Section       20  rtc.o(.bss)
    .bss                                     0x2000010c   Section      144  tim.o(.bss)
    .bss                                     0x2000019c   Section       68  usart.o(.bss)
    .bss                                     0x200001e0   Section      200  i2c_1602.o(.bss)
    STACK                                    0x200002a8   Section     1024  startup_stm32f103xb.o(STACK)

    Global Symbols

    Symbol Name                              Value     Ov Type        Size  Object(Section)

    BuildAttributes$$THM_ISAv4$P$D$K$B$S$PE$A:L22UL41UL21$X:L11$S22US41US21$IEEE1$IW$USESV6$~STKCKD$USESV7$~SHL$OSPACE$ROPI$EBA8$MICROLIB$REQ8$PRES8$EABIv2 0x00000000   Number         0  anon$$obj.o ABSOLUTE
    __ARM_use_no_argv                        0x00000000   Number         0  main.o ABSOLUTE
    __cpp_initialize__aeabi_                  - Undefined Weak Reference
    __cxa_finalize                            - Undefined Weak Reference
    __decompress                              - Undefined Weak Reference
    _clock_init                               - Undefined Weak Reference
    _microlib_exit                            - Undefined Weak Reference
    __Vectors_Size                           0x000000ec   Number         0  startup_stm32f103xb.o ABSOLUTE
    __Vectors                                0x08000000   Data           4  startup_stm32f103xb.o(RESET)
    __Vectors_End                            0x080000ec   Data           0  startup_stm32f103xb.o(RESET)
    __main                                   0x080000ed   Thumb Code     0  entry.o(.ARM.Collect$$$$00000000)
    _main_stk                                0x080000ed   Thumb Code     0  entry2.o(.ARM.Collect$$$$00000001)
    _main_scatterload                        0x080000f1   Thumb Code     0  entry5.o(.ARM.Collect$$$$00000004)
    __main_after_scatterload                 0x080000f5   Thumb Code     0  entry5.o(.ARM.Collect$$$$00000004)
    _main_clock                              0x080000f5   Thumb Code     0  entry7b.o(.ARM.Collect$$$$00000008)
    _main_cpp_init                           0x080000f5   Thumb Code     0  entry8b.o(.ARM.Collect$$$$0000000A)
    _main_init                               0x080000f5   Thumb Code     0  entry9a.o(.ARM.Collect$$$$0000000B)
    __rt_final_cpp                           0x080000fd   Thumb Code     0  entry10a.o(.ARM.Collect$$$$0000000D)
    __rt_final_exit                          0x080000fd   Thumb Code     0  entry11a.o(.ARM.Collect$$$$0000000F)
    Reset_Handler                            0x08000101   Thumb Code     8  startup_stm32f103xb.o(.text)
    ADC1_2_IRQHandler                        0x0800011b   Thumb Code     0  startup_stm32f103xb.o(.text)
    CAN1_RX1_IRQHandler                      0x0800011b   Thumb Code     0  startup_stm32f103xb.o(.text)
    CAN1_SCE_IRQHandler                      0x0800011b   Thumb Code     0  startup_stm32f103xb.o(.text)
    DMA1_Channel1_IRQHandler                 0x0800011b   Thumb Code     0  startup_stm32f103xb.o(.text)
    DMA1_Channel2_IRQHandler                 0x0800011b   Thumb Code     0  startup_stm32f103xb.o(.text)
    DMA1_Channel3_IRQHandler                 0x0800011b   Thumb Code     0  startup_stm32f103xb.o(.text)
    DMA1_Channel4_IRQHandler                 0x0800011b   Thumb Code     0  startup_stm32f103xb.o(.text)
    DMA1_Channel5_IRQHandler                 0x0800011b   Thumb Code     0  startup_stm32f103xb.o(.text)
    DMA1_Channel6_IRQHandler                 0x0800011b   Thumb Code     0  startup_stm32f103xb.o(.text)
    DMA1_Channel7_IRQHandler                 0x0800011b   Thumb Code     0  startup_stm32f103xb.o(.text)
    EXTI0_IRQHandler                         0x0800011b   Thumb Code     0  startup_stm32f103xb.o(.text)
    EXTI15_10_IRQHandler                     0x0800011b   Thumb Code     0  startup_stm32f103xb.o(.text)
    EXTI1_IRQHandler                         0x0800011b   Thumb Code     0  startup_stm32f103xb.o(.text)
    EXTI2_IRQHandler                         0x0800011b   Thumb Code     0  startup_stm32f103xb.o(.text)
    FLASH_IRQHandler                         0x0800011b   Thumb Code     0  startup_stm32f103xb.o(.text)
    I2C1_ER_IRQHandler                       0x0800011b   Thumb Code     0  startup_stm32f103xb.o(.text)
    I2C1_EV_IRQHandler                       0x0800011b   Thumb Code     0  startup_stm32f103xb.o(.text)
    I2C2_ER_IRQHandler                       0x0800011b   Thumb Code     0  startup_stm32f103xb.o(.text)
    I2C2_EV_IRQHandler                       0x0800011b   Thumb Code     0  startup_stm32f103xb.o(.text)
    PVD_IRQHandler                           0x0800011b   Thumb Code     0  startup_stm32f103xb.o(.text)
    RCC_IRQHandler                           0x0800011b   Thumb Code     0  startup_stm32f103xb.o(.text)
    RTC_Alarm_IRQHandler                     0x0800011b   Thumb Code     0  startup_stm32f103xb.o(.text)
    RTC_IRQHandler                           0x0800011b   Thumb Code     0  startup_stm32f103xb.o(.text)
    SPI1_IRQHandler                          0x0800011b   Thumb Code     0  startup_stm32f103xb.o(.text)
    SPI2_IRQHandler                          0x0800011b   Thumb Code     0  startup_stm32f103xb.o(.text)
    TAMPER_IRQHandler                        0x0800011b   Thumb Code     0  startup_stm32f103xb.o(.text)
    TIM1_BRK_IRQHandler                      0x0800011b   Thumb Code     0  startup_stm32f103xb.o(.text)
    TIM1_CC_IRQHandler                       0x0800011b   Thumb Code     0  startup_stm32f103xb.o(.text)
    TIM1_TRG_COM_IRQHandler                  0x0800011b   Thumb Code     0  startup_stm32f103xb.o(.text)
    TIM2_IRQHandler                          0x0800011b   Thumb Code     0  startup_stm32f103xb.o(.text)
    TIM3_IRQHandler                          0x0800011b   Thumb Code     0  startup_stm32f103xb.o(.text)
    TIM4_IRQHandler                          0x0800011b   Thumb Code     0  startup_stm32f103xb.o(.text)
    USART1_IRQHandler                        0x0800011b   Thumb Code     0  startup_stm32f103xb.o(.text)
    USART2_IRQHandler                        0x0800011b   Thumb Code     0  startup_stm32f103xb.o(.text)
    USART3_IRQHandler                        0x0800011b   Thumb Code     0  startup_stm32f103xb.o(.text)
    USBWakeUp_IRQHandler                     0x0800011b   Thumb Code     0  startup_stm32f103xb.o(.text)
    USB_HP_CAN1_TX_IRQHandler                0x0800011b   Thumb Code     0  startup_stm32f103xb.o(.text)
    WWDG_IRQHandler                          0x0800011b   Thumb Code     0  startup_stm32f103xb.o(.text)
    __aeabi_uldivmod                         0x08000125   Thumb Code    98  uldiv.o(.text)
    __aeabi_llsr                             0x08000187   Thumb Code    32  llushr.o(.text)
    _ll_ushift_r                             0x08000187   Thumb Code     0  llushr.o(.text)
    __aeabi_memset                           0x080001a7   Thumb Code    14  memseta.o(.text)
    __aeabi_memset4                          0x080001a7   Thumb Code     0  memseta.o(.text)
    __aeabi_memset8                          0x080001a7   Thumb Code     0  memseta.o(.text)
    __aeabi_memclr                           0x080001b5   Thumb Code     4  memseta.o(.text)
    __aeabi_memclr4                          0x080001b5   Thumb Code     0  memseta.o(.text)
    __aeabi_memclr8                          0x080001b5   Thumb Code     0  memseta.o(.text)
    _memset$wrapper                          0x080001b9   Thumb Code    18  memseta.o(.text)
    strlen                                   0x080001cb   Thumb Code    14  strlen.o(.text)
    __aeabi_dmul                             0x080001d9   Thumb Code   228  dmul.o(.text)
    __aeabi_i2d                              0x080002bd   Thumb Code    34  dflti.o(.text)
    __aeabi_d2iz                             0x080002df   Thumb Code    62  dfixi.o(.text)
    __aeabi_uidiv                            0x0800031d   Thumb Code     0  uidiv.o(.text)
    __aeabi_uidivmod                         0x0800031d   Thumb Code    44  uidiv.o(.text)
    __aeabi_llsl                             0x08000349   Thumb Code    30  llshl.o(.text)
    _ll_shift_l                              0x08000349   Thumb Code     0  llshl.o(.text)
    __I$use$fp                               0x08000367   Thumb Code     0  iusefp.o(.text)
    _double_round                            0x08000367   Thumb Code    30  depilogue.o(.text)
    _double_epilogue                         0x08000385   Thumb Code   156  depilogue.o(.text)
    __aeabi_dadd                             0x08000421   Thumb Code   322  dadd.o(.text)
    __aeabi_dsub                             0x08000563   Thumb Code     6  dadd.o(.text)
    __aeabi_drsub                            0x08000569   Thumb Code     6  dadd.o(.text)
    __aeabi_ddiv                             0x0800056f   Thumb Code   222  ddiv.o(.text)
    __aeabi_d2ulz                            0x0800064d   Thumb Code    48  dfixul.o(.text)
    __aeabi_cdrcmple                         0x0800067d   Thumb Code    48  cdrcmple.o(.text)
    __scatterload                            0x080006ad   Thumb Code    28  init.o(.text)
    __scatterload_rt2                        0x080006ad   Thumb Code     0  init.o(.text)
    __aeabi_lasr                             0x080006d1   Thumb Code    36  llsshr.o(.text)
    _ll_sshift_r                             0x080006d1   Thumb Code     0  llsshr.o(.text)
    BusFault_Handler                         0x080006f5   Thumb Code     2  stm32f1xx_it.o(i.BusFault_Handler)
    CAN1_IDMASKConfig                        0x080006f9   Thumb Code    86  can.o(i.CAN1_IDMASKConfig)
    Can_TxMessage                            0x08000755   Thumb Code    80  can.o(i.Can_TxMessage)
    DS18B20_Check                            0x080007a9   Thumb Code    98  ds18b20.o(i.DS18B20_Check)
    DS18B20_Get_Temp                         0x08000815   Thumb Code    88  ds18b20.o(i.DS18B20_Get_Temp)
    DS18B20_Init                             0x08000871   Thumb Code    14  ds18b20.o(i.DS18B20_Init)
    DS18B20_Read_Bit                         0x08000881   Thumb Code    96  ds18b20.o(i.DS18B20_Read_Bit)
    DS18B20_Read_Byte                        0x080008e9   Thumb Code    30  ds18b20.o(i.DS18B20_Read_Byte)
    DS18B20_Rst                              0x08000909   Thumb Code    60  ds18b20.o(i.DS18B20_Rst)
    DS18B20_Start                            0x0800094d   Thumb Code    26  ds18b20.o(i.DS18B20_Start)
    DS18B20_Write_Byte                       0x08000969   Thumb Code   106  ds18b20.o(i.DS18B20_Write_Byte)
    DebugMon_Handler                         0x080009dd   Thumb Code     2  stm32f1xx_it.o(i.DebugMon_Handler)
    EXTI3_IRQHandler                         0x080009f7   Thumb Code     6  stm32f1xx_it.o(i.EXTI3_IRQHandler)
    EXTI4_IRQHandler                         0x080009fd   Thumb Code     6  stm32f1xx_it.o(i.EXTI4_IRQHandler)
    EXTI9_5_IRQHandler                       0x08000a03   Thumb Code     6  stm32f1xx_it.o(i.EXTI9_5_IRQHandler)
    Error_Handler                            0x08000a09   Thumb Code     4  main.o(i.Error_Handler)
    HAL_CAN_ActivateNotification             0x08000a0d   Thumb Code    36  stm32f1xx_hal_can.o(i.HAL_CAN_ActivateNotification)
    HAL_CAN_AddTxMessage                     0x08000a31   Thumb Code   200  stm32f1xx_hal_can.o(i.HAL_CAN_AddTxMessage)
    HAL_CAN_ConfigFilter                     0x08000af9   Thumb Code   236  stm32f1xx_hal_can.o(i.HAL_CAN_ConfigFilter)
    HAL_CAN_ErrorCallback                    0x08000be5   Thumb Code     2  stm32f1xx_hal_can.o(i.HAL_CAN_ErrorCallback)
    HAL_CAN_GetRxMessage                     0x08000be7   Thumb Code   232  stm32f1xx_hal_can.o(i.HAL_CAN_GetRxMessage)
    HAL_CAN_GetTxMailboxesFreeLevel          0x08000ccf   Thumb Code    44  stm32f1xx_hal_can.o(i.HAL_CAN_GetTxMailboxesFreeLevel)
    HAL_CAN_IRQHandler                       0x08000cfb   Thumb Code   508  stm32f1xx_hal_can.o(i.HAL_CAN_IRQHandler)
    HAL_CAN_Init                             0x08000ef7   Thumb Code   282  stm32f1xx_hal_can.o(i.HAL_CAN_Init)
    HAL_CAN_MspInit                          0x08001011   Thumb Code   112  can.o(i.HAL_CAN_MspInit)
    HAL_CAN_RxFifo0FullCallback              0x0800108d   Thumb Code     2  stm32f1xx_hal_can.o(i.HAL_CAN_RxFifo0FullCallback)
    HAL_CAN_RxFifo0MsgPendingCallback        0x08001091   Thumb Code   302  can.o(i.HAL_CAN_RxFifo0MsgPendingCallback)
    HAL_CAN_RxFifo1FullCallback              0x080011e1   Thumb Code     2  stm32f1xx_hal_can.o(i.HAL_CAN_RxFifo1FullCallback)
    HAL_CAN_RxFifo1MsgPendingCallback        0x080011e3   Thumb Code     2  stm32f1xx_hal_can.o(i.HAL_CAN_RxFifo1MsgPendingCallback)
    HAL_CAN_SleepCallback                    0x080011e5   Thumb Code     2  stm32f1xx_hal_can.o(i.HAL_CAN_SleepCallback)
    HAL_CAN_Start                            0x080011e7   Thumb Code    86  stm32f1xx_hal_can.o(i.HAL_CAN_Start)
    HAL_CAN_TxMailbox0AbortCallback          0x0800123d   Thumb Code     2  stm32f1xx_hal_can.o(i.HAL_CAN_TxMailbox0AbortCallback)
    HAL_CAN_TxMailbox0CompleteCallback       0x0800123f   Thumb Code     2  stm32f1xx_hal_can.o(i.HAL_CAN_TxMailbox0CompleteCallback)
    HAL_CAN_TxMailbox1AbortCallback          0x08001241   Thumb Code     2  stm32f1xx_hal_can.o(i.HAL_CAN_TxMailbox1AbortCallback)
    HAL_CAN_TxMailbox1CompleteCallback       0x08001243   Thumb Code     2  stm32f1xx_hal_can.o(i.HAL_CAN_TxMailbox1CompleteCallback)
    HAL_CAN_TxMailbox2AbortCallback          0x08001245   Thumb Code     2  stm32f1xx_hal_can.o(i.HAL_CAN_TxMailbox2AbortCallback)
    HAL_CAN_TxMailbox2CompleteCallback       0x08001247   Thumb Code     2  stm32f1xx_hal_can.o(i.HAL_CAN_TxMailbox2CompleteCallback)
    HAL_CAN_WakeUpFromRxMsgCallback          0x08001249   Thumb Code     2  stm32f1xx_hal_can.o(i.HAL_CAN_WakeUpFromRxMsgCallback)
    HAL_Delay                                0x0800124d   Thumb Code    32  stm32f1xx_hal.o(i.HAL_Delay)
    HAL_GPIO_EXTI_Callback                   0x08001271   Thumb Code    58  main.o(i.HAL_GPIO_EXTI_Callback)
    HAL_GPIO_EXTI_IRQHandler                 0x080012b5   Thumb Code    18  stm32f1xx_hal_gpio.o(i.HAL_GPIO_EXTI_IRQHandler)
    HAL_GPIO_Init                            0x080012cd   Thumb Code   426  stm32f1xx_hal_gpio.o(i.HAL_GPIO_Init)
    HAL_GPIO_ReadPin                         0x08001499   Thumb Code    10  stm32f1xx_hal_gpio.o(i.HAL_GPIO_ReadPin)
    HAL_GPIO_WritePin                        0x080014a3   Thumb Code    10  stm32f1xx_hal_gpio.o(i.HAL_GPIO_WritePin)
    HAL_GetTick                              0x080014ad   Thumb Code     6  stm32f1xx_hal.o(i.HAL_GetTick)
    HAL_I2C_Init                             0x080014b9   Thumb Code   376  stm32f1xx_hal_i2c.o(i.HAL_I2C_Init)
    HAL_I2C_Master_Transmit                  0x08001641   Thumb Code   290  stm32f1xx_hal_i2c.o(i.HAL_I2C_Master_Transmit)
    HAL_I2C_Mem_Write                        0x0800176d   Thumb Code   294  stm32f1xx_hal_i2c.o(i.HAL_I2C_Mem_Write)
    HAL_I2C_MspInit                          0x0800189d   Thumb Code    82  i2c.o(i.HAL_I2C_MspInit)
    HAL_IncTick                              0x080018fd   Thumb Code    12  stm32f1xx_hal.o(i.HAL_IncTick)
    HAL_Init                                 0x0800190d   Thumb Code    32  stm32f1xx_hal.o(i.HAL_Init)
    HAL_InitTick                             0x08001931   Thumb Code    54  stm32f1xx_hal.o(i.HAL_InitTick)
    HAL_MspInit                              0x08001971   Thumb Code    52  stm32f1xx_hal_msp.o(i.HAL_MspInit)
    HAL_NVIC_EnableIRQ                       0x080019ad   Thumb Code    26  stm32f1xx_hal_cortex.o(i.HAL_NVIC_EnableIRQ)
    HAL_NVIC_SetPriority                     0x080019c9   Thumb Code    60  stm32f1xx_hal_cortex.o(i.HAL_NVIC_SetPriority)
    HAL_NVIC_SetPriorityGrouping             0x08001a09   Thumb Code    26  stm32f1xx_hal_cortex.o(i.HAL_NVIC_SetPriorityGrouping)
    HAL_PWR_EnableBkUpAccess                 0x08001a2d   Thumb Code     8  stm32f1xx_hal_pwr.o(i.HAL_PWR_EnableBkUpAccess)
    HAL_RCCEx_GetPeriphCLKFreq               0x08001a39   Thumb Code   164  stm32f1xx_hal_rcc_ex.o(i.HAL_RCCEx_GetPeriphCLKFreq)
    HAL_RCCEx_PeriphCLKConfig                0x08001afd   Thumb Code   220  stm32f1xx_hal_rcc_ex.o(i.HAL_RCCEx_PeriphCLKConfig)
    HAL_RCC_ClockConfig                      0x08001be5   Thumb Code   292  stm32f1xx_hal_rcc.o(i.HAL_RCC_ClockConfig)
    HAL_RCC_GetPCLK1Freq                     0x08001d1d   Thumb Code    20  stm32f1xx_hal_rcc.o(i.HAL_RCC_GetPCLK1Freq)
    HAL_RCC_GetPCLK2Freq                     0x08001d3d   Thumb Code    20  stm32f1xx_hal_rcc.o(i.HAL_RCC_GetPCLK2Freq)
    HAL_RCC_GetSysClockFreq                  0x08001d5d   Thumb Code    74  stm32f1xx_hal_rcc.o(i.HAL_RCC_GetSysClockFreq)
    HAL_RCC_OscConfig                        0x08001dc9   Thumb Code   770  stm32f1xx_hal_rcc.o(i.HAL_RCC_OscConfig)
    HAL_RTC_GetDate                          0x080020e1   Thumb Code    78  stm32f1xx_hal_rtc.o(i.HAL_RTC_GetDate)
    HAL_RTC_GetTime                          0x0800212f   Thumb Code   216  stm32f1xx_hal_rtc.o(i.HAL_RTC_GetTime)
    HAL_RTC_Init                             0x08002209   Thumb Code   154  stm32f1xx_hal_rtc.o(i.HAL_RTC_Init)
    HAL_RTC_MspInit                          0x080022a9   Thumb Code    40  rtc.o(i.HAL_RTC_MspInit)
    HAL_RTC_SetDate                          0x080022dd   Thumb Code   192  stm32f1xx_hal_rtc.o(i.HAL_RTC_SetDate)
    HAL_RTC_SetTime                          0x080023a1   Thumb Code   170  stm32f1xx_hal_rtc.o(i.HAL_RTC_SetTime)
    HAL_RTC_WaitForSynchro                   0x08002451   Thumb Code    58  stm32f1xx_hal_rtc.o(i.HAL_RTC_WaitForSynchro)
    HAL_SYSTICK_Config                       0x0800248b   Thumb Code    40  stm32f1xx_hal_cortex.o(i.HAL_SYSTICK_Config)
    HAL_TIMEx_BreakCallback                  0x080024b3   Thumb Code     2  stm32f1xx_hal_tim_ex.o(i.HAL_TIMEx_BreakCallback)
    HAL_TIMEx_CommutCallback                 0x080024b5   Thumb Code     2  stm32f1xx_hal_tim_ex.o(i.HAL_TIMEx_CommutCallback)
    HAL_TIMEx_MasterConfigSynchronization    0x080024b9   Thumb Code    92  stm32f1xx_hal_tim_ex.o(i.HAL_TIMEx_MasterConfigSynchronization)
    HAL_TIM_Base_Init                        0x08002521   Thumb Code    90  stm32f1xx_hal_tim.o(i.HAL_TIM_Base_Init)
    HAL_TIM_Base_MspInit                     0x0800257d   Thumb Code    72  tim.o(i.HAL_TIM_Base_MspInit)
    HAL_TIM_Base_Start_IT                    0x080025d1   Thumb Code    76  stm32f1xx_hal_tim.o(i.HAL_TIM_Base_Start_IT)
    HAL_TIM_ConfigClockSource                0x08002629   Thumb Code   214  stm32f1xx_hal_tim.o(i.HAL_TIM_ConfigClockSource)
    HAL_TIM_IC_CaptureCallback               0x080026ff   Thumb Code     2  stm32f1xx_hal_tim.o(i.HAL_TIM_IC_CaptureCallback)
    HAL_TIM_IRQHandler                       0x08002701   Thumb Code   358  stm32f1xx_hal_tim.o(i.HAL_TIM_IRQHandler)
    HAL_TIM_MspPostInit                      0x08002869   Thumb Code    64  tim.o(i.HAL_TIM_MspPostInit)
    HAL_TIM_OC_DelayElapsedCallback          0x080028b5   Thumb Code     2  stm32f1xx_hal_tim.o(i.HAL_TIM_OC_DelayElapsedCallback)
    HAL_TIM_PWM_ConfigChannel                0x080028b7   Thumb Code   198  stm32f1xx_hal_tim.o(i.HAL_TIM_PWM_ConfigChannel)
    HAL_TIM_PWM_Init                         0x0800297d   Thumb Code    90  stm32f1xx_hal_tim.o(i.HAL_TIM_PWM_Init)
    HAL_TIM_PWM_MspInit                      0x080029d7   Thumb Code     2  stm32f1xx_hal_tim.o(i.HAL_TIM_PWM_MspInit)
    HAL_TIM_PWM_PulseFinishedCallback        0x080029d9   Thumb Code     2  stm32f1xx_hal_tim.o(i.HAL_TIM_PWM_PulseFinishedCallback)
    HAL_TIM_PWM_Start                        0x080029dd   Thumb Code   148  stm32f1xx_hal_tim.o(i.HAL_TIM_PWM_Start)
    HAL_TIM_PWM_Stop                         0x08002a7d   Thumb Code   108  stm32f1xx_hal_tim.o(i.HAL_TIM_PWM_Stop)
    HAL_TIM_PeriodElapsedCallback            0x08002aed   Thumb Code    54  main.o(i.HAL_TIM_PeriodElapsedCallback)
    HAL_TIM_TriggerCallback                  0x08002b29   Thumb Code     2  stm32f1xx_hal_tim.o(i.HAL_TIM_TriggerCallback)
    HAL_UART_Init                            0x08002b2b   Thumb Code    98  stm32f1xx_hal_uart.o(i.HAL_UART_Init)
    HAL_UART_MspInit                         0x08002b8d   Thumb Code   100  usart.o(i.HAL_UART_MspInit)
    HAL_UART_Transmit                        0x08002bfd   Thumb Code   176  stm32f1xx_hal_uart.o(i.HAL_UART_Transmit)
    HardFault_Handler                        0x08002cad   Thumb Code     2  stm32f1xx_it.o(i.HardFault_Handler)
    LCD_command                              0x08002fb9   Thumb Code    32  i2c_1602.o(i.LCD_command)
    LCD_data                                 0x08002fe1   Thumb Code    32  i2c_1602.o(i.LCD_data)
    MX_CAN_Init                              0x08003009   Thumb Code    62  can.o(i.MX_CAN_Init)
    MX_GPIO_Init                             0x08003051   Thumb Code   308  gpio.o(i.MX_GPIO_Init)
    MX_I2C2_Init                             0x08003199   Thumb Code    50  i2c.o(i.MX_I2C2_Init)
    MX_RTC_Init                              0x080031d9   Thumb Code   100  rtc.o(i.MX_RTC_Init)
    MX_TIM1_Init                             0x08003245   Thumb Code    98  tim.o(i.MX_TIM1_Init)
    MX_TIM4_Init                             0x080032b1   Thumb Code   148  tim.o(i.MX_TIM4_Init)
    MX_USART1_UART_Init                      0x0800334d   Thumb Code    48  usart.o(i.MX_USART1_UART_Init)
    MemManage_Handler                        0x08003385   Thumb Code     2  stm32f1xx_it.o(i.MemManage_Handler)
    NMI_Handler                              0x08003387   Thumb Code     2  stm32f1xx_it.o(i.NMI_Handler)
    PendSV_Handler                           0x08003389   Thumb Code     2  stm32f1xx_it.o(i.PendSV_Handler)
    RTC_Set_Date                             0x080034f9   Thumb Code    30  rtc.o(i.RTC_Set_Date)
    RTC_Set_Time                             0x0800351d   Thumb Code    26  rtc.o(i.RTC_Set_Time)
    SVC_Handler                              0x080035e3   Thumb Code     2  stm32f1xx_it.o(i.SVC_Handler)
    SysTick_Handler                          0x080035e5   Thumb Code     4  stm32f1xx_it.o(i.SysTick_Handler)
    SystemClock_Config                       0x080035e9   Thumb Code   130  main.o(i.SystemClock_Config)
    SystemInit                               0x0800366b   Thumb Code     2  system_stm32f1xx.o(i.SystemInit)
    TIM1_UP_IRQHandler                       0x0800366d   Thumb Code     6  stm32f1xx_it.o(i.TIM1_UP_IRQHandler)
    TIM_Base_SetConfig                       0x08003679   Thumb Code    94  stm32f1xx_hal_tim.o(i.TIM_Base_SetConfig)
    TIM_CCxChannelCmd                        0x080036e5   Thumb Code    26  stm32f1xx_hal_tim.o(i.TIM_CCxChannelCmd)
    TIM_ETR_SetConfig                        0x080036ff   Thumb Code    20  stm32f1xx_hal_tim.o(i.TIM_ETR_SetConfig)
    TIM_OC2_SetConfig                        0x0800377d   Thumb Code    86  stm32f1xx_hal_tim.o(i.TIM_OC2_SetConfig)
    USB_LP_CAN1_RX0_IRQHandler               0x080039d9   Thumb Code     6  stm32f1xx_it.o(i.USB_LP_CAN1_RX0_IRQHandler)
    UsageFault_Handler                       0x080039e5   Thumb Code     2  stm32f1xx_it.o(i.UsageFault_Handler)
    __0vsprintf                              0x080039e9   Thumb Code    30  printfa.o(i.__0vsprintf)
    __1vsprintf                              0x080039e9   Thumb Code     0  printfa.o(i.__0vsprintf)
    __2vsprintf                              0x080039e9   Thumb Code     0  printfa.o(i.__0vsprintf)
    __c89vsprintf                            0x080039e9   Thumb Code     0  printfa.o(i.__0vsprintf)
    vsprintf                                 0x080039e9   Thumb Code     0  printfa.o(i.__0vsprintf)
    __scatterload_copy                       0x08003a2d   Thumb Code    14  handlers.o(i.__scatterload_copy)
    __scatterload_null                       0x08003a3b   Thumb Code     2  handlers.o(i.__scatterload_null)
    __scatterload_zeroinit                   0x08003a3d   Thumb Code    14  handlers.o(i.__scatterload_zeroinit)
    lcd_1602_Setbacklight                    0x08004355   Thumb Code    64  i2c_1602.o(i.lcd_1602_Setbacklight)
    lcd_1602_init                            0x08004399   Thumb Code   162  i2c_1602.o(i.lcd_1602_init)
    lcd_1602_printf                          0x0800443d   Thumb Code   128  i2c_1602.o(i.lcd_1602_printf)
    main                                     0x080044c1   Thumb Code  1682  main.o(i.main)
    relay_485_OnOff                          0x08004ba1   Thumb Code    40  relay_485.o(i.relay_485_OnOff)
    relay_485_init                           0x08004bd1   Thumb Code    34  relay_485.o(i.relay_485_init)
    set_relay                                0x08004bfd   Thumb Code    48  main.o(i.set_relay)
    write9633                                0x08004c31   Thumb Code    28  i2c_1602.o(i.write9633)
    AHBPrescTable                            0x08004c50   Data          16  system_stm32f1xx.o(.constdata)
    APBPrescTable                            0x08004c60   Data           8  system_stm32f1xx.o(.constdata)
    Region$$Table$$Base                      0x08004c68   Number         0  anon$$obj.o(Region$$Table)
    Region$$Table$$Limit                     0x08004c88   Number         0  anon$$obj.o(Region$$Table)
    cabin_occ                                0x20000000   Data           1  main.o(.data)
    reflash_flag                             0x20000001   Data           1  main.o(.data)
    minute_mark                              0x20000002   Data           1  main.o(.data)
    hour_mark                                0x20000003   Data           1  main.o(.data)
    water_change_state                       0x20000004   Data           1  main.o(.data)
    CAN_command                              0x20000009   Data           1  main.o(.data)
    key                                      0x2000000a   Data           1  main.o(.data)
    sTime                                    0x2000000b   Data           3  main.o(.data)
    vent_lim                                 0x20000010   Data           4  main.o(.data)
    cyc_lim                                  0x20000014   Data           4  main.o(.data)
    layer_status                             0x2000001c   Data           4  main.o(.data)
    RGB                                      0x20000020   Data           4  main.o(.data)
    sDate                                    0x20000024   Data           4  main.o(.data)
    relay_state                              0x20000028   Data           6  main.o(.data)
    Tx_Data                                  0x20000038   Data           8  main.o(.data)
    Rx_Data                                  0x20000040   Data           8  can.o(.data)
    R                                        0x20000048   Data           1  i2c_1602.o(.data)
    G                                        0x20000049   Data           1  i2c_1602.o(.data)
    B                                        0x2000004a   Data           1  i2c_1602.o(.data)
    uwTickFreq                               0x2000004c   Data           1  stm32f1xx_hal.o(.data)
    uwTickPrio                               0x20000050   Data           4  stm32f1xx_hal.o(.data)
    uwTick                                   0x20000054   Data           4  stm32f1xx_hal.o(.data)
    SystemCoreClock                          0x20000058   Data           4  system_stm32f1xx.o(.data)
    layer_settings                           0x2000005c   Data          32  main.o(.bss)
    hcan                                     0x2000007c   Data          40  can.o(.bss)
    hi2c2                                    0x200000a4   Data          84  i2c.o(.bss)
    hrtc                                     0x200000f8   Data          20  rtc.o(.bss)
    htim1                                    0x2000010c   Data          72  tim.o(.bss)
    htim4                                    0x20000154   Data          72  tim.o(.bss)
    huart1                                   0x2000019c   Data          68  usart.o(.bss)
    LCD1602_PRINTF_Buffer                    0x200001e0   Data         200  i2c_1602.o(.bss)
    __initial_sp                             0x200006a8   Data           0  startup_stm32f103xb.o(STACK)



==============================================================================

Memory Map of the image

  Image Entry point : 0x080000ed

  Load Region LR_IROM1 (Base: 0x08000000, Size: 0x00004ce4, Max: 0x00010000, ABSOLUTE)

    Execution Region ER_IROM1 (Exec base: 0x08000000, Load base: 0x08000000, Size: 0x00004c88, Max: 0x00010000, ABSOLUTE)

    Exec Addr    Load Addr    Size         Type   Attr      Idx    E Section Name        Object

    0x08000000   0x08000000   0x000000ec   Data   RO            3    RESET               startup_stm32f103xb.o
    0x080000ec   0x080000ec   0x00000000   Code   RO         4138  * .ARM.Collect$$$$00000000  mc_w.l(entry.o)
    0x080000ec   0x080000ec   0x00000004   Code   RO         4183    .ARM.Collect$$$$00000001  mc_w.l(entry2.o)
    0x080000f0   0x080000f0   0x00000004   Code   RO         4186    .ARM.Collect$$$$00000004  mc_w.l(entry5.o)
    0x080000f4   0x080000f4   0x00000000   Code   RO         4188    .ARM.Collect$$$$00000008  mc_w.l(entry7b.o)
    0x080000f4   0x080000f4   0x00000000   Code   RO         4190    .ARM.Collect$$$$0000000A  mc_w.l(entry8b.o)
    0x080000f4   0x080000f4   0x00000008   Code   RO         4191    .ARM.Collect$$$$0000000B  mc_w.l(entry9a.o)
    0x080000fc   0x080000fc   0x00000000   Code   RO         4193    .ARM.Collect$$$$0000000D  mc_w.l(entry10a.o)
    0x080000fc   0x080000fc   0x00000000   Code   RO         4195    .ARM.Collect$$$$0000000F  mc_w.l(entry11a.o)
    0x080000fc   0x080000fc   0x00000004   Code   RO         4184    .ARM.Collect$$$$00002712  mc_w.l(entry2.o)
    0x08000100   0x08000100   0x00000024   Code   RO            4    .text               startup_stm32f103xb.o
    0x08000124   0x08000124   0x00000062   Code   RO         4141    .text               mc_w.l(uldiv.o)
    0x08000186   0x08000186   0x00000020   Code   RO         4143    .text               mc_w.l(llushr.o)
    0x080001a6   0x080001a6   0x00000024   Code   RO         4145    .text               mc_w.l(memseta.o)
    0x080001ca   0x080001ca   0x0000000e   Code   RO         4147    .text               mc_w.l(strlen.o)
    0x080001d8   0x080001d8   0x000000e4   Code   RO         4177    .text               mf_w.l(dmul.o)
    0x080002bc   0x080002bc   0x00000022   Code   RO         4179    .text               mf_w.l(dflti.o)
    0x080002de   0x080002de   0x0000003e   Code   RO         4181    .text               mf_w.l(dfixi.o)
    0x0800031c   0x0800031c   0x0000002c   Code   RO         4200    .text               mc_w.l(uidiv.o)
    0x08000348   0x08000348   0x0000001e   Code   RO         4202    .text               mc_w.l(llshl.o)
    0x08000366   0x08000366   0x00000000   Code   RO         4204    .text               mc_w.l(iusefp.o)
    0x08000366   0x08000366   0x000000ba   Code   RO         4205    .text               mf_w.l(depilogue.o)
    0x08000420   0x08000420   0x0000014e   Code   RO         4207    .text               mf_w.l(dadd.o)
    0x0800056e   0x0800056e   0x000000de   Code   RO         4209    .text               mf_w.l(ddiv.o)
    0x0800064c   0x0800064c   0x00000030   Code   RO         4211    .text               mf_w.l(dfixul.o)
    0x0800067c   0x0800067c   0x00000030   Code   RO         4213    .text               mf_w.l(cdrcmple.o)
    0x080006ac   0x080006ac   0x00000024   Code   RO         4215    .text               mc_w.l(init.o)
    0x080006d0   0x080006d0   0x00000024   Code   RO         4218    .text               mc_w.l(llsshr.o)
    0x080006f4   0x080006f4   0x00000002   Code   RO          492    i.BusFault_Handler  stm32f1xx_it.o
    0x080006f6   0x080006f6   0x00000002   PAD
    0x080006f8   0x080006f8   0x0000005c   Code   RO          233    i.CAN1_IDMASKConfig  can.o
    0x08000754   0x08000754   0x00000054   Code   RO          234    i.Can_TxMessage     can.o
    0x080007a8   0x080007a8   0x0000006c   Code   RO          754    i.DS18B20_Check     ds18b20.o
    0x08000814   0x08000814   0x0000005c   Code   RO          755    i.DS18B20_Get_Temp  ds18b20.o
    0x08000870   0x08000870   0x0000000e   Code   RO          756    i.DS18B20_Init      ds18b20.o
    0x0800087e   0x0800087e   0x00000002   PAD
    0x08000880   0x08000880   0x00000068   Code   RO          757    i.DS18B20_Read_Bit  ds18b20.o
    0x080008e8   0x080008e8   0x0000001e   Code   RO          758    i.DS18B20_Read_Byte  ds18b20.o
    0x08000906   0x08000906   0x00000002   PAD
    0x08000908   0x08000908   0x00000044   Code   RO          759    i.DS18B20_Rst       ds18b20.o
    0x0800094c   0x0800094c   0x0000001a   Code   RO          760    i.DS18B20_Start     ds18b20.o
    0x08000966   0x08000966   0x00000002   PAD
    0x08000968   0x08000968   0x00000074   Code   RO          761    i.DS18B20_Write_Byte  ds18b20.o
    0x080009dc   0x080009dc   0x00000002   Code   RO          493    i.DebugMon_Handler  stm32f1xx_it.o
    0x080009de   0x080009de   0x00000018   Code   RO          622    i.Disp_XY           i2c_1602.o
    0x080009f6   0x080009f6   0x00000006   Code   RO          494    i.EXTI3_IRQHandler  stm32f1xx_it.o
    0x080009fc   0x080009fc   0x00000006   Code   RO          495    i.EXTI4_IRQHandler  stm32f1xx_it.o
    0x08000a02   0x08000a02   0x00000006   Code   RO          496    i.EXTI9_5_IRQHandler  stm32f1xx_it.o
    0x08000a08   0x08000a08   0x00000004   Code   RO           13    i.Error_Handler     main.o
    0x08000a0c   0x08000a0c   0x00000024   Code   RO          861    i.HAL_CAN_ActivateNotification  stm32f1xx_hal_can.o
    0x08000a30   0x08000a30   0x000000c8   Code   RO          862    i.HAL_CAN_AddTxMessage  stm32f1xx_hal_can.o
    0x08000af8   0x08000af8   0x000000ec   Code   RO          863    i.HAL_CAN_ConfigFilter  stm32f1xx_hal_can.o
    0x08000be4   0x08000be4   0x00000002   Code   RO          866    i.HAL_CAN_ErrorCallback  stm32f1xx_hal_can.o
    0x08000be6   0x08000be6   0x000000e8   Code   RO          869    i.HAL_CAN_GetRxMessage  stm32f1xx_hal_can.o
    0x08000cce   0x08000cce   0x0000002c   Code   RO          871    i.HAL_CAN_GetTxMailboxesFreeLevel  stm32f1xx_hal_can.o
    0x08000cfa   0x08000cfa   0x000001fc   Code   RO          873    i.HAL_CAN_IRQHandler  stm32f1xx_hal_can.o
    0x08000ef6   0x08000ef6   0x0000011a   Code   RO          874    i.HAL_CAN_Init      stm32f1xx_hal_can.o
    0x08001010   0x08001010   0x0000007c   Code   RO          236    i.HAL_CAN_MspInit   can.o
    0x0800108c   0x0800108c   0x00000002   Code   RO          881    i.HAL_CAN_RxFifo0FullCallback  stm32f1xx_hal_can.o
    0x0800108e   0x0800108e   0x00000002   PAD
    0x08001090   0x08001090   0x00000150   Code   RO          237    i.HAL_CAN_RxFifo0MsgPendingCallback  can.o
    0x080011e0   0x080011e0   0x00000002   Code   RO          883    i.HAL_CAN_RxFifo1FullCallback  stm32f1xx_hal_can.o
    0x080011e2   0x080011e2   0x00000002   Code   RO          884    i.HAL_CAN_RxFifo1MsgPendingCallback  stm32f1xx_hal_can.o
    0x080011e4   0x080011e4   0x00000002   Code   RO          885    i.HAL_CAN_SleepCallback  stm32f1xx_hal_can.o
    0x080011e6   0x080011e6   0x00000056   Code   RO          886    i.HAL_CAN_Start     stm32f1xx_hal_can.o
    0x0800123c   0x0800123c   0x00000002   Code   RO          888    i.HAL_CAN_TxMailbox0AbortCallback  stm32f1xx_hal_can.o
    0x0800123e   0x0800123e   0x00000002   Code   RO          889    i.HAL_CAN_TxMailbox0CompleteCallback  stm32f1xx_hal_can.o
    0x08001240   0x08001240   0x00000002   Code   RO          890    i.HAL_CAN_TxMailbox1AbortCallback  stm32f1xx_hal_can.o
    0x08001242   0x08001242   0x00000002   Code   RO          891    i.HAL_CAN_TxMailbox1CompleteCallback  stm32f1xx_hal_can.o
    0x08001244   0x08001244   0x00000002   Code   RO          892    i.HAL_CAN_TxMailbox2AbortCallback  stm32f1xx_hal_can.o
    0x08001246   0x08001246   0x00000002   Code   RO          893    i.HAL_CAN_TxMailbox2CompleteCallback  stm32f1xx_hal_can.o
    0x08001248   0x08001248   0x00000002   Code   RO          895    i.HAL_CAN_WakeUpFromRxMsgCallback  stm32f1xx_hal_can.o
    0x0800124a   0x0800124a   0x00000002   PAD
    0x0800124c   0x0800124c   0x00000024   Code   RO         1101    i.HAL_Delay         stm32f1xx_hal.o
    0x08001270   0x08001270   0x00000044   Code   RO           14    i.HAL_GPIO_EXTI_Callback  main.o
    0x080012b4   0x080012b4   0x00000018   Code   RO         1408    i.HAL_GPIO_EXTI_IRQHandler  stm32f1xx_hal_gpio.o
    0x080012cc   0x080012cc   0x000001cc   Code   RO         1409    i.HAL_GPIO_Init     stm32f1xx_hal_gpio.o
    0x08001498   0x08001498   0x0000000a   Code   RO         1411    i.HAL_GPIO_ReadPin  stm32f1xx_hal_gpio.o
    0x080014a2   0x080014a2   0x0000000a   Code   RO         1413    i.HAL_GPIO_WritePin  stm32f1xx_hal_gpio.o
    0x080014ac   0x080014ac   0x0000000c   Code   RO         1105    i.HAL_GetTick       stm32f1xx_hal.o
    0x080014b8   0x080014b8   0x00000188   Code   RO         2080    i.HAL_I2C_Init      stm32f1xx_hal_i2c.o
    0x08001640   0x08001640   0x0000012c   Code   RO         2093    i.HAL_I2C_Master_Transmit  stm32f1xx_hal_i2c.o
    0x0800176c   0x0800176c   0x00000130   Code   RO         2101    i.HAL_I2C_Mem_Write  stm32f1xx_hal_i2c.o
    0x0800189c   0x0800189c   0x00000060   Code   RO          301    i.HAL_I2C_MspInit   i2c.o
    0x080018fc   0x080018fc   0x00000010   Code   RO         1111    i.HAL_IncTick       stm32f1xx_hal.o
    0x0800190c   0x0800190c   0x00000024   Code   RO         1112    i.HAL_Init          stm32f1xx_hal.o
    0x08001930   0x08001930   0x00000040   Code   RO         1113    i.HAL_InitTick      stm32f1xx_hal.o
    0x08001970   0x08001970   0x0000003c   Code   RO          598    i.HAL_MspInit       stm32f1xx_hal_msp.o
    0x080019ac   0x080019ac   0x0000001a   Code   RO         1569    i.HAL_NVIC_EnableIRQ  stm32f1xx_hal_cortex.o
    0x080019c6   0x080019c6   0x00000002   PAD
    0x080019c8   0x080019c8   0x00000040   Code   RO         1575    i.HAL_NVIC_SetPriority  stm32f1xx_hal_cortex.o
    0x08001a08   0x08001a08   0x00000024   Code   RO         1576    i.HAL_NVIC_SetPriorityGrouping  stm32f1xx_hal_cortex.o
    0x08001a2c   0x08001a2c   0x0000000c   Code   RO         1691    i.HAL_PWR_EnableBkUpAccess  stm32f1xx_hal_pwr.o
    0x08001a38   0x08001a38   0x000000c4   Code   RO         1371    i.HAL_RCCEx_GetPeriphCLKFreq  stm32f1xx_hal_rcc_ex.o
    0x08001afc   0x08001afc   0x000000e8   Code   RO         1372    i.HAL_RCCEx_PeriphCLKConfig  stm32f1xx_hal_rcc_ex.o
    0x08001be4   0x08001be4   0x00000138   Code   RO         1269    i.HAL_RCC_ClockConfig  stm32f1xx_hal_rcc.o
    0x08001d1c   0x08001d1c   0x00000020   Code   RO         1276    i.HAL_RCC_GetPCLK1Freq  stm32f1xx_hal_rcc.o
    0x08001d3c   0x08001d3c   0x00000020   Code   RO         1277    i.HAL_RCC_GetPCLK2Freq  stm32f1xx_hal_rcc.o
    0x08001d5c   0x08001d5c   0x0000006c   Code   RO         1278    i.HAL_RCC_GetSysClockFreq  stm32f1xx_hal_rcc.o
    0x08001dc8   0x08001dc8   0x00000318   Code   RO         1281    i.HAL_RCC_OscConfig  stm32f1xx_hal_rcc.o
    0x080020e0   0x080020e0   0x0000004e   Code   RO         2506    i.HAL_RTC_GetDate   stm32f1xx_hal_rtc.o
    0x0800212e   0x0800212e   0x000000d8   Code   RO         2508    i.HAL_RTC_GetTime   stm32f1xx_hal_rtc.o
    0x08002206   0x08002206   0x00000002   PAD
    0x08002208   0x08002208   0x000000a0   Code   RO         2509    i.HAL_RTC_Init      stm32f1xx_hal_rtc.o
    0x080022a8   0x080022a8   0x00000034   Code   RO          343    i.HAL_RTC_MspInit   rtc.o
    0x080022dc   0x080022dc   0x000000c4   Code   RO         2515    i.HAL_RTC_SetDate   stm32f1xx_hal_rtc.o
    0x080023a0   0x080023a0   0x000000b0   Code   RO         2516    i.HAL_RTC_SetTime   stm32f1xx_hal_rtc.o
    0x08002450   0x08002450   0x0000003a   Code   RO         2517    i.HAL_RTC_WaitForSynchro  stm32f1xx_hal_rtc.o
    0x0800248a   0x0800248a   0x00000028   Code   RO         1580    i.HAL_SYSTICK_Config  stm32f1xx_hal_cortex.o
    0x080024b2   0x080024b2   0x00000002   Code   RO         3479    i.HAL_TIMEx_BreakCallback  stm32f1xx_hal_tim_ex.o
    0x080024b4   0x080024b4   0x00000002   Code   RO         3480    i.HAL_TIMEx_CommutCallback  stm32f1xx_hal_tim_ex.o
    0x080024b6   0x080024b6   0x00000002   PAD
    0x080024b8   0x080024b8   0x00000068   Code   RO         3498    i.HAL_TIMEx_MasterConfigSynchronization  stm32f1xx_hal_tim_ex.o
    0x08002520   0x08002520   0x0000005a   Code   RO         2775    i.HAL_TIM_Base_Init  stm32f1xx_hal_tim.o
    0x0800257a   0x0800257a   0x00000002   PAD
    0x0800257c   0x0800257c   0x00000054   Code   RO          397    i.HAL_TIM_Base_MspInit  tim.o
    0x080025d0   0x080025d0   0x00000058   Code   RO         2780    i.HAL_TIM_Base_Start_IT  stm32f1xx_hal_tim.o
    0x08002628   0x08002628   0x000000d6   Code   RO         2784    i.HAL_TIM_ConfigClockSource  stm32f1xx_hal_tim.o
    0x080026fe   0x080026fe   0x00000002   Code   RO         2809    i.HAL_TIM_IC_CaptureCallback  stm32f1xx_hal_tim.o
    0x08002700   0x08002700   0x00000166   Code   RO         2823    i.HAL_TIM_IRQHandler  stm32f1xx_hal_tim.o
    0x08002866   0x08002866   0x00000002   PAD
    0x08002868   0x08002868   0x0000004c   Code   RO          398    i.HAL_TIM_MspPostInit  tim.o
    0x080028b4   0x080028b4   0x00000002   Code   RO         2826    i.HAL_TIM_OC_DelayElapsedCallback  stm32f1xx_hal_tim.o
    0x080028b6   0x080028b6   0x000000c6   Code   RO         2847    i.HAL_TIM_PWM_ConfigChannel  stm32f1xx_hal_tim.o
    0x0800297c   0x0800297c   0x0000005a   Code   RO         2850    i.HAL_TIM_PWM_Init  stm32f1xx_hal_tim.o
    0x080029d6   0x080029d6   0x00000002   Code   RO         2852    i.HAL_TIM_PWM_MspInit  stm32f1xx_hal_tim.o
    0x080029d8   0x080029d8   0x00000002   Code   RO         2853    i.HAL_TIM_PWM_PulseFinishedCallback  stm32f1xx_hal_tim.o
    0x080029da   0x080029da   0x00000002   PAD
    0x080029dc   0x080029dc   0x000000a0   Code   RO         2855    i.HAL_TIM_PWM_Start  stm32f1xx_hal_tim.o
    0x08002a7c   0x08002a7c   0x00000070   Code   RO         2858    i.HAL_TIM_PWM_Stop  stm32f1xx_hal_tim.o
    0x08002aec   0x08002aec   0x0000003c   Code   RO           15    i.HAL_TIM_PeriodElapsedCallback  main.o
    0x08002b28   0x08002b28   0x00000002   Code   RO         2866    i.HAL_TIM_TriggerCallback  stm32f1xx_hal_tim.o
    0x08002b2a   0x08002b2a   0x00000062   Code   RO         3775    i.HAL_UART_Init     stm32f1xx_hal_uart.o
    0x08002b8c   0x08002b8c   0x00000070   Code   RO          451    i.HAL_UART_MspInit  usart.o
    0x08002bfc   0x08002bfc   0x000000b0   Code   RO         3783    i.HAL_UART_Transmit  stm32f1xx_hal_uart.o
    0x08002cac   0x08002cac   0x00000002   Code   RO          497    i.HardFault_Handler  stm32f1xx_it.o
    0x08002cae   0x08002cae   0x0000002e   Code   RO         2122    i.I2C_IsAcknowledgeFailed  stm32f1xx_hal_i2c.o
    0x08002cdc   0x08002cdc   0x0000009c   Code   RO         2126    i.I2C_MasterRequestWrite  stm32f1xx_hal_i2c.o
    0x08002d78   0x08002d78   0x000000a8   Code   RO         2133    i.I2C_RequestMemoryWrite  stm32f1xx_hal_i2c.o
    0x08002e20   0x08002e20   0x0000004c   Code   RO         2137    i.I2C_WaitOnBTFFlagUntilTimeout  stm32f1xx_hal_i2c.o
    0x08002e6c   0x08002e6c   0x00000068   Code   RO         2138    i.I2C_WaitOnFlagUntilTimeout  stm32f1xx_hal_i2c.o
    0x08002ed4   0x08002ed4   0x00000098   Code   RO         2139    i.I2C_WaitOnMasterAddressFlagUntilTimeout  stm32f1xx_hal_i2c.o
    0x08002f6c   0x08002f6c   0x0000004c   Code   RO         2141    i.I2C_WaitOnTXEFlagUntilTimeout  stm32f1xx_hal_i2c.o
    0x08002fb8   0x08002fb8   0x00000028   Code   RO          623    i.LCD_command       i2c_1602.o
    0x08002fe0   0x08002fe0   0x00000028   Code   RO          624    i.LCD_data          i2c_1602.o
    0x08003008   0x08003008   0x00000048   Code   RO          238    i.MX_CAN_Init       can.o
    0x08003050   0x08003050   0x00000148   Code   RO          208    i.MX_GPIO_Init      gpio.o
    0x08003198   0x08003198   0x00000040   Code   RO          302    i.MX_I2C2_Init      i2c.o
    0x080031d8   0x080031d8   0x0000006c   Code   RO          344    i.MX_RTC_Init       rtc.o
    0x08003244   0x08003244   0x0000006c   Code   RO          399    i.MX_TIM1_Init      tim.o
    0x080032b0   0x080032b0   0x0000009c   Code   RO          400    i.MX_TIM4_Init      tim.o
    0x0800334c   0x0800334c   0x00000038   Code   RO          452    i.MX_USART1_UART_Init  usart.o
    0x08003384   0x08003384   0x00000002   Code   RO          498    i.MemManage_Handler  stm32f1xx_it.o
    0x08003386   0x08003386   0x00000002   Code   RO          499    i.NMI_Handler       stm32f1xx_it.o
    0x08003388   0x08003388   0x00000002   Code   RO          500    i.PendSV_Handler    stm32f1xx_it.o
    0x0800338a   0x0800338a   0x00000012   Code   RO         2518    i.RTC_Bcd2ToByte    stm32f1xx_hal_rtc.o
    0x0800339c   0x0800339c   0x00000016   Code   RO         2519    i.RTC_ByteToBcd2    stm32f1xx_hal_rtc.o
    0x080033b2   0x080033b2   0x000000ae   Code   RO         2520    i.RTC_DateUpdate    stm32f1xx_hal_rtc.o
    0x08003460   0x08003460   0x00000034   Code   RO         2521    i.RTC_EnterInitMode  stm32f1xx_hal_rtc.o
    0x08003494   0x08003494   0x00000034   Code   RO         2522    i.RTC_ExitInitMode  stm32f1xx_hal_rtc.o
    0x080034c8   0x080034c8   0x0000000e   Code   RO         2523    i.RTC_ReadAlarmCounter  stm32f1xx_hal_rtc.o
    0x080034d6   0x080034d6   0x00000020   Code   RO         2524    i.RTC_ReadTimeCounter  stm32f1xx_hal_rtc.o
    0x080034f6   0x080034f6   0x00000002   PAD
    0x080034f8   0x080034f8   0x00000024   Code   RO          345    i.RTC_Set_Date      rtc.o
    0x0800351c   0x0800351c   0x00000020   Code   RO          346    i.RTC_Set_Time      rtc.o
    0x0800353c   0x0800353c   0x00000056   Code   RO         2525    i.RTC_WeekDayNum    stm32f1xx_hal_rtc.o
    0x08003592   0x08003592   0x00000028   Code   RO         2526    i.RTC_WriteAlarmCounter  stm32f1xx_hal_rtc.o
    0x080035ba   0x080035ba   0x00000028   Code   RO         2527    i.RTC_WriteTimeCounter  stm32f1xx_hal_rtc.o
    0x080035e2   0x080035e2   0x00000002   Code   RO          501    i.SVC_Handler       stm32f1xx_it.o
    0x080035e4   0x080035e4   0x00000004   Code   RO          502    i.SysTick_Handler   stm32f1xx_it.o
    0x080035e8   0x080035e8   0x00000082   Code   RO           16    i.SystemClock_Config  main.o
    0x0800366a   0x0800366a   0x00000002   Code   RO         4104    i.SystemInit        system_stm32f1xx.o
    0x0800366c   0x0800366c   0x0000000c   Code   RO          503    i.TIM1_UP_IRQHandler  stm32f1xx_it.o
    0x08003678   0x08003678   0x0000006c   Code   RO         2868    i.TIM_Base_SetConfig  stm32f1xx_hal_tim.o
    0x080036e4   0x080036e4   0x0000001a   Code   RO         2869    i.TIM_CCxChannelCmd  stm32f1xx_hal_tim.o
    0x080036fe   0x080036fe   0x00000014   Code   RO         2879    i.TIM_ETR_SetConfig  stm32f1xx_hal_tim.o
    0x08003712   0x08003712   0x00000010   Code   RO         2880    i.TIM_ITRx_SetConfig  stm32f1xx_hal_tim.o
    0x08003722   0x08003722   0x00000002   PAD
    0x08003724   0x08003724   0x00000058   Code   RO         2881    i.TIM_OC1_SetConfig  stm32f1xx_hal_tim.o
    0x0800377c   0x0800377c   0x0000005c   Code   RO         2882    i.TIM_OC2_SetConfig  stm32f1xx_hal_tim.o
    0x080037d8   0x080037d8   0x00000058   Code   RO         2883    i.TIM_OC3_SetConfig  stm32f1xx_hal_tim.o
    0x08003830   0x08003830   0x00000044   Code   RO         2884    i.TIM_OC4_SetConfig  stm32f1xx_hal_tim.o
    0x08003874   0x08003874   0x00000022   Code   RO         2886    i.TIM_TI1_ConfigInputStage  stm32f1xx_hal_tim.o
    0x08003896   0x08003896   0x00000024   Code   RO         2888    i.TIM_TI2_ConfigInputStage  stm32f1xx_hal_tim.o
    0x080038ba   0x080038ba   0x00000002   PAD
    0x080038bc   0x080038bc   0x000000b8   Code   RO         3801    i.UART_SetConfig    stm32f1xx_hal_uart.o
    0x08003974   0x08003974   0x00000062   Code   RO         3804    i.UART_WaitOnFlagUntilTimeout  stm32f1xx_hal_uart.o
    0x080039d6   0x080039d6   0x00000002   PAD
    0x080039d8   0x080039d8   0x0000000c   Code   RO          504    i.USB_LP_CAN1_RX0_IRQHandler  stm32f1xx_it.o
    0x080039e4   0x080039e4   0x00000002   Code   RO          505    i.UsageFault_Handler  stm32f1xx_it.o
    0x080039e6   0x080039e6   0x00000002   PAD
    0x080039e8   0x080039e8   0x00000024   Code   RO         4156    i.__0vsprintf       mc_w.l(printfa.o)
    0x08003a0c   0x08003a0c   0x00000020   Code   RO         1582    i.__NVIC_SetPriority  stm32f1xx_hal_cortex.o
    0x08003a2c   0x08003a2c   0x0000000e   Code   RO         4223    i.__scatterload_copy  mc_w.l(handlers.o)
    0x08003a3a   0x08003a3a   0x00000002   Code   RO         4224    i.__scatterload_null  mc_w.l(handlers.o)
    0x08003a3c   0x08003a3c   0x0000000e   Code   RO         4225    i.__scatterload_zeroinit  mc_w.l(handlers.o)
    0x08003a4a   0x08003a4a   0x00000002   PAD
    0x08003a4c   0x08003a4c   0x00000184   Code   RO         4157    i._fp_digits        mc_w.l(printfa.o)
    0x08003bd0   0x08003bd0   0x000006dc   Code   RO         4158    i._printf_core      mc_w.l(printfa.o)
    0x080042ac   0x080042ac   0x00000024   Code   RO         4159    i._printf_post_padding  mc_w.l(printfa.o)
    0x080042d0   0x080042d0   0x0000002e   Code   RO         4160    i._printf_pre_padding  mc_w.l(printfa.o)
    0x080042fe   0x080042fe   0x0000000a   Code   RO         4162    i._sputc            mc_w.l(printfa.o)
    0x08004308   0x08004308   0x0000004a   Code   RO          762    i.delay_us          ds18b20.o
    0x08004352   0x08004352   0x00000002   PAD
    0x08004354   0x08004354   0x00000044   Code   RO          626    i.lcd_1602_Setbacklight  i2c_1602.o
    0x08004398   0x08004398   0x000000a2   Code   RO          627    i.lcd_1602_init     i2c_1602.o
    0x0800443a   0x0800443a   0x00000002   PAD
    0x0800443c   0x0800443c   0x00000084   Code   RO          628    i.lcd_1602_printf   i2c_1602.o
    0x080044c0   0x080044c0   0x000006e0   Code   RO           17    i.main              main.o
    0x08004ba0   0x08004ba0   0x00000030   Code   RO          699    i.relay_485_OnOff   relay_485.o
    0x08004bd0   0x08004bd0   0x0000002c   Code   RO          700    i.relay_485_init    relay_485.o
    0x08004bfc   0x08004bfc   0x00000034   Code   RO           18    i.set_relay         main.o
    0x08004c30   0x08004c30   0x00000020   Code   RO          629    i.write9633         i2c_1602.o
    0x08004c50   0x08004c50   0x00000010   Data   RO         4105    .constdata          system_stm32f1xx.o
    0x08004c60   0x08004c60   0x00000008   Data   RO         4106    .constdata          system_stm32f1xx.o
    0x08004c68   0x08004c68   0x00000020   Data   RO         4221    Region$$Table       anon$$obj.o


    Execution Region RW_IRAM1 (Exec base: 0x20000000, Load base: 0x08004c88, Size: 0x000006a8, Max: 0x00005000, ABSOLUTE)

    Exec Addr    Load Addr    Size         Type   Attr      Idx    E Section Name        Object

    0x20000000   0x08004c88   0x00000040   Data   RW           20    .data               main.o
    0x20000040   0x08004cc8   0x00000008   Data   RW          240    .data               can.o
    0x20000048   0x08004cd0   0x00000003   Data   RW          631    .data               i2c_1602.o
    0x2000004b   0x08004cd3   0x00000001   PAD
    0x2000004c   0x08004cd4   0x0000000c   Data   RW         1119    .data               stm32f1xx_hal.o
    0x20000058   0x08004ce0   0x00000004   Data   RW         4107    .data               system_stm32f1xx.o
    0x2000005c        -       0x00000020   Zero   RW           19    .bss                main.o
    0x2000007c        -       0x00000028   Zero   RW          239    .bss                can.o
    0x200000a4        -       0x00000054   Zero   RW          303    .bss                i2c.o
    0x200000f8        -       0x00000014   Zero   RW          347    .bss                rtc.o
    0x2000010c        -       0x00000090   Zero   RW          401    .bss                tim.o
    0x2000019c        -       0x00000044   Zero   RW          453    .bss                usart.o
    0x200001e0        -       0x000000c8   Zero   RW          630    .bss                i2c_1602.o
    0x200002a8        -       0x00000400   Zero   RW            1    STACK               startup_stm32f103xb.o


==============================================================================

Image component sizes


      Code (inc. data)   RO Data    RW Data    ZI Data      Debug   Object Name

       708         72          0          8         40       4488   can.o
       632         40          0          0          0       5562   ds18b20.o
       328         20          0          0          0       1023   gpio.o
       160         28          0          0         84       1585   i2c.o
       498         28          0          3        200       5485   i2c_1602.o
      2074        158          0         64         32     456084   main.o
        92         18          0          0          0       1095   relay_485.o
       228         32          0          0         20       2757   rtc.o
        36          8        236          0       1024        792   startup_stm32f103xb.o
       164         28          0         12          0       5813   stm32f1xx_hal.o
      1648          0          0          0          0      14437   stm32f1xx_hal_can.o
       198         14          0          0          0      28839   stm32f1xx_hal_cortex.o
       504         40          0          0          0       4010   stm32f1xx_hal_gpio.o
      1774         48          0          0          0      11057   stm32f1xx_hal_i2c.o
        60          8          0          0          0        858   stm32f1xx_hal_msp.o
        12          4          0          0          0        503   stm32f1xx_hal_pwr.o
      1276        100          0          0          0       5272   stm32f1xx_hal_rcc.o
       428         44          0          0          0       2585   stm32f1xx_hal_rcc_ex.o
      1414         16          0          0          0      12664   stm32f1xx_hal_rtc.o
      1896         62          0          0          0      16937   stm32f1xx_hal_tim.o
       108         12          0          0          0       2409   stm32f1xx_hal_tim_ex.o
       556          6          0          0          0       3888   stm32f1xx_hal_uart.o
        62         12          0          0          0       5907   stm32f1xx_it.o
         2          0         24          4          0       1083   system_stm32f1xx.o
       424         42          0          0        144       2949   tim.o
       168         20          0          0         68       1630   usart.o

    ----------------------------------------------------------------------
     15488        860        292         92       1612     599712   Object Totals
         0          0         32          0          0          0   (incl. Generated)
        38          0          0          1          0          0   (incl. Padding)

    ----------------------------------------------------------------------

      Code (inc. data)   RO Data    RW Data    ZI Data      Debug   Library Member Name

         0          0          0          0          0          0   entry.o
         0          0          0          0          0          0   entry10a.o
         0          0          0          0          0          0   entry11a.o
         8          4          0          0          0          0   entry2.o
         4          0          0          0          0          0   entry5.o
         0          0          0          0          0          0   entry7b.o
         0          0          0          0          0          0   entry8b.o
         8          4          0          0          0          0   entry9a.o
        30          0          0          0          0          0   handlers.o
        36          8          0          0          0         68   init.o
         0          0          0          0          0          0   iusefp.o
        30          0          0          0          0         68   llshl.o
        36          0          0          0          0         68   llsshr.o
        32          0          0          0          0         68   llushr.o
        36          0          0          0          0        108   memseta.o
      2272         86          0          0          0        516   printfa.o
        14          0          0          0          0         68   strlen.o
        44          0          0          0          0         80   uidiv.o
        98          0          0          0          0         92   uldiv.o
        48          0          0          0          0         68   cdrcmple.o
       334          0          0          0          0        148   dadd.o
       222          0          0          0          0        100   ddiv.o
       186          0          0          0          0        176   depilogue.o
        62          0          0          0          0         80   dfixi.o
        48          0          0          0          0         68   dfixul.o
        34          0          0          0          0         76   dflti.o
       228          0          0          0          0         96   dmul.o

    ----------------------------------------------------------------------
      3812        102          0          0          0       1948   Library Totals
         2          0          0          0          0          0   (incl. Padding)

    ----------------------------------------------------------------------

      Code (inc. data)   RO Data    RW Data    ZI Data      Debug   Library Name

      2648        102          0          0          0       1136   mc_w.l
      1162          0          0          0          0        812   mf_w.l

    ----------------------------------------------------------------------
      3812        102          0          0          0       1948   Library Totals

    ----------------------------------------------------------------------

==============================================================================


      Code (inc. data)   RO Data    RW Data    ZI Data      Debug   

     19300        962        292         92       1612     592868   Grand Totals
     19300        962        292         92       1612     592868   ELF Image Totals
     19300        962        292         92          0          0   ROM Totals

==============================================================================

    Total RO  Size (Code + RO Data)                19592 (  19.13kB)
    Total RW  Size (RW Data + ZI Data)              1704 (   1.66kB)
    Total ROM Size (Code + RO Data + RW Data)      19684 (  19.22kB)

==============================================================================

